Archive member included to satisfy reference by file (symbol)

/Users/elliottbeeken/Library/Application Support/Code/User/globalStorage/vexrobotics.vexcode/sdk/cpp/V5/V5_20240802_15_00_00/vexv5/libv5rt.a(v5_startup.c.obj)
                              (vexStartup)
/Users/elliottbeeken/Library/Application Support/Code/User/globalStorage/vexrobotics.vexcode/sdk/cpp/V5/V5_20240802_15_00_00/vexv5/libv5rt.a(v5_util.c.obj)
                              /Users/elliottbeeken/Library/Application Support/Code/User/globalStorage/vexrobotics.vexcode/sdk/cpp/V5/V5_20240802_15_00_00/vexv5/libv5rt.a(v5_startup.c.obj) (vexStdlibVersionLinked)
/Users/elliottbeeken/Library/Application Support/Code/User/globalStorage/vexrobotics.vexcode/sdk/cpp/V5/V5_20240802_15_00_00/vexv5/libv5rt.a(v5_apijump.c.obj)
                              /Users/elliottbeeken/Library/Application Support/Code/User/globalStorage/vexrobotics.vexcode/sdk/cpp/V5/V5_20240802_15_00_00/vexv5/libv5rt.a(v5_startup.c.obj) (vexPrivateApiEnable)
/Users/elliottbeeken/Library/Application Support/Code/User/globalStorage/vexrobotics.vexcode/sdk/cpp/V5/V5_20240802_15_00_00/vexv5/libv5rt.a(v5_apiversions.c.obj)
                              /Users/elliottbeeken/Library/Application Support/Code/User/globalStorage/vexrobotics.vexcode/sdk/cpp/V5/V5_20240802_15_00_00/vexv5/libv5rt.a(v5_apijump.c.obj) (vexSystemVersion)
/Users/elliottbeeken/Library/Application Support/Code/User/globalStorage/vexrobotics.vexcode/sdk/cpp/V5/V5_20240802_15_00_00/vexv5/libv5rt.a(vex_global.cpp.obj)
                              build/src/main.o (vex::wait(double, vex::timeUnits))
/Users/elliottbeeken/Library/Application Support/Code/User/globalStorage/vexrobotics.vexcode/sdk/cpp/V5/V5_20240802_15_00_00/vexv5/libv5rt.a(vex_motor.cpp.obj)
                              build/custom/src/robot-config.o (vex::motor::~motor())
/Users/elliottbeeken/Library/Application Support/Code/User/globalStorage/vexrobotics.vexcode/sdk/cpp/V5/V5_20240802_15_00_00/vexv5/libv5rt.a(vex_imu.cpp.obj)
                              build/custom/src/robot-config.o (vex::inertial::~inertial())
/Users/elliottbeeken/Library/Application Support/Code/User/globalStorage/vexrobotics.vexcode/sdk/cpp/V5/V5_20240802_15_00_00/vexv5/libv5rt.a(vex_rotation.cpp.obj)
                              build/custom/src/robot-config.o (vex::rotation::~rotation())
/Users/elliottbeeken/Library/Application Support/Code/User/globalStorage/vexrobotics.vexcode/sdk/cpp/V5/V5_20240802_15_00_00/vexv5/libv5rt.a(vex_optical.cpp.obj)
                              build/custom/src/robot-config.o (vex::optical::~optical())
/Users/elliottbeeken/Library/Application Support/Code/User/globalStorage/vexrobotics.vexcode/sdk/cpp/V5/V5_20240802_15_00_00/vexv5/libv5rt.a(vex_distance.cpp.obj)
                              build/custom/src/robot-config.o (vex::distance::~distance())
/Users/elliottbeeken/Library/Application Support/Code/User/globalStorage/vexrobotics.vexcode/sdk/cpp/V5/V5_20240802_15_00_00/vexv5/libv5rt.a(vex_controller.cpp.obj)
                              build/custom/src/robot-config.o (vex::controller::~controller())
/Users/elliottbeeken/Library/Application Support/Code/User/globalStorage/vexrobotics.vexcode/sdk/cpp/V5/V5_20240802_15_00_00/vexv5/libv5rt.a(vex_task.cpp.obj)
                              build/custom/src/user.o (vex::task::task())
/Users/elliottbeeken/Library/Application Support/Code/User/globalStorage/vexrobotics.vexcode/sdk/cpp/V5/V5_20240802_15_00_00/vexv5/libv5rt.a(vex_thread.cpp.obj)
                              build/custom/src/autonomous.o (vex::thread::thread(int (*)()))
/Users/elliottbeeken/Library/Application Support/Code/User/globalStorage/vexrobotics.vexcode/sdk/cpp/V5/V5_20240802_15_00_00/vexv5/libv5rt.a(vex_event.cpp.obj)
                              /Users/elliottbeeken/Library/Application Support/Code/User/globalStorage/vexrobotics.vexcode/sdk/cpp/V5/V5_20240802_15_00_00/vexv5/libv5rt.a(vex_imu.cpp.obj) (vex::event::init(unsigned long, unsigned long, void (*)()))
/Users/elliottbeeken/Library/Application Support/Code/User/globalStorage/vexrobotics.vexcode/sdk/cpp/V5/V5_20240802_15_00_00/vexv5/libv5rt.a(vex_mevent.cpp.obj)
                              /Users/elliottbeeken/Library/Application Support/Code/User/globalStorage/vexrobotics.vexcode/sdk/cpp/V5/V5_20240802_15_00_00/vexv5/libv5rt.a(vex_controller.cpp.obj) (vex::mevent::mevent(unsigned long, unsigned long))
/Users/elliottbeeken/Library/Application Support/Code/User/globalStorage/vexrobotics.vexcode/sdk/cpp/V5/V5_20240802_15_00_00/vexv5/libv5rt.a(vex_brain.cpp.obj)
                              build/src/motor-control.o (vex::brain::timer(vex::timeUnits))
/Users/elliottbeeken/Library/Application Support/Code/User/globalStorage/vexrobotics.vexcode/sdk/cpp/V5/V5_20240802_15_00_00/vexv5/libv5rt.a(vex_competition.cpp.obj)
                              build/src/main.o (vex::competition::competition())
[...]
Memory Configuration

Name             Origin             Length             Attributes
ps7_ddr_0_S_AXI_BASEADDR 0x0000000003800000 0x0000000004800000
*default*        0x0000000000000000 0xffffffffffffffff

Linker script and memory map

                0x0000000000002000                _STACK_SIZE = DEFINED (_STACK_SIZE)?_STACK_SIZE:0x2000
                0x0000000000100000                _HEAP_SIZE = DEFINED (_HEAP_SIZE)?_HEAP_SIZE:0x100000
                0x0000000000000400                _ABORT_STACK_SIZE = DEFINED (_ABORT_STACK_SIZE)?_ABORT_STACK_SIZE:0x400
                0x0000000000000800                _SUPERVISOR_STACK_SIZE = DEFINED (_SUPERVISOR_STACK_SIZE)?_SUPERVISOR_STACK_SIZE:0x800
                0x0000000000000400                _IRQ_STACK_SIZE = DEFINED (_IRQ_STACK_SIZE)?_IRQ_STACK_SIZE:0x400
                0x0000000000000400                _FIQ_STACK_SIZE = DEFINED (_FIQ_STACK_SIZE)?_FIQ_STACK_SIZE:0x400
                0x0000000000000400                _UNDEF_STACK_SIZE = DEFINED (_UNDEF_STACK_SIZE)?_UNDEF_STACK_SIZE:0x400

.text           0x0000000003800000     0x76e8
 *(.vectors)
 *(.boot_data)
 .boot_data     0x0000000003800000       0x20 /Users/elliottbeeken/Library/Application Support/Code/User/globalStorage/vexrobotics.vexcode/sdk/cpp/V5/V5_20240802_15_00_00/vexv5/libv5rt.a(v5_startup.c.obj)
                0x0000000003800000                vexCodeSig
                0x0000000000000020                . = 0x20
 *(.boot)
 .boot          0x0000000003800020       0xbc /Users/elliottbeeken/Library/Application Support/Code/User/globalStorage/vexrobotics.vexcode/sdk/cpp/V5/V5_20240802_15_00_00/vexv5/libv5rt.a(v5_startup.c.obj)
                0x0000000003800020                vexStartup
                0x0000000003800100                . = ALIGN (0x40)
 *fill*         0x00000000038000dc       0x24 
 *(.freertos_vectors)
 *(.text)
 *(.text.*)
 .text._Z10autonomousv
                0x0000000003800100        0x4 build/src/main.o
                0x0000000003800100                autonomous()
 .text._Z11usercontrolv
                0x0000000003800104        0x4 build/src/main.o
                0x0000000003800104                usercontrol()
 .text.main     0x0000000003800108       0x68 build/src/main.o
                0x0000000003800108                main
 .text._GLOBAL__sub_I_main.cpp
                0x0000000003800170       0x34 build/src/main.o
 .text._Z12driveChassisdd
                0x00000000038001a4       0x64 build/src/motor-control.o
                0x00000000038001a4                driveChassis(double, double)
 .text._Z11stopChassisN3vex9brakeTypeE
                0x0000000003800208       0x30 build/src/motor-control.o
                0x0000000003800208                stopChassis(vex::brakeType)
 .text._Z12resetChassisv
                0x0000000003800238       0x58 build/src/motor-control.o
                0x0000000003800238                resetChassis()
 .text._Z15normalizeTargetd
                0x0000000003800290      0x128 build/src/motor-control.o
                0x0000000003800290                normalizeTarget(double)
 .text._Z10scaleToMinRdS_d
                0x00000000038003b8       0xe4 build/src/motor-control.o
                0x00000000038003b8                scaleToMin(double&, double&, double)
 .text._Z10scaleToMaxRdS_d
                0x000000000380049c       0xb4 build/src/motor-control.o
                0x000000000380049c                scaleToMax(double&, double&, double)
 .text._Z11turnToAngleddbd
                0x0000000003800550      0x750 build/src/motor-control.o
                0x0000000003800550                turnToAngle(double, double, bool, double)
 .text._Z16trackNoOdomWheelv
                0x0000000003800ca0      0x1d0 build/src/motor-control.o
                0x0000000003800ca0                trackNoOdomWheel()
 .text._Z16trackXYOdomWheelv
                0x0000000003800e70      0x240 build/src/motor-control.o
                0x0000000003800e70                trackXYOdomWheel()
 .text._Z15trackXOdomWheelv
                0x00000000038010b0      0x298 build/src/motor-control.o
                0x00000000038010b0                trackXOdomWheel()
 .text._Z15trackYOdomWheelv
                0x0000000003801348      0x190 build/src/motor-control.o
                0x0000000003801348                trackYOdomWheel()
 .text._Z11moveToPointddidbdb
                0x00000000038014d8      0x850 build/src/motor-control.o
                0x00000000038014d8                moveToPoint(double, double, int, double, bool, double, bool)
 .text._Z9boomerangddidddbdb
                0x0000000003801d28      0x9c0 build/src/motor-control.o
                0x0000000003801d28                boomerang(double, double, int, double, double, double, bool, double, bool)
 .text._GLOBAL__sub_I_motor_control.cpp
                0x00000000038026e8       0x34 build/src/motor-control.o
 .text._ZN3PIDC2Eddd
                0x000000000380271c       0x98 build/src/pid.o
                0x000000000380271c                PID::PID(double, double, double)
                0x000000000380271c                PID::PID(double, double, double)
 .text._ZN3PID9setTargetEd
                0x00000000038027b4       0x10 build/src/pid.o
                0x00000000038027b4                PID::setTarget(double)
 .text._ZN3PID25setSmallBigErrorToleranceEdd
                0x00000000038027c4       0x18 build/src/pid.o
                0x00000000038027c4                PID::setSmallBigErrorTolerance(double, double)
 .text._ZN3PID14setIntegralMaxEd
                0x00000000038027dc       0x10 build/src/pid.o
                0x00000000038027dc                PID::setIntegralMax(double)
 .text._ZN3PID16setIntegralRangeEd
                0x00000000038027ec       0x10 build/src/pid.o
                0x00000000038027ec                PID::setIntegralRange(double)
 .text._ZN3PID22setDerivativeToleranceEd
                0x00000000038027fc       0x10 build/src/pid.o
                0x00000000038027fc                PID::setDerivativeTolerance(double)
 .text._ZN3PID24setSmallBigErrorDurationEdd
                0x000000000380280c       0x18 build/src/pid.o
                0x000000000380280c                PID::setSmallBigErrorDuration(double, double)
 .text._ZN3PID9setArriveEb
                0x0000000003802824        0x8 build/src/pid.o
                0x0000000003802824                PID::setArrive(bool)
 .text._ZN3PID13targetArrivedEv
                0x000000000380282c        0x8 build/src/pid.o
                0x000000000380282c                PID::targetArrived()
 .text._ZN3PID6updateEd
                0x0000000003802834      0x2ac build/src/pid.o
                0x0000000003802834                PID::update(double)
 .text._GLOBAL__sub_I_pid.cpp
                0x0000000003802ae0       0x34 build/src/pid.o
 *fill*         0x0000000003802b14        0x4 
 .text._Z8degToRadd
                0x0000000003802b18       0x30 build/src/utils.o
                0x0000000003802b18                degToRad(double)
 .text._Z8radToDegd
                0x0000000003802b48       0x30 build/src/utils.o
                0x0000000003802b48                radToDeg(double)
 .text._Z9getRadiusddddd
                0x0000000003802b78       0xc8 build/src/utils.o
                0x0000000003802b78                getRadius(double, double, double, double, double)
 .text._GLOBAL__sub_I_utils.cpp
                0x0000000003802c40       0x34 build/src/utils.o
 *fill*         0x0000000003802c74        0x4 
 .text._Z6skillsv
                0x0000000003802c78      0xc50 build/custom/src/autonomous.o
                0x0000000003802c78                skills()
 .text._GLOBAL__sub_I_autonomous.cpp
                0x00000000038038c8       0x34 build/custom/src/autonomous.o
 .text._ZN3vex11motor_groupC2IJNS_5motorES2_EEERS2_DpRT_
                0x00000000038038fc       0x44 build/custom/src/robot-config.o
                0x00000000038038fc                vex::motor_group::motor_group<vex::motor, vex::motor>(vex::motor&, vex::motor&, vex::motor&)
 .text._Z11vexcodeInitv
                0x0000000003803940        0x4 build/custom/src/robot-config.o
                0x0000000003803940                vexcodeInit()
 .text._GLOBAL__sub_I_robot_config.cpp
                0x0000000003803944      0x4a4 build/custom/src/robot-config.o
 .text._Z13runAutonomousv
                0x0000000003803de8        0x4 build/custom/src/user.o
                0x0000000003803de8                runAutonomous()
 *fill*         0x0000000003803dec        0x4 
 .text._Z18limiterOffTaskFuncv
                0x0000000003803df0       0x50 build/custom/src/user.o
                0x0000000003803df0                limiterOffTaskFunc()
 .text._Z9runDriverv
                0x0000000003803e40      0x63c build/custom/src/user.o
                0x0000000003803e40                runDriver()
 .text._Z16runPreAutonomousv
                0x000000000380447c      0x114 build/custom/src/user.o
                0x000000000380447c                runPreAutonomous()
 .text.vexMain  0x0000000003804590       0xb0 /Users/elliottbeeken/Library/Application Support/Code/User/globalStorage/vexrobotics.vexcode/sdk/cpp/V5/V5_20240802_15_00_00/vexv5/libv5rt.a(v5_startup.c.obj)
                0x0000000003804590                vexMain
 .text.__vex_function_prolog
                0x0000000003804640       0x18 /Users/elliottbeeken/Library/Application Support/Code/User/globalStorage/vexrobotics.vexcode/sdk/cpp/V5/V5_20240802_15_00_00/vexv5/libv5rt.a(v5_startup.c.obj)
                0x0000000003804640                __vex_function_prolog
 .text._init    0x0000000003804658        0x4 /Users/elliottbeeken/Library/Application Support/Code/User/globalStorage/vexrobotics.vexcode/sdk/cpp/V5/V5_20240802_15_00_00/vexv5/libv5rt.a(v5_startup.c.obj)
                0x0000000003804658                _init
 .text._fini    0x000000000380465c        0x4 /Users/elliottbeeken/Library/Application Support/Code/User/globalStorage/vexrobotics.vexcode/sdk/cpp/V5/V5_20240802_15_00_00/vexv5/libv5rt.a(v5_startup.c.obj)
                0x000000000380465c                _fini
 .text.vexStdlibVersionLinked
                0x0000000003804660        0xc /Users/elliottbeeken/Library/Application Support/Code/User/globalStorage/vexrobotics.vexcode/sdk/cpp/V5/V5_20240802_15_00_00/vexv5/libv5rt.a(v5_util.c.obj)
                0x0000000003804660                vexStdlibVersionLinked
 .text.vexStdlibVersionVerify
                0x000000000380466c       0x30 /Users/elliottbeeken/Library/Application Support/Code/User/globalStorage/vexrobotics.vexcode/sdk/cpp/V5/V5_20240802_15_00_00/vexv5/libv5rt.a(v5_util.c.obj)
                0x000000000380466c                vexStdlibVersionVerify
 .text.vexPrivateApiEnable
                0x000000000380469c       0x10 /Users/elliottbeeken/Library/Application Support/Code/User/globalStorage/vexrobotics.vexcode/sdk/cpp/V5/V5_20240802_15_00_00/vexv5/libv5rt.a(v5_apijump.c.obj)
                0x000000000380469c                vexPrivateApiEnable
 .text.vexStdlibMismatchError
                0x00000000038046ac       0x3c /Users/elliottbeeken/Library/Application Support/Code/User/globalStorage/vexrobotics.vexcode/sdk/cpp/V5/V5_20240802_15_00_00/vexv5/libv5rt.a(v5_apijump.c.obj)
                0x00000000038046ac                vexStdlibMismatchError
 .text.vexTaskAdd
                0x00000000038046e8       0x10 /Users/elliottbeeken/Library/Application Support/Code/User/globalStorage/vexrobotics.vexcode/sdk/cpp/V5/V5_20240802_15_00_00/vexv5/libv5rt.a(v5_apijump.c.obj)
                0x00000000038046e8                vexTaskAdd
 .text.vexTasksRun
                0x00000000038046f8       0x10 /Users/elliottbeeken/Library/Application Support/Code/User/globalStorage/vexrobotics.vexcode/sdk/cpp/V5/V5_20240802_15_00_00/vexv5/libv5rt.a(v5_apijump.c.obj)
                0x00000000038046f8                vexTasksRun
 .text.vexTaskYield
                0x0000000003804708       0x10 /Users/elliottbeeken/Library/Application Support/Code/User/globalStorage/vexrobotics.vexcode/sdk/cpp/V5/V5_20240802_15_00_00/vexv5/libv5rt.a(v5_apijump.c.obj)
                0x0000000003804708                vexTaskYield
 .text.vexTaskCheckTimeslice
                0x0000000003804718       0x10 /Users/elliottbeeken/Library/Application Support/Code/User/globalStorage/vexrobotics.vexcode/sdk/cpp/V5/V5_20240802_15_00_00/vexv5/libv5rt.a(v5_apijump.c.obj)
                0x0000000003804718                vexTaskCheckTimeslice
 .text.vexTaskGetIndex
                0x0000000003804728       0x10 /Users/elliottbeeken/Library/Application Support/Code/User/globalStorage/vexrobotics.vexcode/sdk/cpp/V5/V5_20240802_15_00_00/vexv5/libv5rt.a(v5_apijump.c.obj)
                0x0000000003804728                vexTaskGetIndex
 .text.vexTaskSleep
                0x0000000003804738       0x10 /Users/elliottbeeken/Library/Application Support/Code/User/globalStorage/vexrobotics.vexcode/sdk/cpp/V5/V5_20240802_15_00_00/vexv5/libv5rt.a(v5_apijump.c.obj)
                0x0000000003804738                vexTaskSleep
 .text.vexTasksDump
                0x0000000003804748       0x1c /Users/elliottbeeken/Library/Application Support/Code/User/globalStorage/vexrobotics.vexcode/sdk/cpp/V5/V5_20240802_15_00_00/vexv5/libv5rt.a(v5_apijump.c.obj)
                0x0000000003804748                vexTasksDump
 .text.vexTaskGetTaskIndex
                0x0000000003804764       0x10 /Users/elliottbeeken/Library/Application Support/Code/User/globalStorage/vexrobotics.vexcode/sdk/cpp/V5/V5_20240802_15_00_00/vexv5/libv5rt.a(v5_apijump.c.obj)
                0x0000000003804764                vexTaskGetTaskIndex
 .text.vexTaskStopAll
                0x0000000003804774       0x10 /Users/elliottbeeken/Library/Application Support/Code/User/globalStorage/vexrobotics.vexcode/sdk/cpp/V5/V5_20240802_15_00_00/vexv5/libv5rt.a(v5_apijump.c.obj)
                0x0000000003804774                vexTaskStopAll
 .text.vexTaskRemoveAllUser
                0x0000000003804784       0x34 /Users/elliottbeeken/Library/Application Support/Code/User/globalStorage/vexrobotics.vexcode/sdk/cpp/V5/V5_20240802_15_00_00/vexv5/libv5rt.a(v5_apijump.c.obj)
                0x0000000003804784                vexTaskRemoveAllUser
 .text.vexTaskCompletionIdSet
                0x00000000038047b8       0x10 /Users/elliottbeeken/Library/Application Support/Code/User/globalStorage/vexrobotics.vexcode/sdk/cpp/V5/V5_20240802_15_00_00/vexv5/libv5rt.a(v5_apijump.c.obj)
                0x00000000038047b8                vexTaskCompletionIdSet
 .text.vexTaskStopWithId
                0x00000000038047c8       0x10 /Users/elliottbeeken/Library/Application Support/Code/User/globalStorage/vexrobotics.vexcode/sdk/cpp/V5/V5_20240802_15_00_00/vexv5/libv5rt.a(v5_apijump.c.obj)
                0x00000000038047c8                vexTaskStopWithId
 .text.vexTaskGetCallbackAndId
                0x00000000038047d8       0x54 /Users/elliottbeeken/Library/Application Support/Code/User/globalStorage/vexrobotics.vexcode/sdk/cpp/V5/V5_20240802_15_00_00/vexv5/libv5rt.a(v5_apijump.c.obj)
                0x00000000038047d8                vexTaskGetCallbackAndId
 .text.vexCriticalSection
                0x000000000380482c       0x2c /Users/elliottbeeken/Library/Application Support/Code/User/globalStorage/vexrobotics.vexcode/sdk/cpp/V5/V5_20240802_15_00_00/vexv5/libv5rt.a(v5_apijump.c.obj)
                0x000000000380482c                vexCriticalSection
 .text.vexEventAdd
                0x0000000003804858       0x34 /Users/elliottbeeken/Library/Application Support/Code/User/globalStorage/vexrobotics.vexcode/sdk/cpp/V5/V5_20240802_15_00_00/vexv5/libv5rt.a(v5_apijump.c.obj)
                0x0000000003804858                vexEventAdd
 .text.vexEventUserIndexGet
                0x000000000380488c       0x1c /Users/elliottbeeken/Library/Application Support/Code/User/globalStorage/vexrobotics.vexcode/sdk/cpp/V5/V5_20240802_15_00_00/vexv5/libv5rt.a(v5_apijump.c.obj)
                0x000000000380488c                vexEventUserIndexGet
 .text.vexEventAddWithArg
                0x00000000038048a8       0x3c /Users/elliottbeeken/Library/Application Support/Code/User/globalStorage/vexrobotics.vexcode/sdk/cpp/V5/V5_20240802_15_00_00/vexv5/libv5rt.a(v5_apijump.c.obj)
                0x00000000038048a8                vexEventAddWithArg
 .text.vexEventsCleanup
                0x00000000038048e4       0x2c /Users/elliottbeeken/Library/Application Support/Code/User/globalStorage/vexrobotics.vexcode/sdk/cpp/V5/V5_20240802_15_00_00/vexv5/libv5rt.a(v5_apijump.c.obj)
                0x00000000038048e4                vexEventsCleanup
 .text.vexDebug
                0x0000000003804910       0x38 /Users/elliottbeeken/Library/Application Support/Code/User/globalStorage/vexrobotics.vexcode/sdk/cpp/V5/V5_20240802_15_00_00/vexv5/libv5rt.a(v5_apijump.c.obj)
                0x0000000003804910                vexDebug
 .text.vex_sprintf
                0x0000000003804948       0x40 /Users/elliottbeeken/Library/Application Support/Code/User/globalStorage/vexrobotics.vexcode/sdk/cpp/V5/V5_20240802_15_00_00/vexv5/libv5rt.a(v5_apijump.c.obj)
                0x0000000003804948                vex_sprintf
 .text.vex_vsnprintf
                0x0000000003804988       0x3c /Users/elliottbeeken/Library/Application Support/Code/User/globalStorage/vexrobotics.vexcode/sdk/cpp/V5/V5_20240802_15_00_00/vexv5/libv5rt.a(v5_apijump.c.obj)
                0x0000000003804988                vex_vsnprintf
 .text.vexSystemTimeGet
                0x00000000038049c4       0x1c /Users/elliottbeeken/Library/Application Support/Code/User/globalStorage/vexrobotics.vexcode/sdk/cpp/V5/V5_20240802_15_00_00/vexv5/libv5rt.a(v5_apijump.c.obj)
                0x00000000038049c4                vexSystemTimeGet
 .text.vexSystemExitRequest
                0x00000000038049e0       0x1c /Users/elliottbeeken/Library/Application Support/Code/User/globalStorage/vexrobotics.vexcode/sdk/cpp/V5/V5_20240802_15_00_00/vexv5/libv5rt.a(v5_apijump.c.obj)
                0x00000000038049e0                vexSystemExitRequest
 .text.vexDeviceGetByIndex
                0x00000000038049fc       0x24 /Users/elliottbeeken/Library/Application Support/Code/User/globalStorage/vexrobotics.vexcode/sdk/cpp/V5/V5_20240802_15_00_00/vexv5/libv5rt.a(v5_apijump.c.obj)
                0x00000000038049fc                vexDeviceGetByIndex
 .text.vexControllerGet
                0x0000000003804a20       0x2c /Users/elliottbeeken/Library/Application Support/Code/User/globalStorage/vexrobotics.vexcode/sdk/cpp/V5/V5_20240802_15_00_00/vexv5/libv5rt.a(v5_apijump.c.obj)
                0x0000000003804a20                vexControllerGet
 .text.vexDeviceAdiPortConfigSet
                0x0000000003804a4c       0x34 /Users/elliottbeeken/Library/Application Support/Code/User/globalStorage/vexrobotics.vexcode/sdk/cpp/V5/V5_20240802_15_00_00/vexv5/libv5rt.a(v5_apijump.c.obj)
                0x0000000003804a4c                vexDeviceAdiPortConfigSet
 .text.vexDeviceAdiPortConfigGet
                0x0000000003804a80       0x2c /Users/elliottbeeken/Library/Application Support/Code/User/globalStorage/vexrobotics.vexcode/sdk/cpp/V5/V5_20240802_15_00_00/vexv5/libv5rt.a(v5_apijump.c.obj)
                0x0000000003804a80                vexDeviceAdiPortConfigGet
 .text.vexDeviceAdiValueSet
                0x0000000003804aac       0x34 /Users/elliottbeeken/Library/Application Support/Code/User/globalStorage/vexrobotics.vexcode/sdk/cpp/V5/V5_20240802_15_00_00/vexv5/libv5rt.a(v5_apijump.c.obj)
                0x0000000003804aac                vexDeviceAdiValueSet
 .text.vexDeviceMotorVelocitySet
                0x0000000003804ae0       0x2c /Users/elliottbeeken/Library/Application Support/Code/User/globalStorage/vexrobotics.vexcode/sdk/cpp/V5/V5_20240802_15_00_00/vexv5/libv5rt.a(v5_apijump.c.obj)
                0x0000000003804ae0                vexDeviceMotorVelocitySet
 .text.vexDeviceMotorVoltageSet
                0x0000000003804b0c       0x2c /Users/elliottbeeken/Library/Application Support/Code/User/globalStorage/vexrobotics.vexcode/sdk/cpp/V5/V5_20240802_15_00_00/vexv5/libv5rt.a(v5_apijump.c.obj)
                0x0000000003804b0c                vexDeviceMotorVoltageSet
 .text.vexDeviceMotorActualVelocityGet
                0x0000000003804b38       0x24 /Users/elliottbeeken/Library/Application Support/Code/User/globalStorage/vexrobotics.vexcode/sdk/cpp/V5/V5_20240802_15_00_00/vexv5/libv5rt.a(v5_apijump.c.obj)
                0x0000000003804b38                vexDeviceMotorActualVelocityGet
 .text.vexDeviceMotorReverseFlagSet
                0x0000000003804b5c       0x2c /Users/elliottbeeken/Library/Application Support/Code/User/globalStorage/vexrobotics.vexcode/sdk/cpp/V5/V5_20240802_15_00_00/vexv5/libv5rt.a(v5_apijump.c.obj)
                0x0000000003804b5c                vexDeviceMotorReverseFlagSet
 .text.vexDeviceMotorEncoderUnitsSet
                0x0000000003804b88       0x2c /Users/elliottbeeken/Library/Application Support/Code/User/globalStorage/vexrobotics.vexcode/sdk/cpp/V5/V5_20240802_15_00_00/vexv5/libv5rt.a(v5_apijump.c.obj)
                0x0000000003804b88                vexDeviceMotorEncoderUnitsSet
 .text.vexDeviceMotorBrakeModeSet
                0x0000000003804bb4       0x2c /Users/elliottbeeken/Library/Application Support/Code/User/globalStorage/vexrobotics.vexcode/sdk/cpp/V5/V5_20240802_15_00_00/vexv5/libv5rt.a(v5_apijump.c.obj)
                0x0000000003804bb4                vexDeviceMotorBrakeModeSet
 .text.vexDeviceMotorPositionSet
                0x0000000003804be0       0x34 /Users/elliottbeeken/Library/Application Support/Code/User/globalStorage/vexrobotics.vexcode/sdk/cpp/V5/V5_20240802_15_00_00/vexv5/libv5rt.a(v5_apijump.c.obj)
                0x0000000003804be0                vexDeviceMotorPositionSet
 .text.vexDeviceMotorPositionGet
                0x0000000003804c14       0x24 /Users/elliottbeeken/Library/Application Support/Code/User/globalStorage/vexrobotics.vexcode/sdk/cpp/V5/V5_20240802_15_00_00/vexv5/libv5rt.a(v5_apijump.c.obj)
                0x0000000003804c14                vexDeviceMotorPositionGet
 .text.vexDeviceMotorGearingSet
                0x0000000003804c38       0x2c /Users/elliottbeeken/Library/Application Support/Code/User/globalStorage/vexrobotics.vexcode/sdk/cpp/V5/V5_20240802_15_00_00/vexv5/libv5rt.a(v5_apijump.c.obj)
                0x0000000003804c38                vexDeviceMotorGearingSet
 .text.vexDeviceMotorGearingGet
                0x0000000003804c64       0x24 /Users/elliottbeeken/Library/Application Support/Code/User/globalStorage/vexrobotics.vexcode/sdk/cpp/V5/V5_20240802_15_00_00/vexv5/libv5rt.a(v5_apijump.c.obj)
                0x0000000003804c64                vexDeviceMotorGearingGet
 .text.vexDeviceImuReset
                0x0000000003804c88       0x24 /Users/elliottbeeken/Library/Application Support/Code/User/globalStorage/vexrobotics.vexcode/sdk/cpp/V5/V5_20240802_15_00_00/vexv5/libv5rt.a(v5_apijump.c.obj)
                0x0000000003804c88                vexDeviceImuReset
 .text.vexDeviceImuHeadingGet
                0x0000000003804cac       0x24 /Users/elliottbeeken/Library/Application Support/Code/User/globalStorage/vexrobotics.vexcode/sdk/cpp/V5/V5_20240802_15_00_00/vexv5/libv5rt.a(v5_apijump.c.obj)
                0x0000000003804cac                vexDeviceImuHeadingGet
 .text.vexDeviceImuDegreesGet
                0x0000000003804cd0       0x24 /Users/elliottbeeken/Library/Application Support/Code/User/globalStorage/vexrobotics.vexcode/sdk/cpp/V5/V5_20240802_15_00_00/vexv5/libv5rt.a(v5_apijump.c.obj)
                0x0000000003804cd0                vexDeviceImuDegreesGet
 .text.vexDeviceImuStatusGet
                0x0000000003804cf4       0x24 /Users/elliottbeeken/Library/Application Support/Code/User/globalStorage/vexrobotics.vexcode/sdk/cpp/V5/V5_20240802_15_00_00/vexv5/libv5rt.a(v5_apijump.c.obj)
                0x0000000003804cf4                vexDeviceImuStatusGet
 .text.vexDeviceAbsEncPositionGet
                0x0000000003804d18       0x24 /Users/elliottbeeken/Library/Application Support/Code/User/globalStorage/vexrobotics.vexcode/sdk/cpp/V5/V5_20240802_15_00_00/vexv5/libv5rt.a(v5_apijump.c.obj)
                0x0000000003804d18                vexDeviceAbsEncPositionGet
 .text.vexDeviceAbsEncAngleGet
                0x0000000003804d3c       0x24 /Users/elliottbeeken/Library/Application Support/Code/User/globalStorage/vexrobotics.vexcode/sdk/cpp/V5/V5_20240802_15_00_00/vexv5/libv5rt.a(v5_apijump.c.obj)
                0x0000000003804d3c                vexDeviceAbsEncAngleGet
 .text.vexDeviceAbsEncReverseFlagSet
                0x0000000003804d60       0x2c /Users/elliottbeeken/Library/Application Support/Code/User/globalStorage/vexrobotics.vexcode/sdk/cpp/V5/V5_20240802_15_00_00/vexv5/libv5rt.a(v5_apijump.c.obj)
                0x0000000003804d60                vexDeviceAbsEncReverseFlagSet
 .text.vexDeviceOpticalHueGet
                0x0000000003804d8c       0x24 /Users/elliottbeeken/Library/Application Support/Code/User/globalStorage/vexrobotics.vexcode/sdk/cpp/V5/V5_20240802_15_00_00/vexv5/libv5rt.a(v5_apijump.c.obj)
                0x0000000003804d8c                vexDeviceOpticalHueGet
 .text.vexDeviceOpticalGestureEnable
                0x0000000003804db0       0x24 /Users/elliottbeeken/Library/Application Support/Code/User/globalStorage/vexrobotics.vexcode/sdk/cpp/V5/V5_20240802_15_00_00/vexv5/libv5rt.a(v5_apijump.c.obj)
                0x0000000003804db0                vexDeviceOpticalGestureEnable
 .text.vexDeviceOpticalGestureDisable
                0x0000000003804dd4       0x24 /Users/elliottbeeken/Library/Application Support/Code/User/globalStorage/vexrobotics.vexcode/sdk/cpp/V5/V5_20240802_15_00_00/vexv5/libv5rt.a(v5_apijump.c.obj)
                0x0000000003804dd4                vexDeviceOpticalGestureDisable
 .text.vexDeviceOpticalProximityThreshold
                0x0000000003804df8       0x2c /Users/elliottbeeken/Library/Application Support/Code/User/globalStorage/vexrobotics.vexcode/sdk/cpp/V5/V5_20240802_15_00_00/vexv5/libv5rt.a(v5_apijump.c.obj)
                0x0000000003804df8                vexDeviceOpticalProximityThreshold
 .text.vexDeviceDistanceDistanceGet
                0x0000000003804e24       0x24 /Users/elliottbeeken/Library/Application Support/Code/User/globalStorage/vexrobotics.vexcode/sdk/cpp/V5/V5_20240802_15_00_00/vexv5/libv5rt.a(v5_apijump.c.obj)
                0x0000000003804e24                vexDeviceDistanceDistanceGet
 .text.vexDisplayForegroundColor
                0x0000000003804e48       0x24 /Users/elliottbeeken/Library/Application Support/Code/User/globalStorage/vexrobotics.vexcode/sdk/cpp/V5/V5_20240802_15_00_00/vexv5/libv5rt.a(v5_apijump.c.obj)
                0x0000000003804e48                vexDisplayForegroundColor
 .text.vexDisplayBackgroundColor
                0x0000000003804e6c       0x24 /Users/elliottbeeken/Library/Application Support/Code/User/globalStorage/vexrobotics.vexcode/sdk/cpp/V5/V5_20240802_15_00_00/vexv5/libv5rt.a(v5_apijump.c.obj)
                0x0000000003804e6c                vexDisplayBackgroundColor
 .text.vexDisplayBackgroundColorGet
                0x0000000003804e90       0x1c /Users/elliottbeeken/Library/Application Support/Code/User/globalStorage/vexrobotics.vexcode/sdk/cpp/V5/V5_20240802_15_00_00/vexv5/libv5rt.a(v5_apijump.c.obj)
                0x0000000003804e90                vexDisplayBackgroundColorGet
 .text.vexDisplayPixelSet
                0x0000000003804eac       0x38 /Users/elliottbeeken/Library/Application Support/Code/User/globalStorage/vexrobotics.vexcode/sdk/cpp/V5/V5_20240802_15_00_00/vexv5/libv5rt.a(v5_apijump.c.obj)
                0x0000000003804eac                vexDisplayPixelSet
 .text.vexDisplayLineDraw
                0x0000000003804ee4       0x4c /Users/elliottbeeken/Library/Application Support/Code/User/globalStorage/vexrobotics.vexcode/sdk/cpp/V5/V5_20240802_15_00_00/vexv5/libv5rt.a(v5_apijump.c.obj)
                0x0000000003804ee4                vexDisplayLineDraw
 .text.vexDisplayRectClear
                0x0000000003804f30       0x4c /Users/elliottbeeken/Library/Application Support/Code/User/globalStorage/vexrobotics.vexcode/sdk/cpp/V5/V5_20240802_15_00_00/vexv5/libv5rt.a(v5_apijump.c.obj)
                0x0000000003804f30                vexDisplayRectClear
 .text.vexDisplayVPrintf
                0x0000000003804f7c       0x50 /Users/elliottbeeken/Library/Application Support/Code/User/globalStorage/vexrobotics.vexcode/sdk/cpp/V5/V5_20240802_15_00_00/vexv5/libv5rt.a(v5_apijump.c.obj)
                0x0000000003804f7c                vexDisplayVPrintf
 .text.vexDisplayTextReference
                0x0000000003804fcc       0x24 /Users/elliottbeeken/Library/Application Support/Code/User/globalStorage/vexrobotics.vexcode/sdk/cpp/V5/V5_20240802_15_00_00/vexv5/libv5rt.a(v5_apijump.c.obj)
                0x0000000003804fcc                vexDisplayTextReference
 .text.vexDisplayTextSize
                0x0000000003804ff0       0x2c /Users/elliottbeeken/Library/Application Support/Code/User/globalStorage/vexrobotics.vexcode/sdk/cpp/V5/V5_20240802_15_00_00/vexv5/libv5rt.a(v5_apijump.c.obj)
                0x0000000003804ff0                vexDisplayTextSize
 .text.vexDisplayFontNamedSet
                0x000000000380501c       0x24 /Users/elliottbeeken/Library/Application Support/Code/User/globalStorage/vexrobotics.vexcode/sdk/cpp/V5/V5_20240802_15_00_00/vexv5/libv5rt.a(v5_apijump.c.obj)
                0x000000000380501c                vexDisplayFontNamedSet
 .text.vexDisplayStringWidthGet
                0x0000000003805040       0x24 /Users/elliottbeeken/Library/Application Support/Code/User/globalStorage/vexrobotics.vexcode/sdk/cpp/V5/V5_20240802_15_00_00/vexv5/libv5rt.a(v5_apijump.c.obj)
                0x0000000003805040                vexDisplayStringWidthGet
 .text.vexDisplayPenSizeGet
                0x0000000003805064       0x1c /Users/elliottbeeken/Library/Application Support/Code/User/globalStorage/vexrobotics.vexcode/sdk/cpp/V5/V5_20240802_15_00_00/vexv5/libv5rt.a(v5_apijump.c.obj)
                0x0000000003805064                vexDisplayPenSizeGet
 .text.vexSystemStdlibImpureDataAddr
                0x0000000003805080       0x28 /Users/elliottbeeken/Library/Application Support/Code/User/globalStorage/vexrobotics.vexcode/sdk/cpp/V5/V5_20240802_15_00_00/vexv5/libv5rt.a(v5_apijump.c.obj)
                0x0000000003805080                vexSystemStdlibImpureDataAddr
 .text.vexSystemStdlibImpureDataSize
                0x00000000038050a8       0x28 /Users/elliottbeeken/Library/Application Support/Code/User/globalStorage/vexrobotics.vexcode/sdk/cpp/V5/V5_20240802_15_00_00/vexv5/libv5rt.a(v5_apijump.c.obj)
                0x00000000038050a8                vexSystemStdlibImpureDataSize
 .text.vexSystemSaveUserData
                0x00000000038050d0       0x3c /Users/elliottbeeken/Library/Application Support/Code/User/globalStorage/vexrobotics.vexcode/sdk/cpp/V5/V5_20240802_15_00_00/vexv5/libv5rt.a(v5_apijump.c.obj)
                0x00000000038050d0                vexSystemSaveUserData
 .text.vexDisplayThemeIdGet
                0x000000000380510c       0x38 /Users/elliottbeeken/Library/Application Support/Code/User/globalStorage/vexrobotics.vexcode/sdk/cpp/V5/V5_20240802_15_00_00/vexv5/libv5rt.a(v5_apijump.c.obj)
                0x000000000380510c                vexDisplayThemeIdGet
 .text.vexDeviceEventMaskSet
                0x0000000003805144       0x48 /Users/elliottbeeken/Library/Application Support/Code/User/globalStorage/vexrobotics.vexcode/sdk/cpp/V5/V5_20240802_15_00_00/vexv5/libv5rt.a(v5_apijump.c.obj)
                0x0000000003805144                vexDeviceEventMaskSet
 .text.vexDeviceEventMaskGet
                0x000000000380518c       0x3c /Users/elliottbeeken/Library/Application Support/Code/User/globalStorage/vexrobotics.vexcode/sdk/cpp/V5/V5_20240802_15_00_00/vexv5/libv5rt.a(v5_apijump.c.obj)
                0x000000000380518c                vexDeviceEventMaskGet
 .text.vexSystemVersion
                0x00000000038051c8       0x10 /Users/elliottbeeken/Library/Application Support/Code/User/globalStorage/vexrobotics.vexcode/sdk/cpp/V5/V5_20240802_15_00_00/vexv5/libv5rt.a(v5_apiversions.c.obj)
                0x00000000038051c8                vexSystemVersion
 .text.vexStdlibVersion
                0x00000000038051d8       0x10 /Users/elliottbeeken/Library/Application Support/Code/User/globalStorage/vexrobotics.vexcode/sdk/cpp/V5/V5_20240802_15_00_00/vexv5/libv5rt.a(v5_apiversions.c.obj)
                0x00000000038051d8                vexStdlibVersion
 .text._ZN3vex4waitEdNS_9timeUnitsE
                0x00000000038051e8       0x30 /Users/elliottbeeken/Library/Application Support/Code/User/globalStorage/vexrobotics.vexcode/sdk/cpp/V5/V5_20240802_15_00_00/vexv5/libv5rt.a(vex_global.cpp.obj)
                0x00000000038051e8                vex::wait(double, vex::timeUnits)
 .text._ZN3vex5motorD2Ev
                0x0000000003805218       0x20 /Users/elliottbeeken/Library/Application Support/Code/User/globalStorage/vexrobotics.vexcode/sdk/cpp/V5/V5_20240802_15_00_00/vexv5/libv5rt.a(vex_motor.cpp.obj)
                0x0000000003805218                vex::motor::~motor()
                0x0000000003805218                vex::motor::~motor()
 .text._ZN3vex5motorD0Ev
                0x0000000003805238       0x1c /Users/elliottbeeken/Library/Application Support/Code/User/globalStorage/vexrobotics.vexcode/sdk/cpp/V5/V5_20240802_15_00_00/vexv5/libv5rt.a(vex_motor.cpp.obj)
                0x0000000003805238                vex::motor::~motor()
 .text._ZN3vex5motor9installedEv
                0x0000000003805254       0x18 /Users/elliottbeeken/Library/Application Support/Code/User/globalStorage/vexrobotics.vexcode/sdk/cpp/V5/V5_20240802_15_00_00/vexv5/libv5rt.a(vex_motor.cpp.obj)
                0x0000000003805254                vex::motor::installed()
 .text._ZN3vex5motor15defaultStoppingENS_9brakeTypeE
                0x000000000380526c       0x30 /Users/elliottbeeken/Library/Application Support/Code/User/globalStorage/vexrobotics.vexcode/sdk/cpp/V5/V5_20240802_15_00_00/vexv5/libv5rt.a(vex_motor.cpp.obj)
                0x000000000380526c                vex::motor::defaultStopping(vex::brakeType)
 .text._ZN3vex5motorC2El
                0x000000000380529c       0x78 /Users/elliottbeeken/Library/Application Support/Code/User/globalStorage/vexrobotics.vexcode/sdk/cpp/V5/V5_20240802_15_00_00/vexv5/libv5rt.a(vex_motor.cpp.obj)
                0x000000000380529c                vex::motor::motor(long)
                0x000000000380529c                vex::motor::motor(long)
 .text._ZN3vex5motorC2ElNS_11gearSettingEb
                0x0000000003805314       0x34 /Users/elliottbeeken/Library/Application Support/Code/User/globalStorage/vexrobotics.vexcode/sdk/cpp/V5/V5_20240802_15_00_00/vexv5/libv5rt.a(vex_motor.cpp.obj)
                0x0000000003805314                vex::motor::motor(long, vex::gearSetting, bool)
                0x0000000003805314                vex::motor::motor(long, vex::gearSetting, bool)
 .text._ZN3vex5motor4spinENS_13directionTypeEdNS_12voltageUnitsE
                0x0000000003805348       0x50 /Users/elliottbeeken/Library/Application Support/Code/User/globalStorage/vexrobotics.vexcode/sdk/cpp/V5/V5_20240802_15_00_00/vexv5/libv5rt.a(vex_motor.cpp.obj)
                0x0000000003805348                vex::motor::spin(vex::directionType, double, vex::voltageUnits)
 .text._ZN3vex5motor4stopENS_9brakeTypeE
                0x0000000003805398       0x30 /Users/elliottbeeken/Library/Application Support/Code/User/globalStorage/vexrobotics.vexcode/sdk/cpp/V5/V5_20240802_15_00_00/vexv5/libv5rt.a(vex_motor.cpp.obj)
                0x0000000003805398                vex::motor::stop(vex::brakeType)
 .text._ZN3vex5motor4stopEv
                0x00000000038053c8        0x8 /Users/elliottbeeken/Library/Application Support/Code/User/globalStorage/vexrobotics.vexcode/sdk/cpp/V5/V5_20240802_15_00_00/vexv5/libv5rt.a(vex_motor.cpp.obj)
                0x00000000038053c8                vex::motor::stop()
 .text._ZN3vex5motor16velocityToScaledEdNS_13velocityUnitsE
                0x00000000038053d0       0x5c /Users/elliottbeeken/Library/Application Support/Code/User/globalStorage/vexrobotics.vexcode/sdk/cpp/V5/V5_20240802_15_00_00/vexv5/libv5rt.a(vex_motor.cpp.obj)
                0x00000000038053d0                vex::motor::velocityToScaled(double, vex::velocityUnits)
 .text._ZN3vex5motor8velocityENS_13velocityUnitsE
                0x000000000380542c       0x30 /Users/elliottbeeken/Library/Application Support/Code/User/globalStorage/vexrobotics.vexcode/sdk/cpp/V5/V5_20240802_15_00_00/vexv5/libv5rt.a(vex_motor.cpp.obj)
                0x000000000380542c                vex::motor::velocity(vex::velocityUnits)
 .text._ZN3vex5motor5valueEv
                0x000000000380545c       0x1c /Users/elliottbeeken/Library/Application Support/Code/User/globalStorage/vexrobotics.vexcode/sdk/cpp/V5/V5_20240802_15_00_00/vexv5/libv5rt.a(vex_motor.cpp.obj)
                0x000000000380545c                vex::motor::value()
 .text._ZN3vex5motor16setRotationUnitsENS_13rotationUnitsE
                0x0000000003805478       0x1c /Users/elliottbeeken/Library/Application Support/Code/User/globalStorage/vexrobotics.vexcode/sdk/cpp/V5/V5_20240802_15_00_00/vexv5/libv5rt.a(vex_motor.cpp.obj)
                0x0000000003805478                vex::motor::setRotationUnits(vex::rotationUnits)
 .text._ZN3vex5motor11setPositionEdNS_13rotationUnitsE
                0x0000000003805494       0x44 /Users/elliottbeeken/Library/Application Support/Code/User/globalStorage/vexrobotics.vexcode/sdk/cpp/V5/V5_20240802_15_00_00/vexv5/libv5rt.a(vex_motor.cpp.obj)
                0x0000000003805494                vex::motor::setPosition(double, vex::rotationUnits)
 .text._ZN3vex5motor8positionENS_13rotationUnitsE
                0x00000000038054d8       0x44 /Users/elliottbeeken/Library/Application Support/Code/User/globalStorage/vexrobotics.vexcode/sdk/cpp/V5/V5_20240802_15_00_00/vexv5/libv5rt.a(vex_motor.cpp.obj)
                0x00000000038054d8                vex::motor::position(vex::rotationUnits)
 .text._ZN3vex8inertial11getTurnTypeEv
                0x000000000380551c        0x8 /Users/elliottbeeken/Library/Application Support/Code/User/globalStorage/vexrobotics.vexcode/sdk/cpp/V5/V5_20240802_15_00_00/vexv5/libv5rt.a(vex_imu.cpp.obj)
                0x000000000380551c                vex::inertial::getTurnType()
 .text._ZThn16_N3vex8inertial11getTurnTypeEv
                0x0000000003805524        0x8 /Users/elliottbeeken/Library/Application Support/Code/User/globalStorage/vexrobotics.vexcode/sdk/cpp/V5/V5_20240802_15_00_00/vexv5/libv5rt.a(vex_imu.cpp.obj)
                0x0000000003805524                non-virtual thunk to vex::inertial::getTurnType()
 *fill*         0x000000000380552c        0x4 
 .text._ZN3vex8inertial10setHeadingEdNS_13rotationUnitsE
                0x0000000003805530       0x58 /Users/elliottbeeken/Library/Application Support/Code/User/globalStorage/vexrobotics.vexcode/sdk/cpp/V5/V5_20240802_15_00_00/vexv5/libv5rt.a(vex_imu.cpp.obj)
                0x0000000003805530                vex::inertial::setHeading(double, vex::rotationUnits)
 .text._ZThn16_N3vex8inertial10setHeadingEdNS_13rotationUnitsE
                0x0000000003805588        0x8 /Users/elliottbeeken/Library/Application Support/Code/User/globalStorage/vexrobotics.vexcode/sdk/cpp/V5/V5_20240802_15_00_00/vexv5/libv5rt.a(vex_imu.cpp.obj)
                0x0000000003805588                non-virtual thunk to vex::inertial::setHeading(double, vex::rotationUnits)
 .text._ZN3vex8inertial11setRotationEdNS_13rotationUnitsE
                0x0000000003805590       0x58 /Users/elliottbeeken/Library/Application Support/Code/User/globalStorage/vexrobotics.vexcode/sdk/cpp/V5/V5_20240802_15_00_00/vexv5/libv5rt.a(vex_imu.cpp.obj)
                0x0000000003805590                vex::inertial::setRotation(double, vex::rotationUnits)
 .text._ZThn16_N3vex8inertial11setRotationEdNS_13rotationUnitsE
                0x00000000038055e8        0x8 /Users/elliottbeeken/Library/Application Support/Code/User/globalStorage/vexrobotics.vexcode/sdk/cpp/V5/V5_20240802_15_00_00/vexv5/libv5rt.a(vex_imu.cpp.obj)
                0x00000000038055e8                non-virtual thunk to vex::inertial::setRotation(double, vex::rotationUnits)
 .text._ZN3vex8inertialD2Ev
                0x00000000038055f0       0x20 /Users/elliottbeeken/Library/Application Support/Code/User/globalStorage/vexrobotics.vexcode/sdk/cpp/V5/V5_20240802_15_00_00/vexv5/libv5rt.a(vex_imu.cpp.obj)
                0x00000000038055f0                vex::inertial::~inertial()
                0x00000000038055f0                vex::inertial::~inertial()
 .text._ZThn16_N3vex8inertialD1Ev
                0x0000000003805610        0x8 /Users/elliottbeeken/Library/Application Support/Code/User/globalStorage/vexrobotics.vexcode/sdk/cpp/V5/V5_20240802_15_00_00/vexv5/libv5rt.a(vex_imu.cpp.obj)
                0x0000000003805610                non-virtual thunk to vex::inertial::~inertial()
 .text._ZN3vex8inertialD0Ev
                0x0000000003805618       0x1c /Users/elliottbeeken/Library/Application Support/Code/User/globalStorage/vexrobotics.vexcode/sdk/cpp/V5/V5_20240802_15_00_00/vexv5/libv5rt.a(vex_imu.cpp.obj)
                0x0000000003805618                vex::inertial::~inertial()
 .text._ZThn16_N3vex8inertialD0Ev
                0x0000000003805634        0x8 /Users/elliottbeeken/Library/Application Support/Code/User/globalStorage/vexrobotics.vexcode/sdk/cpp/V5/V5_20240802_15_00_00/vexv5/libv5rt.a(vex_imu.cpp.obj)
                0x0000000003805634                non-virtual thunk to vex::inertial::~inertial()
 .text._ZN3vex8inertial9installedEv
                0x000000000380563c       0x18 /Users/elliottbeeken/Library/Application Support/Code/User/globalStorage/vexrobotics.vexcode/sdk/cpp/V5/V5_20240802_15_00_00/vexv5/libv5rt.a(vex_imu.cpp.obj)
                0x000000000380563c                vex::inertial::installed()
 .text._ZN3vex8inertial5angleENS_13rotationUnitsE
                0x0000000003805654       0x6c /Users/elliottbeeken/Library/Application Support/Code/User/globalStorage/vexrobotics.vexcode/sdk/cpp/V5/V5_20240802_15_00_00/vexv5/libv5rt.a(vex_imu.cpp.obj)
                0x0000000003805654                vex::inertial::angle(vex::rotationUnits)
 .text._ZThn16_N3vex8inertial5angleENS_13rotationUnitsE
                0x00000000038056c0        0x8 /Users/elliottbeeken/Library/Application Support/Code/User/globalStorage/vexrobotics.vexcode/sdk/cpp/V5/V5_20240802_15_00_00/vexv5/libv5rt.a(vex_imu.cpp.obj)
                0x00000000038056c0                non-virtual thunk to vex::inertial::angle(vex::rotationUnits)
 .text._ZN3vex8inertial7headingENS_13rotationUnitsE
                0x00000000038056c8        0x4 /Users/elliottbeeken/Library/Application Support/Code/User/globalStorage/vexrobotics.vexcode/sdk/cpp/V5/V5_20240802_15_00_00/vexv5/libv5rt.a(vex_imu.cpp.obj)
                0x00000000038056c8                vex::inertial::heading(vex::rotationUnits)
 .text._ZThn16_N3vex8inertial7headingENS_13rotationUnitsE
                0x00000000038056cc        0x8 /Users/elliottbeeken/Library/Application Support/Code/User/globalStorage/vexrobotics.vexcode/sdk/cpp/V5/V5_20240802_15_00_00/vexv5/libv5rt.a(vex_imu.cpp.obj)
                0x00000000038056cc                non-virtual thunk to vex::inertial::heading(vex::rotationUnits)
 .text._ZN3vex8inertial5valueEv
                0x00000000038056d4       0x1c /Users/elliottbeeken/Library/Application Support/Code/User/globalStorage/vexrobotics.vexcode/sdk/cpp/V5/V5_20240802_15_00_00/vexv5/libv5rt.a(vex_imu.cpp.obj)
                0x00000000038056d4                vex::inertial::value()
 .text._ZN3vex8inertial8rotationENS_13rotationUnitsE
                0x00000000038056f0       0x48 /Users/elliottbeeken/Library/Application Support/Code/User/globalStorage/vexrobotics.vexcode/sdk/cpp/V5/V5_20240802_15_00_00/vexv5/libv5rt.a(vex_imu.cpp.obj)
                0x00000000038056f0                vex::inertial::rotation(vex::rotationUnits)
 .text._ZThn16_N3vex8inertial8rotationENS_13rotationUnitsE
                0x0000000003805738        0x8 /Users/elliottbeeken/Library/Application Support/Code/User/globalStorage/vexrobotics.vexcode/sdk/cpp/V5/V5_20240802_15_00_00/vexv5/libv5rt.a(vex_imu.cpp.obj)
                0x0000000003805738                non-virtual thunk to vex::inertial::rotation(vex::rotationUnits)
 .text._ZN3vex8inertial13isCalibratingEv
                0x0000000003805740       0x38 /Users/elliottbeeken/Library/Application Support/Code/User/globalStorage/vexrobotics.vexcode/sdk/cpp/V5/V5_20240802_15_00_00/vexv5/libv5rt.a(vex_imu.cpp.obj)
                0x0000000003805740                vex::inertial::isCalibrating()
 .text._ZThn16_N3vex8inertial13isCalibratingEv
                0x0000000003805778        0x8 /Users/elliottbeeken/Library/Application Support/Code/User/globalStorage/vexrobotics.vexcode/sdk/cpp/V5/V5_20240802_15_00_00/vexv5/libv5rt.a(vex_imu.cpp.obj)
                0x0000000003805778                non-virtual thunk to vex::inertial::isCalibrating()
 .text._ZN3vex8inertialC2ElNS_8turnTypeE
                0x0000000003805780       0x4c /Users/elliottbeeken/Library/Application Support/Code/User/globalStorage/vexrobotics.vexcode/sdk/cpp/V5/V5_20240802_15_00_00/vexv5/libv5rt.a(vex_imu.cpp.obj)
                0x0000000003805780                vex::inertial::inertial(long, vex::turnType)
                0x0000000003805780                vex::inertial::inertial(long, vex::turnType)
 .text._ZN3vex8inertial16startCalibrationEl
                0x00000000038057cc       0x20 /Users/elliottbeeken/Library/Application Support/Code/User/globalStorage/vexrobotics.vexcode/sdk/cpp/V5/V5_20240802_15_00_00/vexv5/libv5rt.a(vex_imu.cpp.obj)
                0x00000000038057cc                vex::inertial::startCalibration(long)
 .text._ZN3vex8inertial9calibrateEl
                0x00000000038057ec        0xc /Users/elliottbeeken/Library/Application Support/Code/User/globalStorage/vexrobotics.vexcode/sdk/cpp/V5/V5_20240802_15_00_00/vexv5/libv5rt.a(vex_imu.cpp.obj)
                0x00000000038057ec                vex::inertial::calibrate(long)
                0x00000000038057f0                non-virtual thunk to vex::inertial::calibrate(long)
 .text._ZN3vex8rotationD2Ev
                0x00000000038057f8       0x20 /Users/elliottbeeken/Library/Application Support/Code/User/globalStorage/vexrobotics.vexcode/sdk/cpp/V5/V5_20240802_15_00_00/vexv5/libv5rt.a(vex_rotation.cpp.obj)
                0x00000000038057f8                vex::rotation::~rotation()
                0x00000000038057f8                vex::rotation::~rotation()
 .text._ZN3vex8rotationD0Ev
                0x0000000003805818       0x1c /Users/elliottbeeken/Library/Application Support/Code/User/globalStorage/vexrobotics.vexcode/sdk/cpp/V5/V5_20240802_15_00_00/vexv5/libv5rt.a(vex_rotation.cpp.obj)
                0x0000000003805818                vex::rotation::~rotation()
 .text._ZN3vex8rotation9installedEv
                0x0000000003805834       0x18 /Users/elliottbeeken/Library/Application Support/Code/User/globalStorage/vexrobotics.vexcode/sdk/cpp/V5/V5_20240802_15_00_00/vexv5/libv5rt.a(vex_rotation.cpp.obj)
                0x0000000003805834                vex::rotation::installed()
 .text._ZN3vex8rotation5valueEv
                0x000000000380584c        0x8 /Users/elliottbeeken/Library/Application Support/Code/User/globalStorage/vexrobotics.vexcode/sdk/cpp/V5/V5_20240802_15_00_00/vexv5/libv5rt.a(vex_rotation.cpp.obj)
                0x000000000380584c                vex::rotation::value()
 .text._ZN3vex8rotationC2Elb
                0x0000000003805854       0x30 /Users/elliottbeeken/Library/Application Support/Code/User/globalStorage/vexrobotics.vexcode/sdk/cpp/V5/V5_20240802_15_00_00/vexv5/libv5rt.a(vex_rotation.cpp.obj)
                0x0000000003805854                vex::rotation::rotation(long, bool)
                0x0000000003805854                vex::rotation::rotation(long, bool)
 *fill*         0x0000000003805884        0x4 
 .text._ZN3vex8rotation8positionENS_13rotationUnitsE
                0x0000000003805888       0x50 /Users/elliottbeeken/Library/Application Support/Code/User/globalStorage/vexrobotics.vexcode/sdk/cpp/V5/V5_20240802_15_00_00/vexv5/libv5rt.a(vex_rotation.cpp.obj)
                0x0000000003805888                vex::rotation::position(vex::rotationUnits)
 .text._ZN3vex7opticalD2Ev
                0x00000000038058d8       0x20 /Users/elliottbeeken/Library/Application Support/Code/User/globalStorage/vexrobotics.vexcode/sdk/cpp/V5/V5_20240802_15_00_00/vexv5/libv5rt.a(vex_optical.cpp.obj)
                0x00000000038058d8                vex::optical::~optical()
                0x00000000038058d8                vex::optical::~optical()
 .text._ZN3vex7opticalD0Ev
                0x00000000038058f8       0x1c /Users/elliottbeeken/Library/Application Support/Code/User/globalStorage/vexrobotics.vexcode/sdk/cpp/V5/V5_20240802_15_00_00/vexv5/libv5rt.a(vex_optical.cpp.obj)
                0x00000000038058f8                vex::optical::~optical()
 .text._ZN3vex7optical9installedEv
                0x0000000003805914       0x18 /Users/elliottbeeken/Library/Application Support/Code/User/globalStorage/vexrobotics.vexcode/sdk/cpp/V5/V5_20240802_15_00_00/vexv5/libv5rt.a(vex_optical.cpp.obj)
                0x0000000003805914                vex::optical::installed()
 .text._ZN3vex7optical3hueEv
                0x000000000380592c        0x8 /Users/elliottbeeken/Library/Application Support/Code/User/globalStorage/vexrobotics.vexcode/sdk/cpp/V5/V5_20240802_15_00_00/vexv5/libv5rt.a(vex_optical.cpp.obj)
                0x000000000380592c                vex::optical::hue()
 .text._ZN3vex7optical5valueEv
                0x0000000003805934       0x18 /Users/elliottbeeken/Library/Application Support/Code/User/globalStorage/vexrobotics.vexcode/sdk/cpp/V5/V5_20240802_15_00_00/vexv5/libv5rt.a(vex_optical.cpp.obj)
                0x0000000003805934                vex::optical::value()
 .text._ZN3vex7optical13gestureEnableEv
                0x000000000380594c        0x8 /Users/elliottbeeken/Library/Application Support/Code/User/globalStorage/vexrobotics.vexcode/sdk/cpp/V5/V5_20240802_15_00_00/vexv5/libv5rt.a(vex_optical.cpp.obj)
                0x000000000380594c                vex::optical::gestureEnable()
 .text._ZN3vex7optical14gestureDisableEv
                0x0000000003805954        0x8 /Users/elliottbeeken/Library/Application Support/Code/User/globalStorage/vexrobotics.vexcode/sdk/cpp/V5/V5_20240802_15_00_00/vexv5/libv5rt.a(vex_optical.cpp.obj)
                0x0000000003805954                vex::optical::gestureDisable()
 .text._ZN3vex7opticalC2Elb
                0x000000000380595c       0x54 /Users/elliottbeeken/Library/Application Support/Code/User/globalStorage/vexrobotics.vexcode/sdk/cpp/V5/V5_20240802_15_00_00/vexv5/libv5rt.a(vex_optical.cpp.obj)
                0x000000000380595c                vex::optical::optical(long, bool)
                0x000000000380595c                vex::optical::optical(long, bool)
 .text._ZN3vex8distanceD2Ev
                0x00000000038059b0       0x20 /Users/elliottbeeken/Library/Application Support/Code/User/globalStorage/vexrobotics.vexcode/sdk/cpp/V5/V5_20240802_15_00_00/vexv5/libv5rt.a(vex_distance.cpp.obj)
                0x00000000038059b0                vex::distance::~distance()
                0x00000000038059b0                vex::distance::~distance()
 .text._ZN3vex8distanceD0Ev
                0x00000000038059d0       0x1c /Users/elliottbeeken/Library/Application Support/Code/User/globalStorage/vexrobotics.vexcode/sdk/cpp/V5/V5_20240802_15_00_00/vexv5/libv5rt.a(vex_distance.cpp.obj)
                0x00000000038059d0                vex::distance::~distance()
 .text._ZN3vex8distance9installedEv
                0x00000000038059ec       0x18 /Users/elliottbeeken/Library/Application Support/Code/User/globalStorage/vexrobotics.vexcode/sdk/cpp/V5/V5_20240802_15_00_00/vexv5/libv5rt.a(vex_distance.cpp.obj)
                0x00000000038059ec                vex::distance::installed()
 .text._ZN3vex8distance5valueEv
                0x0000000003805a04        0x8 /Users/elliottbeeken/Library/Application Support/Code/User/globalStorage/vexrobotics.vexcode/sdk/cpp/V5/V5_20240802_15_00_00/vexv5/libv5rt.a(vex_distance.cpp.obj)
                0x0000000003805a04                vex::distance::value()
 .text._ZN3vex8distanceC2El
                0x0000000003805a0c       0x20 /Users/elliottbeeken/Library/Application Support/Code/User/globalStorage/vexrobotics.vexcode/sdk/cpp/V5/V5_20240802_15_00_00/vexv5/libv5rt.a(vex_distance.cpp.obj)
                0x0000000003805a0c                vex::distance::distance(long)
                0x0000000003805a0c                vex::distance::distance(long)
 .text._ZN3vex10controllerD2Ev
                0x0000000003805a2c        0x4 /Users/elliottbeeken/Library/Application Support/Code/User/globalStorage/vexrobotics.vexcode/sdk/cpp/V5/V5_20240802_15_00_00/vexv5/libv5rt.a(vex_controller.cpp.obj)
                0x0000000003805a2c                vex::controller::~controller()
                0x0000000003805a2c                vex::controller::~controller()
 .text._ZN3vex10controller5valueE19_V5_ControllerIndex
                0x0000000003805a30        0x8 /Users/elliottbeeken/Library/Application Support/Code/User/globalStorage/vexrobotics.vexcode/sdk/cpp/V5/V5_20240802_15_00_00/vexv5/libv5rt.a(vex_controller.cpp.obj)
                0x0000000003805a30                vex::controller::value(_V5_ControllerIndex)
 .text._ZNK3vex10controller6button8pressingEv
                0x0000000003805a38       0xc8 /Users/elliottbeeken/Library/Application Support/Code/User/globalStorage/vexrobotics.vexcode/sdk/cpp/V5/V5_20240802_15_00_00/vexv5/libv5rt.a(vex_controller.cpp.obj)
                0x0000000003805a38                vex::controller::button::pressing() const
 .text._ZNK3vex10controller6button21_buttonToPressedEventEv
                0x0000000003805b00       0x20 /Users/elliottbeeken/Library/Application Support/Code/User/globalStorage/vexrobotics.vexcode/sdk/cpp/V5/V5_20240802_15_00_00/vexv5/libv5rt.a(vex_controller.cpp.obj)
                0x0000000003805b00                vex::controller::button::_buttonToPressedEvent() const
 .text._ZNK3vex10controller6button22_buttonToReleasedEventEv
                0x0000000003805b20       0x20 /Users/elliottbeeken/Library/Application Support/Code/User/globalStorage/vexrobotics.vexcode/sdk/cpp/V5/V5_20240802_15_00_00/vexv5/libv5rt.a(vex_controller.cpp.obj)
                0x0000000003805b20                vex::controller::button::_buttonToReleasedEvent() const
 .text._ZN3vex10controller6buttonC2ENS0_11tButtonTypeEPS0_
                0x0000000003805b40       0x48 /Users/elliottbeeken/Library/Application Support/Code/User/globalStorage/vexrobotics.vexcode/sdk/cpp/V5/V5_20240802_15_00_00/vexv5/libv5rt.a(vex_controller.cpp.obj)
                0x0000000003805b40                vex::controller::button::button(vex::controller::tButtonType, vex::controller*)
                0x0000000003805b40                vex::controller::button::button(vex::controller::tButtonType, vex::controller*)
 .text._ZNK3vex10controller4axis5valueEv
                0x0000000003805b88       0x58 /Users/elliottbeeken/Library/Application Support/Code/User/globalStorage/vexrobotics.vexcode/sdk/cpp/V5/V5_20240802_15_00_00/vexv5/libv5rt.a(vex_controller.cpp.obj)
                0x0000000003805b88                vex::controller::axis::value() const
 .text._ZNK3vex10controller4axis23_joystickToChangedEventEv
                0x0000000003805be0       0x20 /Users/elliottbeeken/Library/Application Support/Code/User/globalStorage/vexrobotics.vexcode/sdk/cpp/V5/V5_20240802_15_00_00/vexv5/libv5rt.a(vex_controller.cpp.obj)
                0x0000000003805be0                vex::controller::axis::_joystickToChangedEvent() const
 .text._ZN3vex10controller4axisC2ENS0_9tAxisTypeEPS0_
                0x0000000003805c00       0x2c /Users/elliottbeeken/Library/Application Support/Code/User/globalStorage/vexrobotics.vexcode/sdk/cpp/V5/V5_20240802_15_00_00/vexv5/libv5rt.a(vex_controller.cpp.obj)
                0x0000000003805c00                vex::controller::axis::axis(vex::controller::tAxisType, vex::controller*)
                0x0000000003805c00                vex::controller::axis::axis(vex::controller::tAxisType, vex::controller*)
 .text._ZN3vex10controllerC2ENS_14controllerTypeE
                0x0000000003805c2c      0x16c /Users/elliottbeeken/Library/Application Support/Code/User/globalStorage/vexrobotics.vexcode/sdk/cpp/V5/V5_20240802_15_00_00/vexv5/libv5rt.a(vex_controller.cpp.obj)
                0x0000000003805c2c                vex::controller::controller(vex::controllerType)
                0x0000000003805c2c                vex::controller::controller(vex::controllerType)
 .text._ZN3vex4taskC2Ev
                0x0000000003805d98       0x28 /Users/elliottbeeken/Library/Application Support/Code/User/globalStorage/vexrobotics.vexcode/sdk/cpp/V5/V5_20240802_15_00_00/vexv5/libv5rt.a(vex_task.cpp.obj)
                0x0000000003805d98                vex::task::task()
                0x0000000003805d98                vex::task::task()
 .text._ZN3vex4taskC2EPFivE
                0x0000000003805dc0       0x5c /Users/elliottbeeken/Library/Application Support/Code/User/globalStorage/vexrobotics.vexcode/sdk/cpp/V5/V5_20240802_15_00_00/vexv5/libv5rt.a(vex_task.cpp.obj)
                0x0000000003805dc0                vex::task::task(int (*)())
                0x0000000003805dc0                vex::task::task(int (*)())
 .text._ZN3vex4taskD2Ev
                0x0000000003805e1c        0x4 /Users/elliottbeeken/Library/Application Support/Code/User/globalStorage/vexrobotics.vexcode/sdk/cpp/V5/V5_20240802_15_00_00/vexv5/libv5rt.a(vex_task.cpp.obj)
                0x0000000003805e1c                vex::task::~task()
                0x0000000003805e1c                vex::task::~task()
 .text._ZN3vex4task4stopEPvi
                0x0000000003805e20       0x1c /Users/elliottbeeken/Library/Application Support/Code/User/globalStorage/vexrobotics.vexcode/sdk/cpp/V5/V5_20240802_15_00_00/vexv5/libv5rt.a(vex_task.cpp.obj)
                0x0000000003805e20                vex::task::stop(void*, int)
 .text._ZN3vex4task6_indexEPFivE
                0x0000000003805e3c       0x14 /Users/elliottbeeken/Library/Application Support/Code/User/globalStorage/vexrobotics.vexcode/sdk/cpp/V5/V5_20240802_15_00_00/vexv5/libv5rt.a(vex_task.cpp.obj)
                0x0000000003805e3c                vex::task::_index(int (*)())
 .text._ZN3vex4task8_stopAllEv
                0x0000000003805e50       0x3c /Users/elliottbeeken/Library/Application Support/Code/User/globalStorage/vexrobotics.vexcode/sdk/cpp/V5/V5_20240802_15_00_00/vexv5/libv5rt.a(vex_task.cpp.obj)
                0x0000000003805e50                vex::task::_stopAll()
 .text._ZN3vex6threadC2EPFivE
                0x0000000003805e8c       0x5c /Users/elliottbeeken/Library/Application Support/Code/User/globalStorage/vexrobotics.vexcode/sdk/cpp/V5/V5_20240802_15_00_00/vexv5/libv5rt.a(vex_thread.cpp.obj)
                0x0000000003805e8c                vex::thread::thread(int (*)())
                0x0000000003805e8c                vex::thread::thread(int (*)())
 .text._ZN3vex6threadD2Ev
                0x0000000003805ee8        0x4 /Users/elliottbeeken/Library/Application Support/Code/User/globalStorage/vexrobotics.vexcode/sdk/cpp/V5/V5_20240802_15_00_00/vexv5/libv5rt.a(vex_thread.cpp.obj)
                0x0000000003805ee8                vex::thread::~thread()
                0x0000000003805ee8                vex::thread::~thread()
 .text._ZN3vex11this_thread9sleep_forEm
                0x0000000003805eec        0x4 /Users/elliottbeeken/Library/Application Support/Code/User/globalStorage/vexrobotics.vexcode/sdk/cpp/V5/V5_20240802_15_00_00/vexv5/libv5rt.a(vex_thread.cpp.obj)
                0x0000000003805eec                vex::this_thread::sleep_for(unsigned long)
 .text._ZN3vex5event4initEmmPFvvE
                0x0000000003805ef0        0x4 /Users/elliottbeeken/Library/Application Support/Code/User/globalStorage/vexrobotics.vexcode/sdk/cpp/V5/V5_20240802_15_00_00/vexv5/libv5rt.a(vex_event.cpp.obj)
                0x0000000003805ef0                vex::event::init(unsigned long, unsigned long, void (*)())
 .text._ZN3vex5event4initEmmPFvPvES1_
                0x0000000003805ef4        0x4 /Users/elliottbeeken/Library/Application Support/Code/User/globalStorage/vexrobotics.vexcode/sdk/cpp/V5/V5_20240802_15_00_00/vexv5/libv5rt.a(vex_event.cpp.obj)
                0x0000000003805ef4                vex::event::init(unsigned long, unsigned long, void (*)(void*), void*)
 .text._ZN3vex5event9userindexEv
                0x0000000003805ef8        0x4 /Users/elliottbeeken/Library/Application Support/Code/User/globalStorage/vexrobotics.vexcode/sdk/cpp/V5/V5_20240802_15_00_00/vexv5/libv5rt.a(vex_event.cpp.obj)
                0x0000000003805ef8                vex::event::userindex()
 .text._ZZN3vex6meventC4EmmENUlvE_4_FUNEv
                0x0000000003805efc        0x4 /Users/elliottbeeken/Library/Application Support/Code/User/globalStorage/vexrobotics.vexcode/sdk/cpp/V5/V5_20240802_15_00_00/vexv5/libv5rt.a(vex_mevent.cpp.obj)
 .text._ZN3vex6meventC2Emm
                0x0000000003805f00       0x70 /Users/elliottbeeken/Library/Application Support/Code/User/globalStorage/vexrobotics.vexcode/sdk/cpp/V5/V5_20240802_15_00_00/vexv5/libv5rt.a(vex_mevent.cpp.obj)
                0x0000000003805f00                vex::mevent::mevent(unsigned long, unsigned long)
                0x0000000003805f00                vex::mevent::mevent(unsigned long, unsigned long)
 .text._ZN3vex5brain9_getIndexEv
                0x0000000003805f70       0x10 /Users/elliottbeeken/Library/Application Support/Code/User/globalStorage/vexrobotics.vexcode/sdk/cpp/V5/V5_20240802_15_00_00/vexv5/libv5rt.a(vex_brain.cpp.obj)
                0x0000000003805f70                vex::brain::_getIndex()
 .text._ZN3vex5brain5timerENS_9timeUnitsE
                0x0000000003805f80        0x8 /Users/elliottbeeken/Library/Application Support/Code/User/globalStorage/vexrobotics.vexcode/sdk/cpp/V5/V5_20240802_15_00_00/vexv5/libv5rt.a(vex_brain.cpp.obj)
                0x0000000003805f80                vex::brain::timer(vex::timeUnits)
 .text._ZN3vex5brain3lcd9setCursorEll
                0x0000000003805f88       0x44 /Users/elliottbeeken/Library/Application Support/Code/User/globalStorage/vexrobotics.vexcode/sdk/cpp/V5/V5_20240802_15_00_00/vexv5/libv5rt.a(vex_brain.cpp.obj)
                0x0000000003805f88                vex::brain::lcd::setCursor(long, long)
 .text._ZN3vex5brain3lcd7setFontENS_8fontTypeE
                0x0000000003805fcc      0x23c /Users/elliottbeeken/Library/Application Support/Code/User/globalStorage/vexrobotics.vexcode/sdk/cpp/V5/V5_20240802_15_00_00/vexv5/libv5rt.a(vex_brain.cpp.obj)
                0x0000000003805fcc                vex::brain::lcd::setFont(vex::fontType)
 .text._ZN3vex5brain3lcdC2Ev
                0x0000000003806208       0x94 /Users/elliottbeeken/Library/Application Support/Code/User/globalStorage/vexrobotics.vexcode/sdk/cpp/V5/V5_20240802_15_00_00/vexv5/libv5rt.a(vex_brain.cpp.obj)
                0x0000000003806208                vex::brain::lcd::lcd()
                0x0000000003806208                vex::brain::lcd::lcd()
 .text._ZN3vex5brainC2Ev
                0x000000000380629c       0x3c /Users/elliottbeeken/Library/Application Support/Code/User/globalStorage/vexrobotics.vexcode/sdk/cpp/V5/V5_20240802_15_00_00/vexv5/libv5rt.a(vex_brain.cpp.obj)
                0x000000000380629c                vex::brain::brain()
                0x000000000380629c                vex::brain::brain()
 .text._ZN3vex5brain3lcd11setPenColorERKNS_5colorE
                0x00000000038062d8       0x14 /Users/elliottbeeken/Library/Application Support/Code/User/globalStorage/vexrobotics.vexcode/sdk/cpp/V5/V5_20240802_15_00_00/vexv5/libv5rt.a(vex_brain.cpp.obj)
                0x00000000038062d8                vex::brain::lcd::setPenColor(vex::color const&)
 .text._ZN3vex5brain3lcd12_clearScreenEm
                0x00000000038062ec       0x38 /Users/elliottbeeken/Library/Application Support/Code/User/globalStorage/vexrobotics.vexcode/sdk/cpp/V5/V5_20240802_15_00_00/vexv5/libv5rt.a(vex_brain.cpp.obj)
                0x00000000038062ec                vex::brain::lcd::_clearScreen(unsigned long)
 .text._ZN3vex5brain3lcd11clearScreenERKNS_5colorE
                0x0000000003806324       0x20 /Users/elliottbeeken/Library/Application Support/Code/User/globalStorage/vexrobotics.vexcode/sdk/cpp/V5/V5_20240802_15_00_00/vexv5/libv5rt.a(vex_brain.cpp.obj)
                0x0000000003806324                vex::brain::lcd::clearScreen(vex::color const&)
 .text._ZN3vex5brain3lcd9drawPixelEii
                0x0000000003806344       0x14 /Users/elliottbeeken/Library/Application Support/Code/User/globalStorage/vexrobotics.vexcode/sdk/cpp/V5/V5_20240802_15_00_00/vexv5/libv5rt.a(vex_brain.cpp.obj)
                0x0000000003806344                vex::brain::lcd::drawPixel(int, int)
 .text._ZN3vex5brain3lcd8drawLineEiiii
                0x0000000003806358      0x2c4 /Users/elliottbeeken/Library/Application Support/Code/User/globalStorage/vexrobotics.vexcode/sdk/cpp/V5/V5_20240802_15_00_00/vexv5/libv5rt.a(vex_brain.cpp.obj)
                0x0000000003806358                vex::brain::lcd::drawLine(int, int, int, int)
 .text._ZN3vex5brain3lcd10rowToPixelEl
                0x000000000380661c       0x34 /Users/elliottbeeken/Library/Application Support/Code/User/globalStorage/vexrobotics.vexcode/sdk/cpp/V5/V5_20240802_15_00_00/vexv5/libv5rt.a(vex_brain.cpp.obj)
                0x000000000380661c                vex::brain::lcd::rowToPixel(long)
 .text._ZN3vex5brain3lcd5printEPKcz
                0x0000000003806650       0xb8 /Users/elliottbeeken/Library/Application Support/Code/User/globalStorage/vexrobotics.vexcode/sdk/cpp/V5/V5_20240802_15_00_00/vexv5/libv5rt.a(vex_brain.cpp.obj)
                0x0000000003806650                vex::brain::lcd::print(char const*, ...)
 .text._ZN3vex5brainD2Ev
                0x0000000003806708       0x20 /Users/elliottbeeken/Library/Application Support/Code/User/globalStorage/vexrobotics.vexcode/sdk/cpp/V5/V5_20240802_15_00_00/vexv5/libv5rt.a(vex_brain.cpp.obj)
                0x0000000003806708                vex::brain::~brain()
                0x0000000003806708                vex::brain::~brain()
 .text._ZN3vex11competition8_disableEPv
                0x0000000003806728       0xa4 /Users/elliottbeeken/Library/Application Support/Code/User/globalStorage/vexrobotics.vexcode/sdk/cpp/V5/V5_20240802_15_00_00/vexv5/libv5rt.a(vex_competition.cpp.obj)
                0x0000000003806728                vex::competition::_disable(void*)
 .text._ZN3vex11competition11_autonomousEv
                0x00000000038067cc       0x80 /Users/elliottbeeken/Library/Application Support/Code/User/globalStorage/vexrobotics.vexcode/sdk/cpp/V5/V5_20240802_15_00_00/vexv5/libv5rt.a(vex_competition.cpp.obj)
                0x00000000038067cc                vex::competition::_autonomous()
 .text._ZN3vex11competition14_drivercontrolEv
                0x000000000380684c       0x80 /Users/elliottbeeken/Library/Application Support/Code/User/globalStorage/vexrobotics.vexcode/sdk/cpp/V5/V5_20240802_15_00_00/vexv5/libv5rt.a(vex_competition.cpp.obj)
                0x000000000380684c                vex::competition::_drivercontrol()
 .text._ZN3vex11competitionC2Ev
                0x00000000038068cc      0x13c /Users/elliottbeeken/Library/Application Support/Code/User/globalStorage/vexrobotics.vexcode/sdk/cpp/V5/V5_20240802_15_00_00/vexv5/libv5rt.a(vex_competition.cpp.obj)
                0x00000000038068cc                vex::competition::competition()
                0x00000000038068cc                vex::competition::competition()
 .text._ZN3vex11competitionD2Ev
                0x0000000003806a08        0x4 /Users/elliottbeeken/Library/Application Support/Code/User/globalStorage/vexrobotics.vexcode/sdk/cpp/V5/V5_20240802_15_00_00/vexv5/libv5rt.a(vex_competition.cpp.obj)
                0x0000000003806a08                vex::competition::~competition()
                0x0000000003806a08                vex::competition::~competition()
 .text._ZN3vex11competition10autonomousEPFvvE
                0x0000000003806a0c       0x44 /Users/elliottbeeken/Library/Application Support/Code/User/globalStorage/vexrobotics.vexcode/sdk/cpp/V5/V5_20240802_15_00_00/vexv5/libv5rt.a(vex_competition.cpp.obj)
                0x0000000003806a0c                vex::competition::autonomous(void (*)())
 .text._ZN3vex11competition13drivercontrolEPFvvE
                0x0000000003806a50       0x44 /Users/elliottbeeken/Library/Application Support/Code/User/globalStorage/vexrobotics.vexcode/sdk/cpp/V5/V5_20240802_15_00_00/vexv5/libv5rt.a(vex_competition.cpp.obj)
                0x0000000003806a50                vex::competition::drivercontrol(void (*)())
 .text._ZN3vex7triportD2Ev
                0x0000000003806a94       0x38 /Users/elliottbeeken/Library/Application Support/Code/User/globalStorage/vexrobotics.vexcode/sdk/cpp/V5/V5_20240802_15_00_00/vexv5/libv5rt.a(vex_triport.cpp.obj)
                0x0000000003806a94                vex::triport::~triport()
                0x0000000003806a94                vex::triport::~triport()
 .text._ZN3vex7triportD0Ev
                0x0000000003806acc       0x1c /Users/elliottbeeken/Library/Application Support/Code/User/globalStorage/vexrobotics.vexcode/sdk/cpp/V5/V5_20240802_15_00_00/vexv5/libv5rt.a(vex_triport.cpp.obj)
                0x0000000003806acc                vex::triport::~triport()
 .text._ZN3vex7triport9installedEv
                0x0000000003806ae8       0x18 /Users/elliottbeeken/Library/Application Support/Code/User/globalStorage/vexrobotics.vexcode/sdk/cpp/V5/V5_20240802_15_00_00/vexv5/libv5rt.a(vex_triport.cpp.obj)
                0x0000000003806ae8                vex::triport::installed()
 .text._ZN3vex7triport4portC2ElPS0_
                0x0000000003806b00       0x74 /Users/elliottbeeken/Library/Application Support/Code/User/globalStorage/vexrobotics.vexcode/sdk/cpp/V5/V5_20240802_15_00_00/vexv5/libv5rt.a(vex_triport.cpp.obj)
                0x0000000003806b00                vex::triport::port::port(long, vex::triport*)
                0x0000000003806b00                vex::triport::port::port(long, vex::triport*)
 .text._ZN3vex7triportC2El
                0x0000000003806b74       0xf0 /Users/elliottbeeken/Library/Application Support/Code/User/globalStorage/vexrobotics.vexcode/sdk/cpp/V5/V5_20240802_15_00_00/vexv5/libv5rt.a(vex_triport.cpp.obj)
                0x0000000003806b74                vex::triport::triport(long)
                0x0000000003806b74                vex::triport::triport(long)
 .text._ZN3vex7triport4port4typeENS_11triportTypeE
                0x0000000003806c64       0x30 /Users/elliottbeeken/Library/Application Support/Code/User/globalStorage/vexrobotics.vexcode/sdk/cpp/V5/V5_20240802_15_00_00/vexv5/libv5rt.a(vex_triport.cpp.obj)
                0x0000000003806c64                vex::triport::port::type(vex::triportType)
 .text._ZN3vex7triport4port4typeEv
                0x0000000003806c94       0x38 /Users/elliottbeeken/Library/Application Support/Code/User/globalStorage/vexrobotics.vexcode/sdk/cpp/V5/V5_20240802_15_00_00/vexv5/libv5rt.a(vex_triport.cpp.obj)
                0x0000000003806c94                vex::triport::port::type()
 .text._ZN3vex7triport4port5valueEl
                0x0000000003806ccc       0x18 /Users/elliottbeeken/Library/Application Support/Code/User/globalStorage/vexrobotics.vexcode/sdk/cpp/V5/V5_20240802_15_00_00/vexv5/libv5rt.a(vex_triport.cpp.obj)
                0x0000000003806ccc                vex::triport::port::value(long)
 .text._ZN3vex11__trideviceC2ERNS_7triport4portENS_11triportTypeE
                0x0000000003806ce4       0x5c /Users/elliottbeeken/Library/Application Support/Code/User/globalStorage/vexrobotics.vexcode/sdk/cpp/V5/V5_20240802_15_00_00/vexv5/libv5rt.a(vex_triport.cpp.obj)
                0x0000000003806ce4                vex::__tridevice::__tridevice(vex::triport::port&, vex::triportType)
                0x0000000003806ce4                vex::__tridevice::__tridevice(vex::triport::port&, vex::triportType)
 .text._ZN3vex11digital_outC2ERNS_7triport4portE
                0x0000000003806d40       0x18 /Users/elliottbeeken/Library/Application Support/Code/User/globalStorage/vexrobotics.vexcode/sdk/cpp/V5/V5_20240802_15_00_00/vexv5/libv5rt.a(vex_triport.cpp.obj)
                0x0000000003806d40                vex::digital_out::digital_out(vex::triport::port&)
                0x0000000003806d40                vex::digital_out::digital_out(vex::triport::port&)
 .text._ZN3vex11digital_outD2Ev
                0x0000000003806d58        0x4 /Users/elliottbeeken/Library/Application Support/Code/User/globalStorage/vexrobotics.vexcode/sdk/cpp/V5/V5_20240802_15_00_00/vexv5/libv5rt.a(vex_triport.cpp.obj)
                0x0000000003806d58                vex::digital_out::~digital_out()
                0x0000000003806d58                vex::digital_out::~digital_out()
 .text._ZN3vex11digital_out3setEb
                0x0000000003806d5c        0x8 /Users/elliottbeeken/Library/Application Support/Code/User/globalStorage/vexrobotics.vexcode/sdk/cpp/V5/V5_20240802_15_00_00/vexv5/libv5rt.a(vex_triport.cpp.obj)
                0x0000000003806d5c                vex::digital_out::set(bool)
 .text._ZN3vex5colorD2Ev
                0x0000000003806d64        0x4 /Users/elliottbeeken/Library/Application Support/Code/User/globalStorage/vexrobotics.vexcode/sdk/cpp/V5/V5_20240802_15_00_00/vexv5/libv5rt.a(vex_color.cpp.obj)
                0x0000000003806d64                vex::color::~color()
                0x0000000003806d64                vex::color::~color()
 .text._ZNK3vex5colorcvmEv
                0x0000000003806d68        0x8 /Users/elliottbeeken/Library/Application Support/Code/User/globalStorage/vexrobotics.vexcode/sdk/cpp/V5/V5_20240802_15_00_00/vexv5/libv5rt.a(vex_color.cpp.obj)
                0x0000000003806d68                vex::color::operator unsigned long() const
 .text.startup._GLOBAL__sub_I__ZN3vex5color5blackE
                0x0000000003806d70      0x164 /Users/elliottbeeken/Library/Application Support/Code/User/globalStorage/vexrobotics.vexcode/sdk/cpp/V5/V5_20240802_15_00_00/vexv5/libv5rt.a(vex_color.cpp.obj)
 .text._ZN3vex5timerD2Ev
                0x0000000003806ed4        0x4 /Users/elliottbeeken/Library/Application Support/Code/User/globalStorage/vexrobotics.vexcode/sdk/cpp/V5/V5_20240802_15_00_00/vexv5/libv5rt.a(vex_timer.cpp.obj)
                0x0000000003806ed4                vex::timer::~timer()
                0x0000000003806ed4                vex::timer::~timer()
 .text._ZN3vex5timer5clearEv
                0x0000000003806ed8       0x1c /Users/elliottbeeken/Library/Application Support/Code/User/globalStorage/vexrobotics.vexcode/sdk/cpp/V5/V5_20240802_15_00_00/vexv5/libv5rt.a(vex_timer.cpp.obj)
                0x0000000003806ed8                vex::timer::clear()
 .text._ZN3vex5timerC2Ev
                0x0000000003806ef4       0x14 /Users/elliottbeeken/Library/Application Support/Code/User/globalStorage/vexrobotics.vexcode/sdk/cpp/V5/V5_20240802_15_00_00/vexv5/libv5rt.a(vex_timer.cpp.obj)
                0x0000000003806ef4                vex::timer::timer()
                0x0000000003806ef4                vex::timer::timer()
 .text._ZNK3vex5timer4timeENS_9timeUnitsE
                0x0000000003806f08       0x40 /Users/elliottbeeken/Library/Application Support/Code/User/globalStorage/vexrobotics.vexcode/sdk/cpp/V5/V5_20240802_15_00_00/vexv5/libv5rt.a(vex_timer.cpp.obj)
                0x0000000003806f08                vex::timer::time(vex::timeUnits) const
 .text._ZN3vex11motor_group18motor_group_motorsC2Ev
                0x0000000003806f48       0x28 /Users/elliottbeeken/Library/Application Support/Code/User/globalStorage/vexrobotics.vexcode/sdk/cpp/V5/V5_20240802_15_00_00/vexv5/libv5rt.a(vex_motorgroup.cpp.obj)
                0x0000000003806f48                vex::motor_group::motor_group_motors::motor_group_motors()
                0x0000000003806f48                vex::motor_group::motor_group_motors::motor_group_motors()
 .text._ZN3vex11motor_groupC2Ev
                0x0000000003806f70       0x1c /Users/elliottbeeken/Library/Application Support/Code/User/globalStorage/vexrobotics.vexcode/sdk/cpp/V5/V5_20240802_15_00_00/vexv5/libv5rt.a(vex_motorgroup.cpp.obj)
                0x0000000003806f70                vex::motor_group::motor_group()
                0x0000000003806f70                vex::motor_group::motor_group()
 .text._ZN3vex11motor_groupD2Ev
                0x0000000003806f8c        0x4 /Users/elliottbeeken/Library/Application Support/Code/User/globalStorage/vexrobotics.vexcode/sdk/cpp/V5/V5_20240802_15_00_00/vexv5/libv5rt.a(vex_motorgroup.cpp.obj)
                0x0000000003806f8c                vex::motor_group::~motor_group()
                0x0000000003806f8c                vex::motor_group::~motor_group()
 .text._ZN3vex11motor_group9_addMotorERNS_5motorE
                0x0000000003806f90       0x20 /Users/elliottbeeken/Library/Application Support/Code/User/globalStorage/vexrobotics.vexcode/sdk/cpp/V5/V5_20240802_15_00_00/vexv5/libv5rt.a(vex_motorgroup.cpp.obj)
                0x0000000003806f90                vex::motor_group::_addMotor(vex::motor&)
 .text._ZN3vex11motor_group11setPositionEdNS_13rotationUnitsE
                0x0000000003806fb0       0x4c /Users/elliottbeeken/Library/Application Support/Code/User/globalStorage/vexrobotics.vexcode/sdk/cpp/V5/V5_20240802_15_00_00/vexv5/libv5rt.a(vex_motorgroup.cpp.obj)
                0x0000000003806fb0                vex::motor_group::setPosition(double, vex::rotationUnits)
 .text._ZN3vex11motor_group4spinENS_13directionTypeEdNS_12voltageUnitsE
                0x0000000003806ffc       0x54 /Users/elliottbeeken/Library/Application Support/Code/User/globalStorage/vexrobotics.vexcode/sdk/cpp/V5/V5_20240802_15_00_00/vexv5/libv5rt.a(vex_motorgroup.cpp.obj)
                0x0000000003806ffc                vex::motor_group::spin(vex::directionType, double, vex::voltageUnits)
 .text._ZN3vex11motor_group4stopENS_9brakeTypeE
                0x0000000003807050       0x38 /Users/elliottbeeken/Library/Application Support/Code/User/globalStorage/vexrobotics.vexcode/sdk/cpp/V5/V5_20240802_15_00_00/vexv5/libv5rt.a(vex_motorgroup.cpp.obj)
                0x0000000003807050                vex::motor_group::stop(vex::brakeType)
 .text._ZN3vex11motor_group8positionENS_13rotationUnitsE
                0x0000000003807088        0xc /Users/elliottbeeken/Library/Application Support/Code/User/globalStorage/vexrobotics.vexcode/sdk/cpp/V5/V5_20240802_15_00_00/vexv5/libv5rt.a(vex_motorgroup.cpp.obj)
                0x0000000003807088                vex::motor_group::position(vex::rotationUnits)
 .text.vexAdiPortConfigSet
                0x0000000003807094       0x28 /Users/elliottbeeken/Library/Application Support/Code/User/globalStorage/vexrobotics.vexcode/sdk/cpp/V5/V5_20240802_15_00_00/vexv5/libv5rt.a(v5_apiuser.c.obj)
                0x0000000003807094                vexAdiPortConfigSet
 .text.vexAdiPortConfigGet
                0x00000000038070bc       0x28 /Users/elliottbeeken/Library/Application Support/Code/User/globalStorage/vexrobotics.vexcode/sdk/cpp/V5/V5_20240802_15_00_00/vexv5/libv5rt.a(v5_apiuser.c.obj)
                0x00000000038070bc                vexAdiPortConfigGet
 .text.vexAdiValueSet
                0x00000000038070e4       0x28 /Users/elliottbeeken/Library/Application Support/Code/User/globalStorage/vexrobotics.vexcode/sdk/cpp/V5/V5_20240802_15_00_00/vexv5/libv5rt.a(v5_apiuser.c.obj)
                0x00000000038070e4                vexAdiValueSet
 .text.vexMotorVelocitySet
                0x000000000380710c       0x20 /Users/elliottbeeken/Library/Application Support/Code/User/globalStorage/vexrobotics.vexcode/sdk/cpp/V5/V5_20240802_15_00_00/vexv5/libv5rt.a(v5_apiuser.c.obj)
                0x000000000380710c                vexMotorVelocitySet
 .text.vexMotorVoltageSet
                0x000000000380712c       0x20 /Users/elliottbeeken/Library/Application Support/Code/User/globalStorage/vexrobotics.vexcode/sdk/cpp/V5/V5_20240802_15_00_00/vexv5/libv5rt.a(v5_apiuser.c.obj)
                0x000000000380712c                vexMotorVoltageSet
 .text.vexMotorActualVelocityGet
                0x000000000380714c       0x24 /Users/elliottbeeken/Library/Application Support/Code/User/globalStorage/vexrobotics.vexcode/sdk/cpp/V5/V5_20240802_15_00_00/vexv5/libv5rt.a(v5_apiuser.c.obj)
                0x000000000380714c                vexMotorActualVelocityGet
 .text.vexMotorReverseFlagSet
                0x0000000003807170       0x20 /Users/elliottbeeken/Library/Application Support/Code/User/globalStorage/vexrobotics.vexcode/sdk/cpp/V5/V5_20240802_15_00_00/vexv5/libv5rt.a(v5_apiuser.c.obj)
                0x0000000003807170                vexMotorReverseFlagSet
 .text.vexMotorEncoderUnitsSet
                0x0000000003807190       0x20 /Users/elliottbeeken/Library/Application Support/Code/User/globalStorage/vexrobotics.vexcode/sdk/cpp/V5/V5_20240802_15_00_00/vexv5/libv5rt.a(v5_apiuser.c.obj)
                0x0000000003807190                vexMotorEncoderUnitsSet
 .text.vexMotorBrakeModeSet
                0x00000000038071b0       0x20 /Users/elliottbeeken/Library/Application Support/Code/User/globalStorage/vexrobotics.vexcode/sdk/cpp/V5/V5_20240802_15_00_00/vexv5/libv5rt.a(v5_apiuser.c.obj)
                0x00000000038071b0                vexMotorBrakeModeSet
 .text.vexMotorPositionSet
                0x00000000038071d0       0x28 /Users/elliottbeeken/Library/Application Support/Code/User/globalStorage/vexrobotics.vexcode/sdk/cpp/V5/V5_20240802_15_00_00/vexv5/libv5rt.a(v5_apiuser.c.obj)
                0x00000000038071d0                vexMotorPositionSet
 .text.vexMotorPositionGet
                0x00000000038071f8       0x24 /Users/elliottbeeken/Library/Application Support/Code/User/globalStorage/vexrobotics.vexcode/sdk/cpp/V5/V5_20240802_15_00_00/vexv5/libv5rt.a(v5_apiuser.c.obj)
                0x00000000038071f8                vexMotorPositionGet
 .text.vexMotorGearingSet
                0x000000000380721c       0x20 /Users/elliottbeeken/Library/Application Support/Code/User/globalStorage/vexrobotics.vexcode/sdk/cpp/V5/V5_20240802_15_00_00/vexv5/libv5rt.a(v5_apiuser.c.obj)
                0x000000000380721c                vexMotorGearingSet
 .text.vexMotorGearingGet
                0x000000000380723c       0x18 /Users/elliottbeeken/Library/Application Support/Code/User/globalStorage/vexrobotics.vexcode/sdk/cpp/V5/V5_20240802_15_00_00/vexv5/libv5rt.a(v5_apiuser.c.obj)
                0x000000000380723c                vexMotorGearingGet
 .text.vexImuReset
                0x0000000003807254       0x10 /Users/elliottbeeken/Library/Application Support/Code/User/globalStorage/vexrobotics.vexcode/sdk/cpp/V5/V5_20240802_15_00_00/vexv5/libv5rt.a(v5_apiuser.c.obj)
                0x0000000003807254                vexImuReset
 .text.vexImuHeadingGet
                0x0000000003807264       0x10 /Users/elliottbeeken/Library/Application Support/Code/User/globalStorage/vexrobotics.vexcode/sdk/cpp/V5/V5_20240802_15_00_00/vexv5/libv5rt.a(v5_apiuser.c.obj)
                0x0000000003807264                vexImuHeadingGet
 .text.vexImuDegreesGet
                0x0000000003807274       0x10 /Users/elliottbeeken/Library/Application Support/Code/User/globalStorage/vexrobotics.vexcode/sdk/cpp/V5/V5_20240802_15_00_00/vexv5/libv5rt.a(v5_apiuser.c.obj)
                0x0000000003807274                vexImuDegreesGet
 .text.vexImuStatusGet
                0x0000000003807284       0x10 /Users/elliottbeeken/Library/Application Support/Code/User/globalStorage/vexrobotics.vexcode/sdk/cpp/V5/V5_20240802_15_00_00/vexv5/libv5rt.a(v5_apiuser.c.obj)
                0x0000000003807284                vexImuStatusGet
 .text.vexAbsEncPositionGet
                0x0000000003807294       0x10 /Users/elliottbeeken/Library/Application Support/Code/User/globalStorage/vexrobotics.vexcode/sdk/cpp/V5/V5_20240802_15_00_00/vexv5/libv5rt.a(v5_apiuser.c.obj)
                0x0000000003807294                vexAbsEncPositionGet
 .text.vexAbsEncAngleGet
                0x00000000038072a4       0x10 /Users/elliottbeeken/Library/Application Support/Code/User/globalStorage/vexrobotics.vexcode/sdk/cpp/V5/V5_20240802_15_00_00/vexv5/libv5rt.a(v5_apiuser.c.obj)
                0x00000000038072a4                vexAbsEncAngleGet
 .text.vexAbsEncReverseFlagSet
                0x00000000038072b4       0x18 /Users/elliottbeeken/Library/Application Support/Code/User/globalStorage/vexrobotics.vexcode/sdk/cpp/V5/V5_20240802_15_00_00/vexv5/libv5rt.a(v5_apiuser.c.obj)
                0x00000000038072b4                vexAbsEncReverseFlagSet
 .text.vexOpticalHueGet
                0x00000000038072cc       0x10 /Users/elliottbeeken/Library/Application Support/Code/User/globalStorage/vexrobotics.vexcode/sdk/cpp/V5/V5_20240802_15_00_00/vexv5/libv5rt.a(v5_apiuser.c.obj)
                0x00000000038072cc                vexOpticalHueGet
 .text.vexOpticalGestureEnable
                0x00000000038072dc       0x10 /Users/elliottbeeken/Library/Application Support/Code/User/globalStorage/vexrobotics.vexcode/sdk/cpp/V5/V5_20240802_15_00_00/vexv5/libv5rt.a(v5_apiuser.c.obj)
                0x00000000038072dc                vexOpticalGestureEnable
 .text.vexOpticalGestureDisable
                0x00000000038072ec       0x10 /Users/elliottbeeken/Library/Application Support/Code/User/globalStorage/vexrobotics.vexcode/sdk/cpp/V5/V5_20240802_15_00_00/vexv5/libv5rt.a(v5_apiuser.c.obj)
                0x00000000038072ec                vexOpticalGestureDisable
 .text.vexOpticalProximityThreshold
                0x00000000038072fc       0x18 /Users/elliottbeeken/Library/Application Support/Code/User/globalStorage/vexrobotics.vexcode/sdk/cpp/V5/V5_20240802_15_00_00/vexv5/libv5rt.a(v5_apiuser.c.obj)
                0x00000000038072fc                vexOpticalProximityThreshold
 .text.vexDistanceDistanceGet
                0x0000000003807314       0x10 /Users/elliottbeeken/Library/Application Support/Code/User/globalStorage/vexrobotics.vexcode/sdk/cpp/V5/V5_20240802_15_00_00/vexv5/libv5rt.a(v5_apiuser.c.obj)
                0x0000000003807314                vexDistanceDistanceGet
 .text.vexEventMaskSet
                0x0000000003807324       0x28 /Users/elliottbeeken/Library/Application Support/Code/User/globalStorage/vexrobotics.vexcode/sdk/cpp/V5/V5_20240802_15_00_00/vexv5/libv5rt.a(v5_apiuser.c.obj)
                0x0000000003807324                vexEventMaskSet
 .text.vexEventMaskGet
                0x000000000380734c       0x18 /Users/elliottbeeken/Library/Application Support/Code/User/globalStorage/vexrobotics.vexcode/sdk/cpp/V5/V5_20240802_15_00_00/vexv5/libv5rt.a(v5_apiuser.c.obj)
                0x000000000380734c                vexEventMaskGet
 .text._ZN3vex6deviceD2Ev
                0x0000000003807364        0x4 /Users/elliottbeeken/Library/Application Support/Code/User/globalStorage/vexrobotics.vexcode/sdk/cpp/V5/V5_20240802_15_00_00/vexv5/libv5rt.a(vex_device.cpp.obj)
                0x0000000003807364                vex::device::~device()
                0x0000000003807364                vex::device::~device()
 .text._ZN3vex6device5valueEv
                0x0000000003807368        0x8 /Users/elliottbeeken/Library/Application Support/Code/User/globalStorage/vexrobotics.vexcode/sdk/cpp/V5/V5_20240802_15_00_00/vexv5/libv5rt.a(vex_device.cpp.obj)
                0x0000000003807368                vex::device::value()
 .text._ZN3vex6deviceD0Ev
                0x0000000003807370       0x14 /Users/elliottbeeken/Library/Application Support/Code/User/globalStorage/vexrobotics.vexcode/sdk/cpp/V5/V5_20240802_15_00_00/vexv5/libv5rt.a(vex_device.cpp.obj)
                0x0000000003807370                vex::device::~device()
 .text._ZN3vex6device4initEl
                0x0000000003807384       0x30 /Users/elliottbeeken/Library/Application Support/Code/User/globalStorage/vexrobotics.vexcode/sdk/cpp/V5/V5_20240802_15_00_00/vexv5/libv5rt.a(vex_device.cpp.obj)
                0x0000000003807384                vex::device::init(long)
 .text._ZN3vex6deviceC2El
                0x00000000038073b4       0x20 /Users/elliottbeeken/Library/Application Support/Code/User/globalStorage/vexrobotics.vexcode/sdk/cpp/V5/V5_20240802_15_00_00/vexv5/libv5rt.a(vex_device.cpp.obj)
                0x00000000038073b4                vex::device::device(long)
                0x00000000038073b4                vex::device::device(long)
 .text._ZN3vex6device4typeEv
                0x00000000038073d4       0x10 /Users/elliottbeeken/Library/Application Support/Code/User/globalStorage/vexrobotics.vexcode/sdk/cpp/V5/V5_20240802_15_00_00/vexv5/libv5rt.a(vex_device.cpp.obj)
                0x00000000038073d4                vex::device::type()
 .text._ZN3vex6device9installedEv
                0x00000000038073e4       0x14 /Users/elliottbeeken/Library/Application Support/Code/User/globalStorage/vexrobotics.vexcode/sdk/cpp/V5/V5_20240802_15_00_00/vexv5/libv5rt.a(vex_device.cpp.obj)
                0x00000000038073e4                vex::device::installed()
 .text.__libc_fini_array
                0x00000000038073f8       0x30 /Users/elliottbeeken/Library/Application Support/Code/User/globalStorage/vexrobotics.vexcode/sdk/cpp/V5/V5_20240802_15_00_00/vexv5/gcc/libs/libc.a(lib_a-fini.o)
                0x00000000038073f8                __libc_fini_array
 .text.__libc_init_array
                0x0000000003807428       0x58 /Users/elliottbeeken/Library/Application Support/Code/User/globalStorage/vexrobotics.vexcode/sdk/cpp/V5/V5_20240802_15_00_00/vexv5/gcc/libs/libc.a(lib_a-init.o)
                0x0000000003807428                __libc_init_array
 .text.hypot    0x0000000003807480       0xb4 /Users/elliottbeeken/Library/Application Support/Code/User/globalStorage/vexrobotics.vexcode/sdk/cpp/V5/V5_20240802_15_00_00/vexv5/gcc/libs/libm.a(lib_a-w_hypot.o)
                0x0000000003807480                hypot
 .text.__ieee754_hypot
                0x0000000003807534      0x198 /Users/elliottbeeken/Library/Application Support/Code/User/globalStorage/vexrobotics.vexcode/sdk/cpp/V5/V5_20240802_15_00_00/vexv5/gcc/libs/libm.a(lib_a-e_hypot.o)
                0x0000000003807534                __ieee754_hypot
 *fill*         0x00000000038076cc        0x4 
 .text.__ieee754_hypot.__stub
                0x00000000038076d0       0x18 linker stubs
 *(.gnu.linkonce.t.*)
 *(.plt)
 *(.gnu_warning)
 *(.gcc_except_table)
 *(.glue_7)
 .glue_7        0x00000000038076e8        0x0 linker stubs
 *(.glue_7t)
 .glue_7t       0x00000000038076e8        0x0 linker stubs
 *(.vfp11_veneer)
 .vfp11_veneer  0x00000000038076e8        0x0 linker stubs
 *(.ARM.extab)
 *(.gnu.linkonce.armextab.*)

.v4_bx          0x00000000038076e8        0x0
 .v4_bx         0x00000000038076e8        0x0 linker stubs

.iplt           0x00000000038076e8        0x0
 .iplt          0x00000000038076e8        0x0 build/src/main.o

.init
 *(.init)

.fini
 *(.fini)

.rodata         0x00000000038076e8      0x234
                0x00000000038076e8                __rodata_start = .
 *(.rodata)
 *(.rodata.*)
 .rodata.str1.1
                0x00000000038076e8        0x5 build/custom/src/user.o
 .rodata.str1.1
                0x00000000038076ed       0x2e /Users/elliottbeeken/Library/Application Support/Code/User/globalStorage/vexrobotics.vexcode/sdk/cpp/V5/V5_20240802_15_00_00/vexv5/libv5rt.a(v5_startup.c.obj)
 *fill*         0x000000000380771b        0x1 
 .rodata._ZN3vex6PORT20E
                0x000000000380771c        0x4 /Users/elliottbeeken/Library/Application Support/Code/User/globalStorage/vexrobotics.vexcode/sdk/cpp/V5/V5_20240802_15_00_00/vexv5/libv5rt.a(vex_global.cpp.obj)
                0x000000000380771c                vex::PORT20
 .rodata._ZN3vex3fwdE
                0x0000000003807720        0x4 /Users/elliottbeeken/Library/Application Support/Code/User/globalStorage/vexrobotics.vexcode/sdk/cpp/V5/V5_20240802_15_00_00/vexv5/libv5rt.a(vex_global.cpp.obj)
                0x0000000003807720                vex::fwd
 .rodata._ZN3vex5PORT3E
                0x0000000003807724        0x4 /Users/elliottbeeken/Library/Application Support/Code/User/globalStorage/vexrobotics.vexcode/sdk/cpp/V5/V5_20240802_15_00_00/vexv5/libv5rt.a(vex_global.cpp.obj)
                0x0000000003807724                vex::PORT3
 .rodata._ZN3vex5PORT1E
                0x0000000003807728        0x4 /Users/elliottbeeken/Library/Application Support/Code/User/globalStorage/vexrobotics.vexcode/sdk/cpp/V5/V5_20240802_15_00_00/vexv5/libv5rt.a(vex_global.cpp.obj)
                0x0000000003807728                vex::PORT1
 .rodata._ZN3vex7reverseE
                0x000000000380772c        0x4 /Users/elliottbeeken/Library/Application Support/Code/User/globalStorage/vexrobotics.vexcode/sdk/cpp/V5/V5_20240802_15_00_00/vexv5/libv5rt.a(vex_global.cpp.obj)
                0x000000000380772c                vex::reverse
 .rodata._ZN3vex7forwardE
                0x0000000003807730        0x4 /Users/elliottbeeken/Library/Application Support/Code/User/globalStorage/vexrobotics.vexcode/sdk/cpp/V5/V5_20240802_15_00_00/vexv5/libv5rt.a(vex_global.cpp.obj)
                0x0000000003807730                vex::forward
 .rodata._ZN3vex3redE
                0x0000000003807734        0x4 /Users/elliottbeeken/Library/Application Support/Code/User/globalStorage/vexrobotics.vexcode/sdk/cpp/V5/V5_20240802_15_00_00/vexv5/libv5rt.a(vex_global.cpp.obj)
                0x0000000003807734                vex::red
 .rodata._ZN3vex5blackE
                0x0000000003807738        0x4 /Users/elliottbeeken/Library/Application Support/Code/User/globalStorage/vexrobotics.vexcode/sdk/cpp/V5/V5_20240802_15_00_00/vexv5/libv5rt.a(vex_global.cpp.obj)
                0x0000000003807738                vex::black
 .rodata._ZN3vex4msecE
                0x000000000380773c        0x4 /Users/elliottbeeken/Library/Application Support/Code/User/globalStorage/vexrobotics.vexcode/sdk/cpp/V5/V5_20240802_15_00_00/vexv5/libv5rt.a(vex_global.cpp.obj)