Archive member included to satisfy reference by file (symbol)

/Users/elliottbeeken/Library/Application Support/Code/User/globalStorage/vexrobotics.vexcode/sdk/cpp/V5/V5_20240802_15_00_00/vexv5/libv5rt.a(v5_startup.c.obj)
                              (vexStartup)
/Users/elliottbeeken/Library/Application Support/Code/User/globalStorage/vexrobotics.vexcode/sdk/cpp/V5/V5_20240802_15_00_00/vexv5/libv5rt.a(v5_util.c.obj)
                              /Users/elliottbeeken/Library/Application Support/Code/User/globalStorage/vexrobotics.vexcode/sdk/cpp/V5/V5_20240802_15_00_00/vexv5/libv5rt.a(v5_startup.c.obj) (vexStdlibVersionLinked)
/Users/elliottbeeken/Library/Application Support/Code/User/globalStorage/vexrobotics.vexcode/sdk/cpp/V5/V5_20240802_15_00_00/vexv5/libv5rt.a(v5_apijump.c.obj)
                              /Users/elliottbeeken/Library/Application Support/Code/User/globalStorage/vexrobotics.vexcode/sdk/cpp/V5/V5_20240802_15_00_00/vexv5/libv5rt.a(v5_startup.c.obj) (vexPrivateApiEnable)
/Users/elliottbeeken/Library/Application Support/Code/User/globalStorage/vexrobotics.vexcode/sdk/cpp/V5/V5_20240802_15_00_00/vexv5/libv5rt.a(v5_apiversions.c.obj)
                              /Users/elliottbeeken/Library/Application Support/Code/User/globalStorage/vexrobotics.vexcode/sdk/cpp/V5/V5_20240802_15_00_00/vexv5/libv5rt.a(v5_apijump.c.obj) (vexSystemVersion)
/Users/elliottbeeken/Library/Application Support/Code/User/globalStorage/vexrobotics.vexcode/sdk/cpp/V5/V5_20240802_15_00_00/vexv5/libv5rt.a(vex_global.cpp.obj)
                              build/src/main.o (vex::wait(double, vex::timeUnits))
/Users/elliottbeeken/Library/Application Support/Code/User/globalStorage/vexrobotics.vexcode/sdk/cpp/V5/V5_20240802_15_00_00/vexv5/libv5rt.a(vex_motor.cpp.obj)
                              build/custom/src/robot-config.o (vex::motor::~motor())
/Users/elliottbeeken/Library/Application Support/Code/User/globalStorage/vexrobotics.vexcode/sdk/cpp/V5/V5_20240802_15_00_00/vexv5/libv5rt.a(vex_imu.cpp.obj)
                              build/custom/src/robot-config.o (vex::inertial::~inertial())
/Users/elliottbeeken/Library/Application Support/Code/User/globalStorage/vexrobotics.vexcode/sdk/cpp/V5/V5_20240802_15_00_00/vexv5/libv5rt.a(vex_rotation.cpp.obj)
                              build/custom/src/robot-config.o (vex::rotation::~rotation())
/Users/elliottbeeken/Library/Application Support/Code/User/globalStorage/vexrobotics.vexcode/sdk/cpp/V5/V5_20240802_15_00_00/vexv5/libv5rt.a(vex_optical.cpp.obj)
                              build/custom/src/robot-config.o (vex::optical::~optical())
/Users/elliottbeeken/Library/Application Support/Code/User/globalStorage/vexrobotics.vexcode/sdk/cpp/V5/V5_20240802_15_00_00/vexv5/libv5rt.a(vex_distance.cpp.obj)
                              build/custom/src/robot-config.o (vex::distance::~distance())
/Users/elliottbeeken/Library/Application Support/Code/User/globalStorage/vexrobotics.vexcode/sdk/cpp/V5/V5_20240802_15_00_00/vexv5/libv5rt.a(vex_controller.cpp.obj)
                              build/custom/src/robot-config.o (vex::controller::~controller())
/Users/elliottbeeken/Library/Application Support/Code/User/globalStorage/vexrobotics.vexcode/sdk/cpp/V5/V5_20240802_15_00_00/vexv5/libv5rt.a(vex_thread.cpp.obj)
                              build/custom/src/autonomous.o (vex::thread::thread(int (*)()))
/Users/elliottbeeken/Library/Application Support/Code/User/globalStorage/vexrobotics.vexcode/sdk/cpp/V5/V5_20240802_15_00_00/vexv5/libv5rt.a(vex_event.cpp.obj)
                              /Users/elliottbeeken/Library/Application Support/Code/User/globalStorage/vexrobotics.vexcode/sdk/cpp/V5/V5_20240802_15_00_00/vexv5/libv5rt.a(vex_imu.cpp.obj) (vex::event::init(unsigned long, unsigned long, void (*)()))
/Users/elliottbeeken/Library/Application Support/Code/User/globalStorage/vexrobotics.vexcode/sdk/cpp/V5/V5_20240802_15_00_00/vexv5/libv5rt.a(vex_mevent.cpp.obj)
                              /Users/elliottbeeken/Library/Application Support/Code/User/globalStorage/vexrobotics.vexcode/sdk/cpp/V5/V5_20240802_15_00_00/vexv5/libv5rt.a(vex_controller.cpp.obj) (vex::mevent::mevent(unsigned long, unsigned long))
/Users/elliottbeeken/Library/Application Support/Code/User/globalStorage/vexrobotics.vexcode/sdk/cpp/V5/V5_20240802_15_00_00/vexv5/libv5rt.a(vex_brain.cpp.obj)
                              build/src/motor-control.o (vex::brain::timer(vex::timeUnits))
/Users/elliottbeeken/Library/Application Support/Code/User/globalStorage/vexrobotics.vexcode/sdk/cpp/V5/V5_20240802_15_00_00/vexv5/libv5rt.a(vex_competition.cpp.obj)
                              build/src/main.o (vex::competition::competition())
/Users/elliottbeeken/Library/Application Support/Code/User/globalStorage/vexrobotics.vexcode/sdk/cpp/V5/V5_20240802_15_00_00/vexv5/libv5rt.a(vex_triport.cpp.obj)
[...]
Memory Configuration

Name             Origin             Length             Attributes
ps7_ddr_0_S_AXI_BASEADDR 0x0000000003800000 0x0000000004800000
*default*        0x0000000000000000 0xffffffffffffffff

Linker script and memory map

                0x0000000000002000                _STACK_SIZE = DEFINED (_STACK_SIZE)?_STACK_SIZE:0x2000
                0x0000000000100000                _HEAP_SIZE = DEFINED (_HEAP_SIZE)?_HEAP_SIZE:0x100000
                0x0000000000000400                _ABORT_STACK_SIZE = DEFINED (_ABORT_STACK_SIZE)?_ABORT_STACK_SIZE:0x400
                0x0000000000000800                _SUPERVISOR_STACK_SIZE = DEFINED (_SUPERVISOR_STACK_SIZE)?_SUPERVISOR_STACK_SIZE:0x800
                0x0000000000000400                _IRQ_STACK_SIZE = DEFINED (_IRQ_STACK_SIZE)?_IRQ_STACK_SIZE:0x400
                0x0000000000000400                _FIQ_STACK_SIZE = DEFINED (_FIQ_STACK_SIZE)?_FIQ_STACK_SIZE:0x400
                0x0000000000000400                _UNDEF_STACK_SIZE = DEFINED (_UNDEF_STACK_SIZE)?_UNDEF_STACK_SIZE:0x400

.text           0x0000000003800000     0x8208
 *(.vectors)
 *(.boot_data)
 .boot_data     0x0000000003800000       0x20 /Users/elliottbeeken/Library/Application Support/Code/User/globalStorage/vexrobotics.vexcode/sdk/cpp/V5/V5_20240802_15_00_00/vexv5/libv5rt.a(v5_startup.c.obj)
                0x0000000003800000                vexCodeSig
                0x0000000000000020                . = 0x20
 *(.boot)
 .boot          0x0000000003800020       0xbc /Users/elliottbeeken/Library/Application Support/Code/User/globalStorage/vexrobotics.vexcode/sdk/cpp/V5/V5_20240802_15_00_00/vexv5/libv5rt.a(v5_startup.c.obj)
                0x0000000003800020                vexStartup
                0x0000000003800100                . = ALIGN (0x40)
 *fill*         0x00000000038000dc       0x24 
 *(.freertos_vectors)
 *(.text)
 *(.text.*)
 .text._Z10autonomousv
                0x0000000003800100        0x4 build/src/main.o
                0x0000000003800100                autonomous()
 .text._Z11usercontrolv
                0x0000000003800104        0x4 build/src/main.o
                0x0000000003800104                usercontrol()
 .text.main     0x0000000003800108       0x68 build/src/main.o
                0x0000000003800108                main
 .text._GLOBAL__sub_I_main.cpp
                0x0000000003800170       0x34 build/src/main.o
 .text._Z12driveChassisdd
                0x00000000038001a4       0x64 build/src/motor-control.o
                0x00000000038001a4                driveChassis(double, double)
 .text._Z11stopChassisN3vex9brakeTypeE
                0x0000000003800208       0x30 build/src/motor-control.o
                0x0000000003800208                stopChassis(vex::brakeType)
 .text._Z12resetChassisv
                0x0000000003800238       0x58 build/src/motor-control.o
                0x0000000003800238                resetChassis()
 .text._Z21getLeftRotationDegreev
                0x0000000003800290       0x70 build/src/motor-control.o
                0x0000000003800290                getLeftRotationDegree()
 .text._Z22getRightRotationDegreev
                0x0000000003800300       0x78 build/src/motor-control.o
                0x0000000003800300                getRightRotationDegree()
 .text._Z15normalizeTargetd
                0x0000000003800378      0x128 build/src/motor-control.o
                0x0000000003800378                normalizeTarget(double)
 .text._Z10scaleToMinRdS_d
                0x00000000038004a0       0xe4 build/src/motor-control.o
                0x00000000038004a0                scaleToMin(double&, double&, double)
 .text._Z10scaleToMaxRdS_d
                0x0000000003800584       0xb4 build/src/motor-control.o
                0x0000000003800584                scaleToMax(double&, double&, double)
 .text._Z11turnToAngleddbd
                0x0000000003800638      0x750 build/src/motor-control.o
                0x0000000003800638                turnToAngle(double, double, bool, double)
 .text._Z7driveToddbd
                0x0000000003800d88      0x690 build/src/motor-control.o
                0x0000000003800d88                driveTo(double, double, bool, double)
 .text._Z5swingdddbd
                0x0000000003801418      0xb84 build/src/motor-control.o
                0x0000000003801418                swing(double, double, double, bool, double)
 *fill*         0x0000000003801f9c        0x4 
 .text._Z16trackNoOdomWheelv
                0x0000000003801fa0      0x1b8 build/src/motor-control.o
                0x0000000003801fa0                trackNoOdomWheel()
 .text._Z16trackXYOdomWheelv
                0x0000000003802158      0x240 build/src/motor-control.o
                0x0000000003802158                trackXYOdomWheel()
 .text._Z15trackXOdomWheelv
                0x0000000003802398      0x278 build/src/motor-control.o
                0x0000000003802398                trackXOdomWheel()
 .text._Z15trackYOdomWheelv
                0x0000000003802610      0x190 build/src/motor-control.o
                0x0000000003802610                trackYOdomWheel()
 .text._Z11moveToPointddidbdb
                0x00000000038027a0      0x850 build/src/motor-control.o
                0x00000000038027a0                moveToPoint(double, double, int, double, bool, double, bool)
 .text._Z11driveToWalldddbd
                0x0000000003802ff0      0x378 build/src/motor-control.o
                0x0000000003802ff0                driveToWall(double, double, double, bool, double)
 .text._Z23resetPositionFrontRightv
                0x0000000003803368      0x120 build/src/motor-control.o
                0x0000000003803368                resetPositionFrontRight()
 .text._GLOBAL__sub_I_motor_control.cpp
                0x0000000003803488       0x34 build/src/motor-control.o
 .text._ZN3PIDC2Eddd
                0x00000000038034bc       0x98 build/src/pid.o
                0x00000000038034bc                PID::PID(double, double, double)
                0x00000000038034bc                PID::PID(double, double, double)
 .text._ZN3PID9setTargetEd
                0x0000000003803554       0x10 build/src/pid.o
                0x0000000003803554                PID::setTarget(double)
 .text._ZN3PID25setSmallBigErrorToleranceEdd
                0x0000000003803564       0x18 build/src/pid.o
                0x0000000003803564                PID::setSmallBigErrorTolerance(double, double)
 .text._ZN3PID14setIntegralMaxEd
                0x000000000380357c       0x10 build/src/pid.o
                0x000000000380357c                PID::setIntegralMax(double)
 .text._ZN3PID16setIntegralRangeEd
                0x000000000380358c       0x10 build/src/pid.o
                0x000000000380358c                PID::setIntegralRange(double)
 .text._ZN3PID22setDerivativeToleranceEd
                0x000000000380359c       0x10 build/src/pid.o
                0x000000000380359c                PID::setDerivativeTolerance(double)
 .text._ZN3PID24setSmallBigErrorDurationEdd
                0x00000000038035ac       0x18 build/src/pid.o
                0x00000000038035ac                PID::setSmallBigErrorDuration(double, double)
 .text._ZN3PID9setArriveEb
                0x00000000038035c4        0x8 build/src/pid.o
                0x00000000038035c4                PID::setArrive(bool)
 .text._ZN3PID13targetArrivedEv
                0x00000000038035cc        0x8 build/src/pid.o
                0x00000000038035cc                PID::targetArrived()
 .text._ZN3PID6updateEd
                0x00000000038035d4      0x2ac build/src/pid.o
                0x00000000038035d4                PID::update(double)
 .text._GLOBAL__sub_I_pid.cpp
                0x0000000003803880       0x34 build/src/pid.o
 *fill*         0x00000000038038b4        0x4 
 .text._Z8degToRadd
                0x00000000038038b8       0x30 build/src/utils.o
                0x00000000038038b8                degToRad(double)
 .text._Z8radToDegd
                0x00000000038038e8       0x30 build/src/utils.o
                0x00000000038038e8                radToDeg(double)
 .text._GLOBAL__sub_I_utils.cpp
                0x0000000003803918       0x34 build/src/utils.o
 *fill*         0x000000000380394c        0x4 
 .text._Z13rightsidequalv
                0x0000000003803950      0x5c8 build/custom/src/autonomous.o
                0x0000000003803950                rightsidequal()
 .text._ZZ13rightsidequalvEN3$_28__invokeEv
                0x0000000003803f18       0x68 build/custom/src/autonomous.o
 .text._ZZ13rightsidequalvEN3$_38__invokeEv
                0x0000000003803f80       0x40 build/custom/src/autonomous.o
 .text._GLOBAL__sub_I_autonomous.cpp
                0x0000000003803fc0       0x34 build/custom/src/autonomous.o
 .text._ZN3vex11motor_groupC2IJNS_5motorES2_EEERS2_DpRT_
                0x0000000003803ff4       0x44 build/custom/src/robot-config.o
                0x0000000003803ff4                vex::motor_group::motor_group<vex::motor, vex::motor>(vex::motor&, vex::motor&, vex::motor&)
 .text._Z11vexcodeInitv
                0x0000000003804038        0x4 build/custom/src/robot-config.o
                0x0000000003804038                vexcodeInit()
 .text._GLOBAL__sub_I_robot_config.cpp
                0x000000000380403c      0x5e0 build/custom/src/robot-config.o
 .text._Z13runAutonomousv
                0x000000000380461c        0x4 build/custom/src/user.o
                0x000000000380461c                runAutonomous()
 .text._Z11block_countv
                0x0000000003804620      0x2a8 build/custom/src/user.o
                0x0000000003804620                block_count()
 .text._Z9runDriverv
                0x00000000038048c8      0x580 build/custom/src/user.o
                0x00000000038048c8                runDriver()
 .text._Z16runPreAutonomousv
                0x0000000003804e48      0x114 build/custom/src/user.o
                0x0000000003804e48                runPreAutonomous()
 .text._ZZ9runDrivervEN3$_08__invokeEv
                0x0000000003804f5c        0xc build/custom/src/user.o
 .text._ZZ9runDrivervENK3$_0clEv
                0x0000000003804f68        0xc build/custom/src/user.o
 .text.vexMain  0x0000000003804f74       0xb0 /Users/elliottbeeken/Library/Application Support/Code/User/globalStorage/vexrobotics.vexcode/sdk/cpp/V5/V5_20240802_15_00_00/vexv5/libv5rt.a(v5_startup.c.obj)
                0x0000000003804f74                vexMain
 .text.__vex_function_prolog
                0x0000000003805024       0x18 /Users/elliottbeeken/Library/Application Support/Code/User/globalStorage/vexrobotics.vexcode/sdk/cpp/V5/V5_20240802_15_00_00/vexv5/libv5rt.a(v5_startup.c.obj)
                0x0000000003805024                __vex_function_prolog
 .text._init    0x000000000380503c        0x4 /Users/elliottbeeken/Library/Application Support/Code/User/globalStorage/vexrobotics.vexcode/sdk/cpp/V5/V5_20240802_15_00_00/vexv5/libv5rt.a(v5_startup.c.obj)
                0x000000000380503c                _init
 .text._fini    0x0000000003805040        0x4 /Users/elliottbeeken/Library/Application Support/Code/User/globalStorage/vexrobotics.vexcode/sdk/cpp/V5/V5_20240802_15_00_00/vexv5/libv5rt.a(v5_startup.c.obj)
                0x0000000003805040                _fini
 .text.vexStdlibVersionLinked
                0x0000000003805044        0xc /Users/elliottbeeken/Library/Application Support/Code/User/globalStorage/vexrobotics.vexcode/sdk/cpp/V5/V5_20240802_15_00_00/vexv5/libv5rt.a(v5_util.c.obj)
                0x0000000003805044                vexStdlibVersionLinked
 .text.vexStdlibVersionVerify
                0x0000000003805050       0x30 /Users/elliottbeeken/Library/Application Support/Code/User/globalStorage/vexrobotics.vexcode/sdk/cpp/V5/V5_20240802_15_00_00/vexv5/libv5rt.a(v5_util.c.obj)
                0x0000000003805050                vexStdlibVersionVerify
 .text.vexPrivateApiEnable
                0x0000000003805080       0x10 /Users/elliottbeeken/Library/Application Support/Code/User/globalStorage/vexrobotics.vexcode/sdk/cpp/V5/V5_20240802_15_00_00/vexv5/libv5rt.a(v5_apijump.c.obj)
                0x0000000003805080                vexPrivateApiEnable
 .text.vexStdlibMismatchError
                0x0000000003805090       0x3c /Users/elliottbeeken/Library/Application Support/Code/User/globalStorage/vexrobotics.vexcode/sdk/cpp/V5/V5_20240802_15_00_00/vexv5/libv5rt.a(v5_apijump.c.obj)
                0x0000000003805090                vexStdlibMismatchError
 .text.vexTaskAdd
                0x00000000038050cc       0x10 /Users/elliottbeeken/Library/Application Support/Code/User/globalStorage/vexrobotics.vexcode/sdk/cpp/V5/V5_20240802_15_00_00/vexv5/libv5rt.a(v5_apijump.c.obj)
                0x00000000038050cc                vexTaskAdd
 .text.vexTasksRun
                0x00000000038050dc       0x10 /Users/elliottbeeken/Library/Application Support/Code/User/globalStorage/vexrobotics.vexcode/sdk/cpp/V5/V5_20240802_15_00_00/vexv5/libv5rt.a(v5_apijump.c.obj)
                0x00000000038050dc                vexTasksRun
 .text.vexTaskYield
                0x00000000038050ec       0x10 /Users/elliottbeeken/Library/Application Support/Code/User/globalStorage/vexrobotics.vexcode/sdk/cpp/V5/V5_20240802_15_00_00/vexv5/libv5rt.a(v5_apijump.c.obj)
                0x00000000038050ec                vexTaskYield
 .text.vexTaskCheckTimeslice
                0x00000000038050fc       0x10 /Users/elliottbeeken/Library/Application Support/Code/User/globalStorage/vexrobotics.vexcode/sdk/cpp/V5/V5_20240802_15_00_00/vexv5/libv5rt.a(v5_apijump.c.obj)
                0x00000000038050fc                vexTaskCheckTimeslice
 .text.vexTaskSleep
                0x000000000380510c       0x10 /Users/elliottbeeken/Library/Application Support/Code/User/globalStorage/vexrobotics.vexcode/sdk/cpp/V5/V5_20240802_15_00_00/vexv5/libv5rt.a(v5_apijump.c.obj)
                0x000000000380510c                vexTaskSleep
 .text.vexTasksDump
                0x000000000380511c       0x1c /Users/elliottbeeken/Library/Application Support/Code/User/globalStorage/vexrobotics.vexcode/sdk/cpp/V5/V5_20240802_15_00_00/vexv5/libv5rt.a(v5_apijump.c.obj)
                0x000000000380511c                vexTasksDump
 .text.vexTaskGetTaskIndex
                0x0000000003805138       0x10 /Users/elliottbeeken/Library/Application Support/Code/User/globalStorage/vexrobotics.vexcode/sdk/cpp/V5/V5_20240802_15_00_00/vexv5/libv5rt.a(v5_apijump.c.obj)
                0x0000000003805138                vexTaskGetTaskIndex
 .text.vexTaskStopAll
                0x0000000003805148       0x10 /Users/elliottbeeken/Library/Application Support/Code/User/globalStorage/vexrobotics.vexcode/sdk/cpp/V5/V5_20240802_15_00_00/vexv5/libv5rt.a(v5_apijump.c.obj)
                0x0000000003805148                vexTaskStopAll
 .text.vexTaskRemoveAllUser
                0x0000000003805158       0x34 /Users/elliottbeeken/Library/Application Support/Code/User/globalStorage/vexrobotics.vexcode/sdk/cpp/V5/V5_20240802_15_00_00/vexv5/libv5rt.a(v5_apijump.c.obj)
                0x0000000003805158                vexTaskRemoveAllUser
 .text.vexTaskCompletionIdSet
                0x000000000380518c       0x10 /Users/elliottbeeken/Library/Application Support/Code/User/globalStorage/vexrobotics.vexcode/sdk/cpp/V5/V5_20240802_15_00_00/vexv5/libv5rt.a(v5_apijump.c.obj)
                0x000000000380518c                vexTaskCompletionIdSet
 .text.vexTaskStopWithId
                0x000000000380519c       0x10 /Users/elliottbeeken/Library/Application Support/Code/User/globalStorage/vexrobotics.vexcode/sdk/cpp/V5/V5_20240802_15_00_00/vexv5/libv5rt.a(v5_apijump.c.obj)
                0x000000000380519c                vexTaskStopWithId
 .text.vexCriticalSection
                0x00000000038051ac       0x2c /Users/elliottbeeken/Library/Application Support/Code/User/globalStorage/vexrobotics.vexcode/sdk/cpp/V5/V5_20240802_15_00_00/vexv5/libv5rt.a(v5_apijump.c.obj)
                0x00000000038051ac                vexCriticalSection
 .text.vexEventAdd
                0x00000000038051d8       0x34 /Users/elliottbeeken/Library/Application Support/Code/User/globalStorage/vexrobotics.vexcode/sdk/cpp/V5/V5_20240802_15_00_00/vexv5/libv5rt.a(v5_apijump.c.obj)
                0x00000000038051d8                vexEventAdd
 .text.vexEventUserIndexGet
                0x000000000380520c       0x1c /Users/elliottbeeken/Library/Application Support/Code/User/globalStorage/vexrobotics.vexcode/sdk/cpp/V5/V5_20240802_15_00_00/vexv5/libv5rt.a(v5_apijump.c.obj)
                0x000000000380520c                vexEventUserIndexGet
 .text.vexEventAddWithArg
                0x0000000003805228       0x3c /Users/elliottbeeken/Library/Application Support/Code/User/globalStorage/vexrobotics.vexcode/sdk/cpp/V5/V5_20240802_15_00_00/vexv5/libv5rt.a(v5_apijump.c.obj)
                0x0000000003805228                vexEventAddWithArg
 .text.vexEventsCleanup
                0x0000000003805264       0x2c /Users/elliottbeeken/Library/Application Support/Code/User/globalStorage/vexrobotics.vexcode/sdk/cpp/V5/V5_20240802_15_00_00/vexv5/libv5rt.a(v5_apijump.c.obj)
                0x0000000003805264                vexEventsCleanup
 .text.vexDebug
                0x0000000003805290       0x38 /Users/elliottbeeken/Library/Application Support/Code/User/globalStorage/vexrobotics.vexcode/sdk/cpp/V5/V5_20240802_15_00_00/vexv5/libv5rt.a(v5_apijump.c.obj)
                0x0000000003805290                vexDebug
 .text.vex_sprintf
                0x00000000038052c8       0x40 /Users/elliottbeeken/Library/Application Support/Code/User/globalStorage/vexrobotics.vexcode/sdk/cpp/V5/V5_20240802_15_00_00/vexv5/libv5rt.a(v5_apijump.c.obj)
                0x00000000038052c8                vex_sprintf
 .text.vex_vsnprintf
                0x0000000003805308       0x3c /Users/elliottbeeken/Library/Application Support/Code/User/globalStorage/vexrobotics.vexcode/sdk/cpp/V5/V5_20240802_15_00_00/vexv5/libv5rt.a(v5_apijump.c.obj)
                0x0000000003805308                vex_vsnprintf
 .text.vexSystemTimeGet
                0x0000000003805344       0x1c /Users/elliottbeeken/Library/Application Support/Code/User/globalStorage/vexrobotics.vexcode/sdk/cpp/V5/V5_20240802_15_00_00/vexv5/libv5rt.a(v5_apijump.c.obj)
                0x0000000003805344                vexSystemTimeGet
 .text.vexSystemExitRequest
                0x0000000003805360       0x1c /Users/elliottbeeken/Library/Application Support/Code/User/globalStorage/vexrobotics.vexcode/sdk/cpp/V5/V5_20240802_15_00_00/vexv5/libv5rt.a(v5_apijump.c.obj)
                0x0000000003805360                vexSystemExitRequest
 .text.vexDeviceGetByIndex
                0x000000000380537c       0x24 /Users/elliottbeeken/Library/Application Support/Code/User/globalStorage/vexrobotics.vexcode/sdk/cpp/V5/V5_20240802_15_00_00/vexv5/libv5rt.a(v5_apijump.c.obj)
                0x000000000380537c                vexDeviceGetByIndex
 .text.vexControllerGet
                0x00000000038053a0       0x2c /Users/elliottbeeken/Library/Application Support/Code/User/globalStorage/vexrobotics.vexcode/sdk/cpp/V5/V5_20240802_15_00_00/vexv5/libv5rt.a(v5_apijump.c.obj)
                0x00000000038053a0                vexControllerGet
 .text.vexDeviceAdiPortConfigSet
                0x00000000038053cc       0x34 /Users/elliottbeeken/Library/Application Support/Code/User/globalStorage/vexrobotics.vexcode/sdk/cpp/V5/V5_20240802_15_00_00/vexv5/libv5rt.a(v5_apijump.c.obj)
                0x00000000038053cc                vexDeviceAdiPortConfigSet
 .text.vexDeviceAdiPortConfigGet
                0x0000000003805400       0x2c /Users/elliottbeeken/Library/Application Support/Code/User/globalStorage/vexrobotics.vexcode/sdk/cpp/V5/V5_20240802_15_00_00/vexv5/libv5rt.a(v5_apijump.c.obj)
                0x0000000003805400                vexDeviceAdiPortConfigGet
 .text.vexDeviceAdiValueSet
                0x000000000380542c       0x34 /Users/elliottbeeken/Library/Application Support/Code/User/globalStorage/vexrobotics.vexcode/sdk/cpp/V5/V5_20240802_15_00_00/vexv5/libv5rt.a(v5_apijump.c.obj)
                0x000000000380542c                vexDeviceAdiValueSet
 .text.vexDeviceMotorVelocitySet
                0x0000000003805460       0x2c /Users/elliottbeeken/Library/Application Support/Code/User/globalStorage/vexrobotics.vexcode/sdk/cpp/V5/V5_20240802_15_00_00/vexv5/libv5rt.a(v5_apijump.c.obj)
                0x0000000003805460                vexDeviceMotorVelocitySet
 .text.vexDeviceMotorVoltageSet
                0x000000000380548c       0x2c /Users/elliottbeeken/Library/Application Support/Code/User/globalStorage/vexrobotics.vexcode/sdk/cpp/V5/V5_20240802_15_00_00/vexv5/libv5rt.a(v5_apijump.c.obj)
                0x000000000380548c                vexDeviceMotorVoltageSet
 .text.vexDeviceMotorActualVelocityGet
                0x00000000038054b8       0x24 /Users/elliottbeeken/Library/Application Support/Code/User/globalStorage/vexrobotics.vexcode/sdk/cpp/V5/V5_20240802_15_00_00/vexv5/libv5rt.a(v5_apijump.c.obj)
                0x00000000038054b8                vexDeviceMotorActualVelocityGet
 .text.vexDeviceMotorReverseFlagSet
                0x00000000038054dc       0x2c /Users/elliottbeeken/Library/Application Support/Code/User/globalStorage/vexrobotics.vexcode/sdk/cpp/V5/V5_20240802_15_00_00/vexv5/libv5rt.a(v5_apijump.c.obj)
                0x00000000038054dc                vexDeviceMotorReverseFlagSet
 .text.vexDeviceMotorEncoderUnitsSet
                0x0000000003805508       0x2c /Users/elliottbeeken/Library/Application Support/Code/User/globalStorage/vexrobotics.vexcode/sdk/cpp/V5/V5_20240802_15_00_00/vexv5/libv5rt.a(v5_apijump.c.obj)
                0x0000000003805508                vexDeviceMotorEncoderUnitsSet
 .text.vexDeviceMotorBrakeModeSet
                0x0000000003805534       0x2c /Users/elliottbeeken/Library/Application Support/Code/User/globalStorage/vexrobotics.vexcode/sdk/cpp/V5/V5_20240802_15_00_00/vexv5/libv5rt.a(v5_apijump.c.obj)
                0x0000000003805534                vexDeviceMotorBrakeModeSet
 .text.vexDeviceMotorPositionSet
                0x0000000003805560       0x34 /Users/elliottbeeken/Library/Application Support/Code/User/globalStorage/vexrobotics.vexcode/sdk/cpp/V5/V5_20240802_15_00_00/vexv5/libv5rt.a(v5_apijump.c.obj)
                0x0000000003805560                vexDeviceMotorPositionSet
 .text.vexDeviceMotorPositionGet
                0x0000000003805594       0x24 /Users/elliottbeeken/Library/Application Support/Code/User/globalStorage/vexrobotics.vexcode/sdk/cpp/V5/V5_20240802_15_00_00/vexv5/libv5rt.a(v5_apijump.c.obj)
                0x0000000003805594                vexDeviceMotorPositionGet
 .text.vexDeviceMotorGearingSet
                0x00000000038055b8       0x2c /Users/elliottbeeken/Library/Application Support/Code/User/globalStorage/vexrobotics.vexcode/sdk/cpp/V5/V5_20240802_15_00_00/vexv5/libv5rt.a(v5_apijump.c.obj)
                0x00000000038055b8                vexDeviceMotorGearingSet
 .text.vexDeviceMotorGearingGet
                0x00000000038055e4       0x24 /Users/elliottbeeken/Library/Application Support/Code/User/globalStorage/vexrobotics.vexcode/sdk/cpp/V5/V5_20240802_15_00_00/vexv5/libv5rt.a(v5_apijump.c.obj)
                0x00000000038055e4                vexDeviceMotorGearingGet
 .text.vexDeviceImuReset
                0x0000000003805608       0x24 /Users/elliottbeeken/Library/Application Support/Code/User/globalStorage/vexrobotics.vexcode/sdk/cpp/V5/V5_20240802_15_00_00/vexv5/libv5rt.a(v5_apijump.c.obj)
                0x0000000003805608                vexDeviceImuReset
 .text.vexDeviceImuHeadingGet
                0x000000000380562c       0x24 /Users/elliottbeeken/Library/Application Support/Code/User/globalStorage/vexrobotics.vexcode/sdk/cpp/V5/V5_20240802_15_00_00/vexv5/libv5rt.a(v5_apijump.c.obj)
                0x000000000380562c                vexDeviceImuHeadingGet
 .text.vexDeviceImuDegreesGet
                0x0000000003805650       0x24 /Users/elliottbeeken/Library/Application Support/Code/User/globalStorage/vexrobotics.vexcode/sdk/cpp/V5/V5_20240802_15_00_00/vexv5/libv5rt.a(v5_apijump.c.obj)
                0x0000000003805650                vexDeviceImuDegreesGet
 .text.vexDeviceImuStatusGet
                0x0000000003805674       0x24 /Users/elliottbeeken/Library/Application Support/Code/User/globalStorage/vexrobotics.vexcode/sdk/cpp/V5/V5_20240802_15_00_00/vexv5/libv5rt.a(v5_apijump.c.obj)
                0x0000000003805674                vexDeviceImuStatusGet
 .text.vexDeviceAbsEncPositionGet
                0x0000000003805698       0x24 /Users/elliottbeeken/Library/Application Support/Code/User/globalStorage/vexrobotics.vexcode/sdk/cpp/V5/V5_20240802_15_00_00/vexv5/libv5rt.a(v5_apijump.c.obj)
                0x0000000003805698                vexDeviceAbsEncPositionGet
 .text.vexDeviceAbsEncAngleGet
                0x00000000038056bc       0x24 /Users/elliottbeeken/Library/Application Support/Code/User/globalStorage/vexrobotics.vexcode/sdk/cpp/V5/V5_20240802_15_00_00/vexv5/libv5rt.a(v5_apijump.c.obj)
                0x00000000038056bc                vexDeviceAbsEncAngleGet
 .text.vexDeviceAbsEncReverseFlagSet
                0x00000000038056e0       0x2c /Users/elliottbeeken/Library/Application Support/Code/User/globalStorage/vexrobotics.vexcode/sdk/cpp/V5/V5_20240802_15_00_00/vexv5/libv5rt.a(v5_apijump.c.obj)
                0x00000000038056e0                vexDeviceAbsEncReverseFlagSet
 .text.vexDeviceOpticalHueGet
                0x000000000380570c       0x24 /Users/elliottbeeken/Library/Application Support/Code/User/globalStorage/vexrobotics.vexcode/sdk/cpp/V5/V5_20240802_15_00_00/vexv5/libv5rt.a(v5_apijump.c.obj)
                0x000000000380570c                vexDeviceOpticalHueGet
 .text.vexDeviceOpticalProximityGet
                0x0000000003805730       0x24 /Users/elliottbeeken/Library/Application Support/Code/User/globalStorage/vexrobotics.vexcode/sdk/cpp/V5/V5_20240802_15_00_00/vexv5/libv5rt.a(v5_apijump.c.obj)
                0x0000000003805730                vexDeviceOpticalProximityGet
 .text.vexDeviceOpticalGestureEnable
                0x0000000003805754       0x24 /Users/elliottbeeken/Library/Application Support/Code/User/globalStorage/vexrobotics.vexcode/sdk/cpp/V5/V5_20240802_15_00_00/vexv5/libv5rt.a(v5_apijump.c.obj)
                0x0000000003805754                vexDeviceOpticalGestureEnable
 .text.vexDeviceOpticalGestureDisable
                0x0000000003805778       0x24 /Users/elliottbeeken/Library/Application Support/Code/User/globalStorage/vexrobotics.vexcode/sdk/cpp/V5/V5_20240802_15_00_00/vexv5/libv5rt.a(v5_apijump.c.obj)
                0x0000000003805778                vexDeviceOpticalGestureDisable
 .text.vexDeviceOpticalProximityThreshold
                0x000000000380579c       0x2c /Users/elliottbeeken/Library/Application Support/Code/User/globalStorage/vexrobotics.vexcode/sdk/cpp/V5/V5_20240802_15_00_00/vexv5/libv5rt.a(v5_apijump.c.obj)
                0x000000000380579c                vexDeviceOpticalProximityThreshold
 .text.vexDeviceDistanceDistanceGet
                0x00000000038057c8       0x24 /Users/elliottbeeken/Library/Application Support/Code/User/globalStorage/vexrobotics.vexcode/sdk/cpp/V5/V5_20240802_15_00_00/vexv5/libv5rt.a(v5_apijump.c.obj)
                0x00000000038057c8                vexDeviceDistanceDistanceGet
 .text.vexDisplayForegroundColor
                0x00000000038057ec       0x24 /Users/elliottbeeken/Library/Application Support/Code/User/globalStorage/vexrobotics.vexcode/sdk/cpp/V5/V5_20240802_15_00_00/vexv5/libv5rt.a(v5_apijump.c.obj)
                0x00000000038057ec                vexDisplayForegroundColor
 .text.vexDisplayBackgroundColor
                0x0000000003805810       0x24 /Users/elliottbeeken/Library/Application Support/Code/User/globalStorage/vexrobotics.vexcode/sdk/cpp/V5/V5_20240802_15_00_00/vexv5/libv5rt.a(v5_apijump.c.obj)
                0x0000000003805810                vexDisplayBackgroundColor
 .text.vexDisplayBackgroundColorGet
                0x0000000003805834       0x1c /Users/elliottbeeken/Library/Application Support/Code/User/globalStorage/vexrobotics.vexcode/sdk/cpp/V5/V5_20240802_15_00_00/vexv5/libv5rt.a(v5_apijump.c.obj)
                0x0000000003805834                vexDisplayBackgroundColorGet
 .text.vexDisplayPixelSet
                0x0000000003805850       0x38 /Users/elliottbeeken/Library/Application Support/Code/User/globalStorage/vexrobotics.vexcode/sdk/cpp/V5/V5_20240802_15_00_00/vexv5/libv5rt.a(v5_apijump.c.obj)
                0x0000000003805850                vexDisplayPixelSet
 .text.vexDisplayLineDraw
                0x0000000003805888       0x4c /Users/elliottbeeken/Library/Application Support/Code/User/globalStorage/vexrobotics.vexcode/sdk/cpp/V5/V5_20240802_15_00_00/vexv5/libv5rt.a(v5_apijump.c.obj)
                0x0000000003805888                vexDisplayLineDraw
 .text.vexDisplayRectClear
                0x00000000038058d4       0x4c /Users/elliottbeeken/Library/Application Support/Code/User/globalStorage/vexrobotics.vexcode/sdk/cpp/V5/V5_20240802_15_00_00/vexv5/libv5rt.a(v5_apijump.c.obj)
                0x00000000038058d4                vexDisplayRectClear
 .text.vexDisplayVPrintf
                0x0000000003805920       0x50 /Users/elliottbeeken/Library/Application Support/Code/User/globalStorage/vexrobotics.vexcode/sdk/cpp/V5/V5_20240802_15_00_00/vexv5/libv5rt.a(v5_apijump.c.obj)
                0x0000000003805920                vexDisplayVPrintf
 .text.vexDisplayTextReference
                0x0000000003805970       0x24 /Users/elliottbeeken/Library/Application Support/Code/User/globalStorage/vexrobotics.vexcode/sdk/cpp/V5/V5_20240802_15_00_00/vexv5/libv5rt.a(v5_apijump.c.obj)
                0x0000000003805970                vexDisplayTextReference
 .text.vexDisplayTextSize
                0x0000000003805994       0x2c /Users/elliottbeeken/Library/Application Support/Code/User/globalStorage/vexrobotics.vexcode/sdk/cpp/V5/V5_20240802_15_00_00/vexv5/libv5rt.a(v5_apijump.c.obj)
                0x0000000003805994                vexDisplayTextSize
 .text.vexDisplayFontNamedSet
                0x00000000038059c0       0x24 /Users/elliottbeeken/Library/Application Support/Code/User/globalStorage/vexrobotics.vexcode/sdk/cpp/V5/V5_20240802_15_00_00/vexv5/libv5rt.a(v5_apijump.c.obj)
                0x00000000038059c0                vexDisplayFontNamedSet
 .text.vexDisplayStringWidthGet
                0x00000000038059e4       0x24 /Users/elliottbeeken/Library/Application Support/Code/User/globalStorage/vexrobotics.vexcode/sdk/cpp/V5/V5_20240802_15_00_00/vexv5/libv5rt.a(v5_apijump.c.obj)
                0x00000000038059e4                vexDisplayStringWidthGet
 .text.vexDisplayPenSizeGet
                0x0000000003805a08       0x1c /Users/elliottbeeken/Library/Application Support/Code/User/globalStorage/vexrobotics.vexcode/sdk/cpp/V5/V5_20240802_15_00_00/vexv5/libv5rt.a(v5_apijump.c.obj)
                0x0000000003805a08                vexDisplayPenSizeGet
 .text.vexSystemStdlibImpureDataAddr
                0x0000000003805a24       0x28 /Users/elliottbeeken/Library/Application Support/Code/User/globalStorage/vexrobotics.vexcode/sdk/cpp/V5/V5_20240802_15_00_00/vexv5/libv5rt.a(v5_apijump.c.obj)
                0x0000000003805a24                vexSystemStdlibImpureDataAddr
 .text.vexSystemStdlibImpureDataSize
                0x0000000003805a4c       0x28 /Users/elliottbeeken/Library/Application Support/Code/User/globalStorage/vexrobotics.vexcode/sdk/cpp/V5/V5_20240802_15_00_00/vexv5/libv5rt.a(v5_apijump.c.obj)
                0x0000000003805a4c                vexSystemStdlibImpureDataSize
 .text.vexSystemSaveUserData
                0x0000000003805a74       0x3c /Users/elliottbeeken/Library/Application Support/Code/User/globalStorage/vexrobotics.vexcode/sdk/cpp/V5/V5_20240802_15_00_00/vexv5/libv5rt.a(v5_apijump.c.obj)
                0x0000000003805a74                vexSystemSaveUserData
 .text.vexDisplayThemeIdGet
                0x0000000003805ab0       0x38 /Users/elliottbeeken/Library/Application Support/Code/User/globalStorage/vexrobotics.vexcode/sdk/cpp/V5/V5_20240802_15_00_00/vexv5/libv5rt.a(v5_apijump.c.obj)
                0x0000000003805ab0                vexDisplayThemeIdGet
 .text.vexDeviceEventMaskSet
                0x0000000003805ae8       0x48 /Users/elliottbeeken/Library/Application Support/Code/User/globalStorage/vexrobotics.vexcode/sdk/cpp/V5/V5_20240802_15_00_00/vexv5/libv5rt.a(v5_apijump.c.obj)
                0x0000000003805ae8                vexDeviceEventMaskSet
 .text.vexDeviceEventMaskGet
                0x0000000003805b30       0x3c /Users/elliottbeeken/Library/Application Support/Code/User/globalStorage/vexrobotics.vexcode/sdk/cpp/V5/V5_20240802_15_00_00/vexv5/libv5rt.a(v5_apijump.c.obj)
                0x0000000003805b30                vexDeviceEventMaskGet
 .text.vexSystemVersion
                0x0000000003805b6c       0x10 /Users/elliottbeeken/Library/Application Support/Code/User/globalStorage/vexrobotics.vexcode/sdk/cpp/V5/V5_20240802_15_00_00/vexv5/libv5rt.a(v5_apiversions.c.obj)
                0x0000000003805b6c                vexSystemVersion
 .text.vexStdlibVersion
                0x0000000003805b7c       0x10 /Users/elliottbeeken/Library/Application Support/Code/User/globalStorage/vexrobotics.vexcode/sdk/cpp/V5/V5_20240802_15_00_00/vexv5/libv5rt.a(v5_apiversions.c.obj)
                0x0000000003805b7c                vexStdlibVersion
 *fill*         0x0000000003805b8c        0x4 
 .text._ZN3vex4waitEdNS_9timeUnitsE
                0x0000000003805b90       0x30 /Users/elliottbeeken/Library/Application Support/Code/User/globalStorage/vexrobotics.vexcode/sdk/cpp/V5/V5_20240802_15_00_00/vexv5/libv5rt.a(vex_global.cpp.obj)
                0x0000000003805b90                vex::wait(double, vex::timeUnits)
 .text._ZN3vex5motorD2Ev
                0x0000000003805bc0       0x20 /Users/elliottbeeken/Library/Application Support/Code/User/globalStorage/vexrobotics.vexcode/sdk/cpp/V5/V5_20240802_15_00_00/vexv5/libv5rt.a(vex_motor.cpp.obj)
                0x0000000003805bc0                vex::motor::~motor()
                0x0000000003805bc0                vex::motor::~motor()
 .text._ZN3vex5motorD0Ev
                0x0000000003805be0       0x1c /Users/elliottbeeken/Library/Application Support/Code/User/globalStorage/vexrobotics.vexcode/sdk/cpp/V5/V5_20240802_15_00_00/vexv5/libv5rt.a(vex_motor.cpp.obj)
                0x0000000003805be0                vex::motor::~motor()
 .text._ZN3vex5motor9installedEv
                0x0000000003805bfc       0x18 /Users/elliottbeeken/Library/Application Support/Code/User/globalStorage/vexrobotics.vexcode/sdk/cpp/V5/V5_20240802_15_00_00/vexv5/libv5rt.a(vex_motor.cpp.obj)
                0x0000000003805bfc                vex::motor::installed()
 .text._ZN3vex5motor15defaultStoppingENS_9brakeTypeE
                0x0000000003805c14       0x30 /Users/elliottbeeken/Library/Application Support/Code/User/globalStorage/vexrobotics.vexcode/sdk/cpp/V5/V5_20240802_15_00_00/vexv5/libv5rt.a(vex_motor.cpp.obj)
                0x0000000003805c14                vex::motor::defaultStopping(vex::brakeType)
 .text._ZN3vex5motorC2El
                0x0000000003805c44       0x78 /Users/elliottbeeken/Library/Application Support/Code/User/globalStorage/vexrobotics.vexcode/sdk/cpp/V5/V5_20240802_15_00_00/vexv5/libv5rt.a(vex_motor.cpp.obj)
                0x0000000003805c44                vex::motor::motor(long)
                0x0000000003805c44                vex::motor::motor(long)
 .text._ZN3vex5motorC2ElNS_11gearSettingEb
                0x0000000003805cbc       0x34 /Users/elliottbeeken/Library/Application Support/Code/User/globalStorage/vexrobotics.vexcode/sdk/cpp/V5/V5_20240802_15_00_00/vexv5/libv5rt.a(vex_motor.cpp.obj)
                0x0000000003805cbc                vex::motor::motor(long, vex::gearSetting, bool)
                0x0000000003805cbc                vex::motor::motor(long, vex::gearSetting, bool)
 .text._ZN3vex5motor4spinENS_13directionTypeEdNS_12voltageUnitsE
                0x0000000003805cf0       0x50 /Users/elliottbeeken/Library/Application Support/Code/User/globalStorage/vexrobotics.vexcode/sdk/cpp/V5/V5_20240802_15_00_00/vexv5/libv5rt.a(vex_motor.cpp.obj)
                0x0000000003805cf0                vex::motor::spin(vex::directionType, double, vex::voltageUnits)
 .text._ZN3vex5motor4stopENS_9brakeTypeE
                0x0000000003805d40       0x30 /Users/elliottbeeken/Library/Application Support/Code/User/globalStorage/vexrobotics.vexcode/sdk/cpp/V5/V5_20240802_15_00_00/vexv5/libv5rt.a(vex_motor.cpp.obj)
                0x0000000003805d40                vex::motor::stop(vex::brakeType)
 .text._ZN3vex5motor16velocityToScaledEdNS_13velocityUnitsE
                0x0000000003805d70       0x5c /Users/elliottbeeken/Library/Application Support/Code/User/globalStorage/vexrobotics.vexcode/sdk/cpp/V5/V5_20240802_15_00_00/vexv5/libv5rt.a(vex_motor.cpp.obj)
                0x0000000003805d70                vex::motor::velocityToScaled(double, vex::velocityUnits)
 .text._ZN3vex5motor8velocityENS_13velocityUnitsE
                0x0000000003805dcc       0x30 /Users/elliottbeeken/Library/Application Support/Code/User/globalStorage/vexrobotics.vexcode/sdk/cpp/V5/V5_20240802_15_00_00/vexv5/libv5rt.a(vex_motor.cpp.obj)
                0x0000000003805dcc                vex::motor::velocity(vex::velocityUnits)
 .text._ZN3vex5motor5valueEv
                0x0000000003805dfc       0x1c /Users/elliottbeeken/Library/Application Support/Code/User/globalStorage/vexrobotics.vexcode/sdk/cpp/V5/V5_20240802_15_00_00/vexv5/libv5rt.a(vex_motor.cpp.obj)
                0x0000000003805dfc                vex::motor::value()
 .text._ZN3vex5motor16scaledToVelocityEdNS_13velocityUnitsE
                0x0000000003805e18       0xa4 /Users/elliottbeeken/Library/Application Support/Code/User/globalStorage/vexrobotics.vexcode/sdk/cpp/V5/V5_20240802_15_00_00/vexv5/libv5rt.a(vex_motor.cpp.obj)
                0x0000000003805e18                vex::motor::scaledToVelocity(double, vex::velocityUnits)
 .text._ZN3vex5motor4spinENS_13directionTypeEdNS_13velocityUnitsE
                0x0000000003805ebc       0x5c /Users/elliottbeeken/Library/Application Support/Code/User/globalStorage/vexrobotics.vexcode/sdk/cpp/V5/V5_20240802_15_00_00/vexv5/libv5rt.a(vex_motor.cpp.obj)
                0x0000000003805ebc                vex::motor::spin(vex::directionType, double, vex::velocityUnits)
 .text._ZN3vex5motor16setRotationUnitsENS_13rotationUnitsE
                0x0000000003805f18       0x1c /Users/elliottbeeken/Library/Application Support/Code/User/globalStorage/vexrobotics.vexcode/sdk/cpp/V5/V5_20240802_15_00_00/vexv5/libv5rt.a(vex_motor.cpp.obj)
                0x0000000003805f18                vex::motor::setRotationUnits(vex::rotationUnits)
 .text._ZN3vex5motor11setPositionEdNS_13rotationUnitsE
                0x0000000003805f34       0x44 /Users/elliottbeeken/Library/Application Support/Code/User/globalStorage/vexrobotics.vexcode/sdk/cpp/V5/V5_20240802_15_00_00/vexv5/libv5rt.a(vex_motor.cpp.obj)
                0x0000000003805f34                vex::motor::setPosition(double, vex::rotationUnits)
 .text._ZN3vex5motor8positionENS_13rotationUnitsE
                0x0000000003805f78       0x44 /Users/elliottbeeken/Library/Application Support/Code/User/globalStorage/vexrobotics.vexcode/sdk/cpp/V5/V5_20240802_15_00_00/vexv5/libv5rt.a(vex_motor.cpp.obj)
                0x0000000003805f78                vex::motor::position(vex::rotationUnits)
 .text._ZN3vex8inertial11getTurnTypeEv
                0x0000000003805fbc        0x8 /Users/elliottbeeken/Library/Application Support/Code/User/globalStorage/vexrobotics.vexcode/sdk/cpp/V5/V5_20240802_15_00_00/vexv5/libv5rt.a(vex_imu.cpp.obj)
                0x0000000003805fbc                vex::inertial::getTurnType()
 .text._ZThn16_N3vex8inertial11getTurnTypeEv
                0x0000000003805fc4        0x8 /Users/elliottbeeken/Library/Application Support/Code/User/globalStorage/vexrobotics.vexcode/sdk/cpp/V5/V5_20240802_15_00_00/vexv5/libv5rt.a(vex_imu.cpp.obj)
                0x0000000003805fc4                non-virtual thunk to vex::inertial::getTurnType()
 *fill*         0x0000000003805fcc        0x4 
 .text._ZN3vex8inertial10setHeadingEdNS_13rotationUnitsE
                0x0000000003805fd0       0x58 /Users/elliottbeeken/Library/Application Support/Code/User/globalStorage/vexrobotics.vexcode/sdk/cpp/V5/V5_20240802_15_00_00/vexv5/libv5rt.a(vex_imu.cpp.obj)
                0x0000000003805fd0                vex::inertial::setHeading(double, vex::rotationUnits)
 .text._ZThn16_N3vex8inertial10setHeadingEdNS_13rotationUnitsE
                0x0000000003806028        0x8 /Users/elliottbeeken/Library/Application Support/Code/User/globalStorage/vexrobotics.vexcode/sdk/cpp/V5/V5_20240802_15_00_00/vexv5/libv5rt.a(vex_imu.cpp.obj)
                0x0000000003806028                non-virtual thunk to vex::inertial::setHeading(double, vex::rotationUnits)
 .text._ZN3vex8inertial11setRotationEdNS_13rotationUnitsE
                0x0000000003806030       0x58 /Users/elliottbeeken/Library/Application Support/Code/User/globalStorage/vexrobotics.vexcode/sdk/cpp/V5/V5_20240802_15_00_00/vexv5/libv5rt.a(vex_imu.cpp.obj)
                0x0000000003806030                vex::inertial::setRotation(double, vex::rotationUnits)
 .text._ZThn16_N3vex8inertial11setRotationEdNS_13rotationUnitsE
                0x0000000003806088        0x8 /Users/elliottbeeken/Library/Application Support/Code/User/globalStorage/vexrobotics.vexcode/sdk/cpp/V5/V5_20240802_15_00_00/vexv5/libv5rt.a(vex_imu.cpp.obj)
                0x0000000003806088                non-virtual thunk to vex::inertial::setRotation(double, vex::rotationUnits)
 .text._ZN3vex8inertialD2Ev
                0x0000000003806090       0x20 /Users/elliottbeeken/Library/Application Support/Code/User/globalStorage/vexrobotics.vexcode/sdk/cpp/V5/V5_20240802_15_00_00/vexv5/libv5rt.a(vex_imu.cpp.obj)
                0x0000000003806090                vex::inertial::~inertial()
                0x0000000003806090                vex::inertial::~inertial()
 .text._ZThn16_N3vex8inertialD1Ev
                0x00000000038060b0        0x8 /Users/elliottbeeken/Library/Application Support/Code/User/globalStorage/vexrobotics.vexcode/sdk/cpp/V5/V5_20240802_15_00_00/vexv5/libv5rt.a(vex_imu.cpp.obj)
                0x00000000038060b0                non-virtual thunk to vex::inertial::~inertial()
 .text._ZN3vex8inertialD0Ev
                0x00000000038060b8       0x1c /Users/elliottbeeken/Library/Application Support/Code/User/globalStorage/vexrobotics.vexcode/sdk/cpp/V5/V5_20240802_15_00_00/vexv5/libv5rt.a(vex_imu.cpp.obj)
                0x00000000038060b8                vex::inertial::~inertial()
 .text._ZThn16_N3vex8inertialD0Ev
                0x00000000038060d4        0x8 /Users/elliottbeeken/Library/Application Support/Code/User/globalStorage/vexrobotics.vexcode/sdk/cpp/V5/V5_20240802_15_00_00/vexv5/libv5rt.a(vex_imu.cpp.obj)
                0x00000000038060d4                non-virtual thunk to vex::inertial::~inertial()
 .text._ZN3vex8inertial9installedEv
                0x00000000038060dc       0x18 /Users/elliottbeeken/Library/Application Support/Code/User/globalStorage/vexrobotics.vexcode/sdk/cpp/V5/V5_20240802_15_00_00/vexv5/libv5rt.a(vex_imu.cpp.obj)
                0x00000000038060dc                vex::inertial::installed()
 .text._ZN3vex8inertial5angleENS_13rotationUnitsE
                0x00000000038060f4       0x6c /Users/elliottbeeken/Library/Application Support/Code/User/globalStorage/vexrobotics.vexcode/sdk/cpp/V5/V5_20240802_15_00_00/vexv5/libv5rt.a(vex_imu.cpp.obj)
                0x00000000038060f4                vex::inertial::angle(vex::rotationUnits)
 .text._ZThn16_N3vex8inertial5angleENS_13rotationUnitsE
                0x0000000003806160        0x8 /Users/elliottbeeken/Library/Application Support/Code/User/globalStorage/vexrobotics.vexcode/sdk/cpp/V5/V5_20240802_15_00_00/vexv5/libv5rt.a(vex_imu.cpp.obj)
                0x0000000003806160                non-virtual thunk to vex::inertial::angle(vex::rotationUnits)
 .text._ZN3vex8inertial7headingENS_13rotationUnitsE
                0x0000000003806168        0x4 /Users/elliottbeeken/Library/Application Support/Code/User/globalStorage/vexrobotics.vexcode/sdk/cpp/V5/V5_20240802_15_00_00/vexv5/libv5rt.a(vex_imu.cpp.obj)
                0x0000000003806168                vex::inertial::heading(vex::rotationUnits)
 .text._ZThn16_N3vex8inertial7headingENS_13rotationUnitsE
                0x000000000380616c        0x8 /Users/elliottbeeken/Library/Application Support/Code/User/globalStorage/vexrobotics.vexcode/sdk/cpp/V5/V5_20240802_15_00_00/vexv5/libv5rt.a(vex_imu.cpp.obj)
                0x000000000380616c                non-virtual thunk to vex::inertial::heading(vex::rotationUnits)
 .text._ZN3vex8inertial5valueEv
                0x0000000003806174       0x1c /Users/elliottbeeken/Library/Application Support/Code/User/globalStorage/vexrobotics.vexcode/sdk/cpp/V5/V5_20240802_15_00_00/vexv5/libv5rt.a(vex_imu.cpp.obj)
                0x0000000003806174                vex::inertial::value()
 .text._ZN3vex8inertial8rotationENS_13rotationUnitsE
                0x0000000003806190       0x48 /Users/elliottbeeken/Library/Application Support/Code/User/globalStorage/vexrobotics.vexcode/sdk/cpp/V5/V5_20240802_15_00_00/vexv5/libv5rt.a(vex_imu.cpp.obj)
                0x0000000003806190                vex::inertial::rotation(vex::rotationUnits)
 .text._ZThn16_N3vex8inertial8rotationENS_13rotationUnitsE
                0x00000000038061d8        0x8 /Users/elliottbeeken/Library/Application Support/Code/User/globalStorage/vexrobotics.vexcode/sdk/cpp/V5/V5_20240802_15_00_00/vexv5/libv5rt.a(vex_imu.cpp.obj)
                0x00000000038061d8                non-virtual thunk to vex::inertial::rotation(vex::rotationUnits)
 .text._ZN3vex8inertial13isCalibratingEv
                0x00000000038061e0       0x38 /Users/elliottbeeken/Library/Application Support/Code/User/globalStorage/vexrobotics.vexcode/sdk/cpp/V5/V5_20240802_15_00_00/vexv5/libv5rt.a(vex_imu.cpp.obj)
                0x00000000038061e0                vex::inertial::isCalibrating()
 .text._ZThn16_N3vex8inertial13isCalibratingEv
                0x0000000003806218        0x8 /Users/elliottbeeken/Library/Application Support/Code/User/globalStorage/vexrobotics.vexcode/sdk/cpp/V5/V5_20240802_15_00_00/vexv5/libv5rt.a(vex_imu.cpp.obj)
                0x0000000003806218                non-virtual thunk to vex::inertial::isCalibrating()
 .text._ZN3vex8inertialC2ElNS_8turnTypeE
                0x0000000003806220       0x4c /Users/elliottbeeken/Library/Application Support/Code/User/globalStorage/vexrobotics.vexcode/sdk/cpp/V5/V5_20240802_15_00_00/vexv5/libv5rt.a(vex_imu.cpp.obj)
                0x0000000003806220                vex::inertial::inertial(long, vex::turnType)
                0x0000000003806220                vex::inertial::inertial(long, vex::turnType)
 .text._ZN3vex8inertial16startCalibrationEl
                0x000000000380626c       0x20 /Users/elliottbeeken/Library/Application Support/Code/User/globalStorage/vexrobotics.vexcode/sdk/cpp/V5/V5_20240802_15_00_00/vexv5/libv5rt.a(vex_imu.cpp.obj)
                0x000000000380626c                vex::inertial::startCalibration(long)
 .text._ZN3vex8inertial9calibrateEl
                0x000000000380628c        0xc /Users/elliottbeeken/Library/Application Support/Code/User/globalStorage/vexrobotics.vexcode/sdk/cpp/V5/V5_20240802_15_00_00/vexv5/libv5rt.a(vex_imu.cpp.obj)
                0x000000000380628c                vex::inertial::calibrate(long)
                0x0000000003806290                non-virtual thunk to vex::inertial::calibrate(long)
 .text._ZN3vex8rotationD2Ev
                0x0000000003806298       0x20 /Users/elliottbeeken/Library/Application Support/Code/User/globalStorage/vexrobotics.vexcode/sdk/cpp/V5/V5_20240802_15_00_00/vexv5/libv5rt.a(vex_rotation.cpp.obj)
                0x0000000003806298                vex::rotation::~rotation()
                0x0000000003806298                vex::rotation::~rotation()
 .text._ZN3vex8rotationD0Ev
                0x00000000038062b8       0x1c /Users/elliottbeeken/Library/Application Support/Code/User/globalStorage/vexrobotics.vexcode/sdk/cpp/V5/V5_20240802_15_00_00/vexv5/libv5rt.a(vex_rotation.cpp.obj)
                0x00000000038062b8                vex::rotation::~rotation()
 .text._ZN3vex8rotation9installedEv
                0x00000000038062d4       0x18 /Users/elliottbeeken/Library/Application Support/Code/User/globalStorage/vexrobotics.vexcode/sdk/cpp/V5/V5_20240802_15_00_00/vexv5/libv5rt.a(vex_rotation.cpp.obj)
                0x00000000038062d4                vex::rotation::installed()
 .text._ZN3vex8rotation5valueEv
                0x00000000038062ec        0x8 /Users/elliottbeeken/Library/Application Support/Code/User/globalStorage/vexrobotics.vexcode/sdk/cpp/V5/V5_20240802_15_00_00/vexv5/libv5rt.a(vex_rotation.cpp.obj)
                0x00000000038062ec                vex::rotation::value()
 .text._ZN3vex8rotationC2Elb
                0x00000000038062f4       0x30 /Users/elliottbeeken/Library/Application Support/Code/User/globalStorage/vexrobotics.vexcode/sdk/cpp/V5/V5_20240802_15_00_00/vexv5/libv5rt.a(vex_rotation.cpp.obj)
                0x00000000038062f4                vex::rotation::rotation(long, bool)
                0x00000000038062f4                vex::rotation::rotation(long, bool)
 *fill*         0x0000000003806324        0x4 
 .text._ZN3vex8rotation8positionENS_13rotationUnitsE
                0x0000000003806328       0x50 /Users/elliottbeeken/Library/Application Support/Code/User/globalStorage/vexrobotics.vexcode/sdk/cpp/V5/V5_20240802_15_00_00/vexv5/libv5rt.a(vex_rotation.cpp.obj)
                0x0000000003806328                vex::rotation::position(vex::rotationUnits)
 .text._ZN3vex7opticalD2Ev
                0x0000000003806378       0x20 /Users/elliottbeeken/Library/Application Support/Code/User/globalStorage/vexrobotics.vexcode/sdk/cpp/V5/V5_20240802_15_00_00/vexv5/libv5rt.a(vex_optical.cpp.obj)
                0x0000000003806378                vex::optical::~optical()
                0x0000000003806378                vex::optical::~optical()
 .text._ZN3vex7opticalD0Ev
                0x0000000003806398       0x1c /Users/elliottbeeken/Library/Application Support/Code/User/globalStorage/vexrobotics.vexcode/sdk/cpp/V5/V5_20240802_15_00_00/vexv5/libv5rt.a(vex_optical.cpp.obj)
                0x0000000003806398                vex::optical::~optical()
 .text._ZN3vex7optical9installedEv
                0x00000000038063b4       0x18 /Users/elliottbeeken/Library/Application Support/Code/User/globalStorage/vexrobotics.vexcode/sdk/cpp/V5/V5_20240802_15_00_00/vexv5/libv5rt.a(vex_optical.cpp.obj)
                0x00000000038063b4                vex::optical::installed()
 .text._ZN3vex7optical3hueEv
                0x00000000038063cc        0x8 /Users/elliottbeeken/Library/Application Support/Code/User/globalStorage/vexrobotics.vexcode/sdk/cpp/V5/V5_20240802_15_00_00/vexv5/libv5rt.a(vex_optical.cpp.obj)
                0x00000000038063cc                vex::optical::hue()
 .text._ZN3vex7optical5valueEv
                0x00000000038063d4       0x18 /Users/elliottbeeken/Library/Application Support/Code/User/globalStorage/vexrobotics.vexcode/sdk/cpp/V5/V5_20240802_15_00_00/vexv5/libv5rt.a(vex_optical.cpp.obj)
                0x00000000038063d4                vex::optical::value()
 .text._ZN3vex7optical12isNearObjectEv
                0x00000000038063ec       0x24 /Users/elliottbeeken/Library/Application Support/Code/User/globalStorage/vexrobotics.vexcode/sdk/cpp/V5/V5_20240802_15_00_00/vexv5/libv5rt.a(vex_optical.cpp.obj)
                0x00000000038063ec                vex::optical::isNearObject()
 .text._ZN3vex7optical13gestureEnableEv
                0x0000000003806410        0x8 /Users/elliottbeeken/Library/Application Support/Code/User/globalStorage/vexrobotics.vexcode/sdk/cpp/V5/V5_20240802_15_00_00/vexv5/libv5rt.a(vex_optical.cpp.obj)
                0x0000000003806410                vex::optical::gestureEnable()
 .text._ZN3vex7optical14gestureDisableEv
                0x0000000003806418        0x8 /Users/elliottbeeken/Library/Application Support/Code/User/globalStorage/vexrobotics.vexcode/sdk/cpp/V5/V5_20240802_15_00_00/vexv5/libv5rt.a(vex_optical.cpp.obj)
                0x0000000003806418                vex::optical::gestureDisable()
 .text._ZN3vex7opticalC2Elb
                0x0000000003806420       0x54 /Users/elliottbeeken/Library/Application Support/Code/User/globalStorage/vexrobotics.vexcode/sdk/cpp/V5/V5_20240802_15_00_00/vexv5/libv5rt.a(vex_optical.cpp.obj)
                0x0000000003806420                vex::optical::optical(long, bool)
                0x0000000003806420                vex::optical::optical(long, bool)
 .text._ZN3vex8distanceD2Ev
                0x0000000003806474       0x20 /Users/elliottbeeken/Library/Application Support/Code/User/globalStorage/vexrobotics.vexcode/sdk/cpp/V5/V5_20240802_15_00_00/vexv5/libv5rt.a(vex_distance.cpp.obj)
                0x0000000003806474                vex::distance::~distance()
                0x0000000003806474                vex::distance::~distance()
 .text._ZN3vex8distanceD0Ev
                0x0000000003806494       0x1c /Users/elliottbeeken/Library/Application Support/Code/User/globalStorage/vexrobotics.vexcode/sdk/cpp/V5/V5_20240802_15_00_00/vexv5/libv5rt.a(vex_distance.cpp.obj)
                0x0000000003806494                vex::distance::~distance()
 .text._ZN3vex8distance9installedEv
                0x00000000038064b0       0x18 /Users/elliottbeeken/Library/Application Support/Code/User/globalStorage/vexrobotics.vexcode/sdk/cpp/V5/V5_20240802_15_00_00/vexv5/libv5rt.a(vex_distance.cpp.obj)
                0x00000000038064b0                vex::distance::installed()
 .text._ZN3vex8distance5valueEv
                0x00000000038064c8        0x8 /Users/elliottbeeken/Library/Application Support/Code/User/globalStorage/vexrobotics.vexcode/sdk/cpp/V5/V5_20240802_15_00_00/vexv5/libv5rt.a(vex_distance.cpp.obj)
                0x00000000038064c8                vex::distance::value()
 .text._ZN3vex8distanceC2El
                0x00000000038064d0       0x20 /Users/elliottbeeken/Library/Application Support/Code/User/globalStorage/vexrobotics.vexcode/sdk/cpp/V5/V5_20240802_15_00_00/vexv5/libv5rt.a(vex_distance.cpp.obj)
                0x00000000038064d0                vex::distance::distance(long)
                0x00000000038064d0                vex::distance::distance(long)
 .text._ZN3vex8distance14objectDistanceENS_13distanceUnitsE
                0x00000000038064f0       0x48 /Users/elliottbeeken/Library/Application Support/Code/User/globalStorage/vexrobotics.vexcode/sdk/cpp/V5/V5_20240802_15_00_00/vexv5/libv5rt.a(vex_distance.cpp.obj)
                0x00000000038064f0                vex::distance::objectDistance(vex::distanceUnits)
 .text._ZN3vex10controllerD2Ev
                0x0000000003806538        0x4 /Users/elliottbeeken/Library/Application Support/Code/User/globalStorage/vexrobotics.vexcode/sdk/cpp/V5/V5_20240802_15_00_00/vexv5/libv5rt.a(vex_controller.cpp.obj)
                0x0000000003806538                vex::controller::~controller()
                0x0000000003806538                vex::controller::~controller()
 .text._ZN3vex10controller5valueE19_V5_ControllerIndex
                0x000000000380653c        0x8 /Users/elliottbeeken/Library/Application Support/Code/User/globalStorage/vexrobotics.vexcode/sdk/cpp/V5/V5_20240802_15_00_00/vexv5/libv5rt.a(vex_controller.cpp.obj)
                0x000000000380653c                vex::controller::value(_V5_ControllerIndex)
 .text._ZNK3vex10controller6button8pressingEv
                0x0000000003806544       0xc8 /Users/elliottbeeken/Library/Application Support/Code/User/globalStorage/vexrobotics.vexcode/sdk/cpp/V5/V5_20240802_15_00_00/vexv5/libv5rt.a(vex_controller.cpp.obj)
                0x0000000003806544                vex::controller::button::pressing() const
 .text._ZNK3vex10controller6button21_buttonToPressedEventEv
                0x000000000380660c       0x20 /Users/elliottbeeken/Library/Application Support/Code/User/globalStorage/vexrobotics.vexcode/sdk/cpp/V5/V5_20240802_15_00_00/vexv5/libv5rt.a(vex_controller.cpp.obj)
                0x000000000380660c                vex::controller::button::_buttonToPressedEvent() const
 .text._ZNK3vex10controller6button22_buttonToReleasedEventEv
                0x000000000380662c       0x20 /Users/elliottbeeken/Library/Application Support/Code/User/globalStorage/vexrobotics.vexcode/sdk/cpp/V5/V5_20240802_15_00_00/vexv5/libv5rt.a(vex_controller.cpp.obj)
                0x000000000380662c                vex::controller::button::_buttonToReleasedEvent() const
 .text._ZN3vex10controller6buttonC2ENS0_11tButtonTypeEPS0_
                0x000000000380664c       0x48 /Users/elliottbeeken/Library/Application Support/Code/User/globalStorage/vexrobotics.vexcode/sdk/cpp/V5/V5_20240802_15_00_00/vexv5/libv5rt.a(vex_controller.cpp.obj)
                0x000000000380664c                vex::controller::button::button(vex::controller::tButtonType, vex::controller*)
                0x000000000380664c                vex::controller::button::button(vex::controller::tButtonType, vex::controller*)
 .text._ZNK3vex10controller4axis5valueEv
                0x0000000003806694       0x58 /Users/elliottbeeken/Library/Application Support/Code/User/globalStorage/vexrobotics.vexcode/sdk/cpp/V5/V5_20240802_15_00_00/vexv5/libv5rt.a(vex_controller.cpp.obj)
                0x0000000003806694                vex::controller::axis::value() const
 .text._ZNK3vex10controller4axis23_joystickToChangedEventEv
                0x00000000038066ec       0x20 /Users/elliottbeeken/Library/Application Support/Code/User/globalStorage/vexrobotics.vexcode/sdk/cpp/V5/V5_20240802_15_00_00/vexv5/libv5rt.a(vex_controller.cpp.obj)
                0x00000000038066ec                vex::controller::axis::_joystickToChangedEvent() const
 .text._ZN3vex10controller4axisC2ENS0_9tAxisTypeEPS0_
                0x000000000380670c       0x2c /Users/elliottbeeken/Library/Application Support/Code/User/globalStorage/vexrobotics.vexcode/sdk/cpp/V5/V5_20240802_15_00_00/vexv5/libv5rt.a(vex_controller.cpp.obj)
                0x000000000380670c                vex::controller::axis::axis(vex::controller::tAxisType, vex::controller*)
                0x000000000380670c                vex::controller::axis::axis(vex::controller::tAxisType, vex::controller*)
 .text._ZN3vex10controllerC2ENS_14controllerTypeE
                0x0000000003806738      0x16c /Users/elliottbeeken/Library/Application Support/Code/User/globalStorage/vexrobotics.vexcode/sdk/cpp/V5/V5_20240802_15_00_00/vexv5/libv5rt.a(vex_controller.cpp.obj)
                0x0000000003806738                vex::controller::controller(vex::controllerType)
                0x0000000003806738                vex::controller::controller(vex::controllerType)
 .text._ZN3vex6threadC2EPFivE
                0x00000000038068a4       0x5c /Users/elliottbeeken/Library/Application Support/Code/User/globalStorage/vexrobotics.vexcode/sdk/cpp/V5/V5_20240802_15_00_00/vexv5/libv5rt.a(vex_thread.cpp.obj)
                0x00000000038068a4                vex::thread::thread(int (*)())
                0x00000000038068a4                vex::thread::thread(int (*)())
 .text._ZN3vex6threadD2Ev
                0x0000000003806900        0x4 /Users/elliottbeeken/Library/Application Support/Code/User/globalStorage/vexrobotics.vexcode/sdk/cpp/V5/V5_20240802_15_00_00/vexv5/libv5rt.a(vex_thread.cpp.obj)
                0x0000000003806900                vex::thread::~thread()
                0x0000000003806900                vex::thread::~thread()
 .text._ZN3vex11this_thread9sleep_forEm
                0x0000000003806904        0x4 /Users/elliottbeeken/Library/Application Support/Code/User/globalStorage/vexrobotics.vexcode/sdk/cpp/V5/V5_20240802_15_00_00/vexv5/libv5rt.a(vex_thread.cpp.obj)
                0x0000000003806904                vex::this_thread::sleep_for(unsigned long)
 .text._ZN3vex5event4initEmmPFvvE
                0x0000000003806908        0x4 /Users/elliottbeeken/Library/Application Support/Code/User/globalStorage/vexrobotics.vexcode/sdk/cpp/V5/V5_20240802_15_00_00/vexv5/libv5rt.a(vex_event.cpp.obj)
                0x0000000003806908                vex::event::init(unsigned long, unsigned long, void (*)())
 .text._ZN3vex5event4initEmmPFvPvES1_
                0x000000000380690c        0x4 /Users/elliottbeeken/Library/Application Support/Code/User/globalStorage/vexrobotics.vexcode/sdk/cpp/V5/V5_20240802_15_00_00/vexv5/libv5rt.a(vex_event.cpp.obj)
                0x000000000380690c                vex::event::init(unsigned long, unsigned long, void (*)(void*), void*)
 .text._ZN3vex5event9userindexEv
                0x0000000003806910        0x4 /Users/elliottbeeken/Library/Application Support/Code/User/globalStorage/vexrobotics.vexcode/sdk/cpp/V5/V5_20240802_15_00_00/vexv5/libv5rt.a(vex_event.cpp.obj)
                0x0000000003806910                vex::event::userindex()
 .text._ZZN3vex6meventC4EmmENUlvE_4_FUNEv
                0x0000000003806914        0x4 /Users/elliottbeeken/Library/Application Support/Code/User/globalStorage/vexrobotics.vexcode/sdk/cpp/V5/V5_20240802_15_00_00/vexv5/libv5rt.a(vex_mevent.cpp.obj)
 .text._ZN3vex6meventC2Emm
                0x0000000003806918       0x70 /Users/elliottbeeken/Library/Application Support/Code/User/globalStorage/vexrobotics.vexcode/sdk/cpp/V5/V5_20240802_15_00_00/vexv5/libv5rt.a(vex_mevent.cpp.obj)
                0x0000000003806918                vex::mevent::mevent(unsigned long, unsigned long)
                0x0000000003806918                vex::mevent::mevent(unsigned long, unsigned long)
 .text._ZN3vex5brain9_getIndexEv
                0x0000000003806988       0x10 /Users/elliottbeeken/Library/Application Support/Code/User/globalStorage/vexrobotics.vexcode/sdk/cpp/V5/V5_20240802_15_00_00/vexv5/libv5rt.a(vex_brain.cpp.obj)
                0x0000000003806988                vex::brain::_getIndex()
 .text._ZN3vex5brain5timerENS_9timeUnitsE
                0x0000000003806998        0x8 /Users/elliottbeeken/Library/Application Support/Code/User/globalStorage/vexrobotics.vexcode/sdk/cpp/V5/V5_20240802_15_00_00/vexv5/libv5rt.a(vex_brain.cpp.obj)
                0x0000000003806998                vex::brain::timer(vex::timeUnits)
 .text._ZN3vex5brain3lcd9setCursorEll
                0x00000000038069a0       0x44 /Users/elliottbeeken/Library/Application Support/Code/User/globalStorage/vexrobotics.vexcode/sdk/cpp/V5/V5_20240802_15_00_00/vexv5/libv5rt.a(vex_brain.cpp.obj)
                0x00000000038069a0                vex::brain::lcd::setCursor(long, long)
 .text._ZN3vex5brain3lcd7setFontENS_8fontTypeE
                0x00000000038069e4      0x23c /Users/elliottbeeken/Library/Application Support/Code/User/globalStorage/vexrobotics.vexcode/sdk/cpp/V5/V5_20240802_15_00_00/vexv5/libv5rt.a(vex_brain.cpp.obj)
                0x00000000038069e4                vex::brain::lcd::setFont(vex::fontType)
 .text._ZN3vex5brain3lcdC2Ev
                0x0000000003806c20       0x94 /Users/elliottbeeken/Library/Application Support/Code/User/globalStorage/vexrobotics.vexcode/sdk/cpp/V5/V5_20240802_15_00_00/vexv5/libv5rt.a(vex_brain.cpp.obj)
                0x0000000003806c20                vex::brain::lcd::lcd()
                0x0000000003806c20                vex::brain::lcd::lcd()
 .text._ZN3vex5brainC2Ev
                0x0000000003806cb4       0x3c /Users/elliottbeeken/Library/Application Support/Code/User/globalStorage/vexrobotics.vexcode/sdk/cpp/V5/V5_20240802_15_00_00/vexv5/libv5rt.a(vex_brain.cpp.obj)
                0x0000000003806cb4                vex::brain::brain()
                0x0000000003806cb4                vex::brain::brain()
 .text._ZN3vex5brain3lcd11setPenColorERKNS_5colorE
                0x0000000003806cf0       0x14 /Users/elliottbeeken/Library/Application Support/Code/User/globalStorage/vexrobotics.vexcode/sdk/cpp/V5/V5_20240802_15_00_00/vexv5/libv5rt.a(vex_brain.cpp.obj)
                0x0000000003806cf0                vex::brain::lcd::setPenColor(vex::color const&)
 .text._ZN3vex5brain3lcd12_clearScreenEm
                0x0000000003806d04       0x38 /Users/elliottbeeken/Library/Application Support/Code/User/globalStorage/vexrobotics.vexcode/sdk/cpp/V5/V5_20240802_15_00_00/vexv5/libv5rt.a(vex_brain.cpp.obj)
                0x0000000003806d04                vex::brain::lcd::_clearScreen(unsigned long)
 .text._ZN3vex5brain3lcd11clearScreenERKNS_5colorE
                0x0000000003806d3c       0x20 /Users/elliottbeeken/Library/Application Support/Code/User/globalStorage/vexrobotics.vexcode/sdk/cpp/V5/V5_20240802_15_00_00/vexv5/libv5rt.a(vex_brain.cpp.obj)
                0x0000000003806d3c                vex::brain::lcd::clearScreen(vex::color const&)
 .text._ZN3vex5brain3lcd11clearScreenEv
                0x0000000003806d5c       0x2c /Users/elliottbeeken/Library/Application Support/Code/User/globalStorage/vexrobotics.vexcode/sdk/cpp/V5/V5_20240802_15_00_00/vexv5/libv5rt.a(vex_brain.cpp.obj)
                0x0000000003806d5c                vex::brain::lcd::clearScreen()
 .text._ZN3vex5brain3lcd9drawPixelEii
                0x0000000003806d88       0x14 /Users/elliottbeeken/Library/Application Support/Code/User/globalStorage/vexrobotics.vexcode/sdk/cpp/V5/V5_20240802_15_00_00/vexv5/libv5rt.a(vex_brain.cpp.obj)
                0x0000000003806d88                vex::brain::lcd::drawPixel(int, int)
 .text._ZN3vex5brain3lcd8drawLineEiiii
                0x0000000003806d9c      0x2c4 /Users/elliottbeeken/Library/Application Support/Code/User/globalStorage/vexrobotics.vexcode/sdk/cpp/V5/V5_20240802_15_00_00/vexv5/libv5rt.a(vex_brain.cpp.obj)
                0x0000000003806d9c                vex::brain::lcd::drawLine(int, int, int, int)
 .text._ZN3vex5brain3lcd10rowToPixelEl
                0x0000000003807060       0x34 /Users/elliottbeeken/Library/Application Support/Code/User/globalStorage/vexrobotics.vexcode/sdk/cpp/V5/V5_20240802_15_00_00/vexv5/libv5rt.a(vex_brain.cpp.obj)
                0x0000000003807060                vex::brain::lcd::rowToPixel(long)
 .text._ZN3vex5brain3lcd5printEPKcz
                0x0000000003807094       0xb8 /Users/elliottbeeken/Library/Application Support/Code/User/globalStorage/vexrobotics.vexcode/sdk/cpp/V5/V5_20240802_15_00_00/vexv5/libv5rt.a(vex_brain.cpp.obj)
                0x0000000003807094                vex::brain::lcd::print(char const*, ...)
 .text._ZN3vex5brainD2Ev
                0x000000000380714c       0x20 /Users/elliottbeeken/Library/Application Support/Code/User/globalStorage/vexrobotics.vexcode/sdk/cpp/V5/V5_20240802_15_00_00/vexv5/libv5rt.a(vex_brain.cpp.obj)
                0x000000000380714c                vex::brain::~brain()
                0x000000000380714c                vex::brain::~brain()
 .text._ZN3vex11competition8_disableEPv
                0x000000000380716c       0xa4 /Users/elliottbeeken/Library/Application Support/Code/User/globalStorage/vexrobotics.vexcode/sdk/cpp/V5/V5_20240802_15_00_00/vexv5/libv5rt.a(vex_competition.cpp.obj)
                0x000000000380716c                vex::competition::_disable(void*)
 .text._ZN3vex11competition11_autonomousEv
                0x0000000003807210       0x80 /Users/elliottbeeken/Library/Application Support/Code/User/globalStorage/vexrobotics.vexcode/sdk/cpp/V5/V5_20240802_15_00_00/vexv5/libv5rt.a(vex_competition.cpp.obj)
                0x0000000003807210                vex::competition::_autonomous()
 .text._ZN3vex11competition14_drivercontrolEv
                0x0000000003807290       0x80 /Users/elliottbeeken/Library/Application Support/Code/User/globalStorage/vexrobotics.vexcode/sdk/cpp/V5/V5_20240802_15_00_00/vexv5/libv5rt.a(vex_competition.cpp.obj)
                0x0000000003807290                vex::competition::_drivercontrol()
 .text._ZN3vex11competitionC2Ev
                0x0000000003807310      0x13c /Users/elliottbeeken/Library/Application Support/Code/User/globalStorage/vexrobotics.vexcode/sdk/cpp/V5/V5_20240802_15_00_00/vexv5/libv5rt.a(vex_competition.cpp.obj)
                0x0000000003807310                vex::competition::competition()
                0x0000000003807310                vex::competition::competition()
 .text._ZN3vex11competitionD2Ev
                0x000000000380744c        0x4 /Users/elliottbeeken/Library/Application Support/Code/User/globalStorage/vexrobotics.vexcode/sdk/cpp/V5/V5_20240802_15_00_00/vexv5/libv5rt.a(vex_competition.cpp.obj)
                0x000000000380744c                vex::competition::~competition()
                0x000000000380744c                vex::competition::~competition()
 .text._ZN3vex11competition10autonomousEPFvvE
                0x0000000003807450       0x44 /Users/elliottbeeken/Library/Application Support/Code/User/globalStorage/vexrobotics.vexcode/sdk/cpp/V5/V5_20240802_15_00_00/vexv5/libv5rt.a(vex_competition.cpp.obj)
                0x0000000003807450                vex::competition::autonomous(void (*)())
 .text._ZN3vex11competition13drivercontrolEPFvvE
                0x0000000003807494       0x44 /Users/elliottbeeken/Library/Application Support/Code/User/globalStorage/vexrobotics.vexcode/sdk/cpp/V5/V5_20240802_15_00_00/vexv5/libv5rt.a(vex_competition.cpp.obj)
                0x0000000003807494                vex::competition::drivercontrol(void (*)())
 .text._ZN3vex7triportD2Ev
                0x00000000038074d8       0x38 /Users/elliottbeeken/Library/Application Support/Code/User/globalStorage/vexrobotics.vexcode/sdk/cpp/V5/V5_20240802_15_00_00/vexv5/libv5rt.a(vex_triport.cpp.obj)
                0x00000000038074d8                vex::triport::~triport()
                0x00000000038074d8                vex::triport::~triport()
 .text._ZN3vex7triportD0Ev
                0x0000000003807510       0x1c /Users/elliottbeeken/Library/Application Support/Code/User/globalStorage/vexrobotics.vexcode/sdk/cpp/V5/V5_20240802_15_00_00/vexv5/libv5rt.a(vex_triport.cpp.obj)
                0x0000000003807510                vex::triport::~triport()
 .text._ZN3vex7triport9installedEv
                0x000000000380752c       0x18 /Users/elliottbeeken/Library/Application Support/Code/User/globalStorage/vexrobotics.vexcode/sdk/cpp/V5/V5_20240802_15_00_00/vexv5/libv5rt.a(vex_triport.cpp.obj)
                0x000000000380752c                vex::triport::installed()
 .text._ZN3vex7triport4portC2ElPS0_
                0x0000000003807544       0x74 /Users/elliottbeeken/Library/Application Support/Code/User/globalStorage/vexrobotics.vexcode/sdk/cpp/V5/V5_20240802_15_00_00/vexv5/libv5rt.a(vex_triport.cpp.obj)
                0x0000000003807544                vex::triport::port::port(long, vex::triport*)
                0x0000000003807544                vex::triport::port::port(long, vex::triport*)
 .text._ZN3vex7triportC2El
                0x00000000038075b8       0xf0 /Users/elliottbeeken/Library/Application Support/Code/User/globalStorage/vexrobotics.vexcode/sdk/cpp/V5/V5_20240802_15_00_00/vexv5/libv5rt.a(vex_triport.cpp.obj)
                0x00000000038075b8                vex::triport::triport(long)
                0x00000000038075b8                vex::triport::triport(long)
 .text._ZN3vex7triport4port4typeENS_11triportTypeE
                0x00000000038076a8       0x30 /Users/elliottbeeken/Library/Application Support/Code/User/globalStorage/vexrobotics.vexcode/sdk/cpp/V5/V5_20240802_15_00_00/vexv5/libv5rt.a(vex_triport.cpp.obj)
                0x00000000038076a8                vex::triport::port::type(vex::triportType)
 .text._ZN3vex7triport4port4typeEv
                0x00000000038076d8       0x38 /Users/elliottbeeken/Library/Application Support/Code/User/globalStorage/vexrobotics.vexcode/sdk/cpp/V5/V5_20240802_15_00_00/vexv5/libv5rt.a(vex_triport.cpp.obj)
                0x00000000038076d8                vex::triport::port::type()
 .text._ZN3vex7triport4port5valueEl
                0x0000000003807710       0x18 /Users/elliottbeeken/Library/Application Support/Code/User/globalStorage/vexrobotics.vexcode/sdk/cpp/V5/V5_20240802_15_00_00/vexv5/libv5rt.a(vex_triport.cpp.obj)
                0x0000000003807710                vex::triport::port::value(long)
 .text._ZN3vex11__trideviceC2ERNS_7triport4portENS_11triportTypeE
                0x0000000003807728       0x5c /Users/elliottbeeken/Library/Application Support/Code/User/globalStorage/vexrobotics.vexcode/sdk/cpp/V5/V5_20240802_15_00_00/vexv5/libv5rt.a(vex_triport.cpp.obj)
                0x0000000003807728                vex::__tridevice::__tridevice(vex::triport::port&, vex::triportType)
                0x0000000003807728                vex::__tridevice::__tridevice(vex::triport::port&, vex::triportType)
 .text._ZN3vex11digital_outC2ERNS_7triport4portE
                0x0000000003807784       0x18 /Users/elliottbeeken/Library/Application Support/Code/User/globalStorage/vexrobotics.vexcode/sdk/cpp/V5/V5_20240802_15_00_00/vexv5/libv5rt.a(vex_triport.cpp.obj)
                0x0000000003807784                vex::digital_out::digital_out(vex::triport::port&)
                0x0000000003807784                vex::digital_out::digital_out(vex::triport::port&)
 .text._ZN3vex11digital_outD2Ev
                0x000000000380779c        0x4 /Users/elliottbeeken/Library/Application Support/Code/User/globalStorage/vexrobotics.vexcode/sdk/cpp/V5/V5_20240802_15_00_00/vexv5/libv5rt.a(vex_triport.cpp.obj)
                0x000000000380779c                vex::digital_out::~digital_out()
                0x000000000380779c                vex::digital_out::~digital_out()
 .text._ZN3vex11digital_out3setEb
                0x00000000038077a0        0x8 /Users/elliottbeeken/Library/Application Support/Code/User/globalStorage/vexrobotics.vexcode/sdk/cpp/V5/V5_20240802_15_00_00/vexv5/libv5rt.a(vex_triport.cpp.obj)
                0x00000000038077a0                vex::digital_out::set(bool)
 .text._ZN3vex5colorD2Ev
                0x00000000038077a8        0x4 /Users/elliottbeeken/Library/Application Support/Code/User/globalStorage/vexrobotics.vexcode/sdk/cpp/V5/V5_20240802_15_00_00/vexv5/libv5rt.a(vex_color.cpp.obj)
                0x00000000038077a8                vex::color::~color()
                0x00000000038077a8                vex::color::~color()
 .text._ZNK3vex5colorcvmEv
                0x00000000038077ac        0x8 /Users/elliottbeeken/Library/Application Support/Code/User/globalStorage/vexrobotics.vexcode/sdk/cpp/V5/V5_20240802_15_00_00/vexv5/libv5rt.a(vex_color.cpp.obj)
                0x00000000038077ac                vex::color::operator unsigned long() const
 .text.startup._GLOBAL__sub_I__ZN3vex5color5blackE
                0x00000000038077b4      0x164 /Users/elliottbeeken/Library/Application Support/Code/User/globalStorage/vexrobotics.vexcode/sdk/cpp/V5/V5_20240802_15_00_00/vexv5/libv5rt.a(vex_color.cpp.obj)
 .text._ZN3vex5timerD2Ev
                0x0000000003807918        0x4 /Users/elliottbeeken/Library/Application Support/Code/User/globalStorage/vexrobotics.vexcode/sdk/cpp/V5/V5_20240802_15_00_00/vexv5/libv5rt.a(vex_timer.cpp.obj)
                0x0000000003807918                vex::timer::~timer()
                0x0000000003807918                vex::timer::~timer()
 .text._ZN3vex5timer5clearEv
                0x000000000380791c       0x1c /Users/elliottbeeken/Library/Application Support/Code/User/globalStorage/vexrobotics.vexcode/sdk/cpp/V5/V5_20240802_15_00_00/vexv5/libv5rt.a(vex_timer.cpp.obj)
                0x000000000380791c                vex::timer::clear()
 .text._ZN3vex5timerC2Ev
                0x0000000003807938       0x14 /Users/elliottbeeken/Library/Application Support/Code/User/globalStorage/vexrobotics.vexcode/sdk/cpp/V5/V5_20240802_15_00_00/vexv5/libv5rt.a(vex_timer.cpp.obj)
                0x0000000003807938                vex::timer::timer()
                0x0000000003807938                vex::timer::timer()
 *fill*         0x000000000380794c        0x4 
 .text._ZNK3vex5timer4timeENS_9timeUnitsE
                0x0000000003807950       0x40 /Users/elliottbeeken/Library/Application Support/Code/User/globalStorage/vexrobotics.vexcode/sdk/cpp/V5/V5_20240802_15_00_00/vexv5/libv5rt.a(vex_timer.cpp.obj)
                0x0000000003807950                vex::timer::time(vex::timeUnits) const
 .text._ZN3vex11motor_group18motor_group_motorsC2Ev
                0x0000000003807990       0x28 /Users/elliottbeeken/Library/Application Support/Code/User/globalStorage/vexrobotics.vexcode/sdk/cpp/V5/V5_20240802_15_00_00/vexv5/libv5rt.a(vex_motorgroup.cpp.obj)
                0x0000000003807990                vex::motor_group::motor_group_motors::motor_group_motors()
                0x0000000003807990                vex::motor_group::motor_group_motors::motor_group_motors()
 .text._ZN3vex11motor_groupC2Ev
                0x00000000038079b8       0x1c /Users/elliottbeeken/Library/Application Support/Code/User/globalStorage/vexrobotics.vexcode/sdk/cpp/V5/V5_20240802_15_00_00/vexv5/libv5rt.a(vex_motorgroup.cpp.obj)
                0x00000000038079b8                vex::motor_group::motor_group()
                0x00000000038079b8                vex::motor_group::motor_group()
 .text._ZN3vex11motor_groupD2Ev
                0x00000000038079d4        0x4 /Users/elliottbeeken/Library/Application Support/Code/User/globalStorage/vexrobotics.vexcode/sdk/cpp/V5/V5_20240802_15_00_00/vexv5/libv5rt.a(vex_motorgroup.cpp.obj)
                0x00000000038079d4                vex::motor_group::~motor_group()
                0x00000000038079d4                vex::motor_group::~motor_group()
 .text._ZN3vex11motor_group9_addMotorERNS_5motorE
                0x00000000038079d8       0x20 /Users/elliottbeeken/Library/Application Support/Code/User/globalStorage/vexrobotics.vexcode/sdk/cpp/V5/V5_20240802_15_00_00/vexv5/libv5rt.a(vex_motorgroup.cpp.obj)
                0x00000000038079d8                vex::motor_group::_addMotor(vex::motor&)
 .text._ZN3vex11motor_group11setPositionEdNS_13rotationUnitsE
                0x00000000038079f8       0x4c /Users/elliottbeeken/Library/Application Support/Code/User/globalStorage/vexrobotics.vexcode/sdk/cpp/V5/V5_20240802_15_00_00/vexv5/libv5rt.a(vex_motorgroup.cpp.obj)
                0x00000000038079f8                vex::motor_group::setPosition(double, vex::rotationUnits)
 .text._ZN3vex11motor_group4spinENS_13directionTypeEdNS_12voltageUnitsE
                0x0000000003807a44       0x54 /Users/elliottbeeken/Library/Application Support/Code/User/globalStorage/vexrobotics.vexcode/sdk/cpp/V5/V5_20240802_15_00_00/vexv5/libv5rt.a(vex_motorgroup.cpp.obj)
                0x0000000003807a44                vex::motor_group::spin(vex::directionType, double, vex::voltageUnits)
 .text._ZN3vex11motor_group4stopENS_9brakeTypeE
                0x0000000003807a98       0x38 /Users/elliottbeeken/Library/Application Support/Code/User/globalStorage/vexrobotics.vexcode/sdk/cpp/V5/V5_20240802_15_00_00/vexv5/libv5rt.a(vex_motorgroup.cpp.obj)
                0x0000000003807a98                vex::motor_group::stop(vex::brakeType)
 .text._ZN3vex11motor_group8velocityENS_13velocityUnitsE
                0x0000000003807ad0        0xc /Users/elliottbeeken/Library/Application Support/Code/User/globalStorage/vexrobotics.vexcode/sdk/cpp/V5/V5_20240802_15_00_00/vexv5/libv5rt.a(vex_motorgroup.cpp.obj)
                0x0000000003807ad0                vex::motor_group::velocity(vex::velocityUnits)
 .text.vexAdiPortConfigSet
                0x0000000003807adc       0x28 /Users/elliottbeeken/Library/Application Support/Code/User/globalStorage/vexrobotics.vexcode/sdk/cpp/V5/V5_20240802_15_00_00/vexv5/libv5rt.a(v5_apiuser.c.obj)
                0x0000000003807adc                vexAdiPortConfigSet
 .text.vexAdiPortConfigGet
                0x0000000003807b04       0x28 /Users/elliottbeeken/Library/Application Support/Code/User/globalStorage/vexrobotics.vexcode/sdk/cpp/V5/V5_20240802_15_00_00/vexv5/libv5rt.a(v5_apiuser.c.obj)
                0x0000000003807b04                vexAdiPortConfigGet
 .text.vexAdiValueSet
                0x0000000003807b2c       0x28 /Users/elliottbeeken/Library/Application Support/Code/User/globalStorage/vexrobotics.vexcode/sdk/cpp/V5/V5_20240802_15_00_00/vexv5/libv5rt.a(v5_apiuser.c.obj)
                0x0000000003807b2c                vexAdiValueSet
 .text.vexMotorVelocitySet
                0x0000000003807b54       0x20 /Users/elliottbeeken/Library/Application Support/Code/User/globalStorage/vexrobotics.vexcode/sdk/cpp/V5/V5_20240802_15_00_00/vexv5/libv5rt.a(v5_apiuser.c.obj)
                0x0000000003807b54                vexMotorVelocitySet
 .text.vexMotorVoltageSet
                0x0000000003807b74       0x20 /Users/elliottbeeken/Library/Application Support/Code/User/globalStorage/vexrobotics.vexcode/sdk/cpp/V5/V5_20240802_15_00_00/vexv5/libv5rt.a(v5_apiuser.c.obj)
                0x0000000003807b74                vexMotorVoltageSet
 .text.vexMotorActualVelocityGet
                0x0000000003807b94       0x24 /Users/elliottbeeken/Library/Application Support/Code/User/globalStorage/vexrobotics.vexcode/sdk/cpp/V5/V5_20240802_15_00_00/vexv5/libv5rt.a(v5_apiuser.c.obj)
                0x0000000003807b94                vexMotorActualVelocityGet
 .text.vexMotorReverseFlagSet
                0x0000000003807bb8       0x20 /Users/elliottbeeken/Library/Application Support/Code/User/globalStorage/vexrobotics.vexcode/sdk/cpp/V5/V5_20240802_15_00_00/vexv5/libv5rt.a(v5_apiuser.c.obj)
                0x0000000003807bb8                vexMotorReverseFlagSet
 .text.vexMotorEncoderUnitsSet
                0x0000000003807bd8       0x20 /Users/elliottbeeken/Library/Application Support/Code/User/globalStorage/vexrobotics.vexcode/sdk/cpp/V5/V5_20240802_15_00_00/vexv5/libv5rt.a(v5_apiuser.c.obj)
                0x0000000003807bd8                vexMotorEncoderUnitsSet
 .text.vexMotorBrakeModeSet
                0x0000000003807bf8       0x20 /Users/elliottbeeken/Library/Application Support/Code/User/globalStorage/vexrobotics.vexcode/sdk/cpp/V5/V5_20240802_15_00_00/vexv5/libv5rt.a(v5_apiuser.c.obj)
                0x0000000003807bf8                vexMotorBrakeModeSet
 .text.vexMotorPositionSet
                0x0000000003807c18       0x28 /Users/elliottbeeken/Library/Application Support/Code/User/globalStorage/vexrobotics.vexcode/sdk/cpp/V5/V5_20240802_15_00_00/vexv5/libv5rt.a(v5_apiuser.c.obj)
                0x0000000003807c18                vexMotorPositionSet
 .text.vexMotorPositionGet
                0x0000000003807c40       0x24 /Users/elliottbeeken/Library/Application Support/Code/User/globalStorage/vexrobotics.vexcode/sdk/cpp/V5/V5_20240802_15_00_00/vexv5/libv5rt.a(v5_apiuser.c.obj)
                0x0000000003807c40                vexMotorPositionGet
 .text.vexMotorGearingSet
                0x0000000003807c64       0x20 /Users/elliottbeeken/Library/Application Support/Code/User/globalStorage/vexrobotics.vexcode/sdk/cpp/V5/V5_20240802_15_00_00/vexv5/libv5rt.a(v5_apiuser.c.obj)
                0x0000000003807c64                vexMotorGearingSet
 .text.vexMotorGearingGet
                0x0000000003807c84       0x18 /Users/elliottbeeken/Library/Application Support/Code/User/globalStorage/vexrobotics.vexcode/sdk/cpp/V5/V5_20240802_15_00_00/vexv5/libv5rt.a(v5_apiuser.c.obj)
                0x0000000003807c84                vexMotorGearingGet
 .text.vexImuReset
                0x0000000003807c9c       0x10 /Users/elliottbeeken/Library/Application Support/Code/User/globalStorage/vexrobotics.vexcode/sdk/cpp/V5/V5_20240802_15_00_00/vexv5/libv5rt.a(v5_apiuser.c.obj)
                0x0000000003807c9c                vexImuReset
 .text.vexImuHeadingGet
                0x0000000003807cac       0x10 /Users/elliottbeeken/Library/Application Support/Code/User/globalStorage/vexrobotics.vexcode/sdk/cpp/V5/V5_20240802_15_00_00/vexv5/libv5rt.a(v5_apiuser.c.obj)
                0x0000000003807cac                vexImuHeadingGet
 .text.vexImuDegreesGet
                0x0000000003807cbc       0x10 /Users/elliottbeeken/Library/Application Support/Code/User/globalStorage/vexrobotics.vexcode/sdk/cpp/V5/V5_20240802_15_00_00/vexv5/libv5rt.a(v5_apiuser.c.obj)
                0x0000000003807cbc                vexImuDegreesGet
 .text.vexImuStatusGet
                0x0000000003807ccc       0x10 /Users/elliottbeeken/Library/Application Support/Code/User/globalStorage/vexrobotics.vexcode/sdk/cpp/V5/V5_20240802_15_00_00/vexv5/libv5rt.a(v5_apiuser.c.obj)
                0x0000000003807ccc                vexImuStatusGet
 .text.vexAbsEncPositionGet
                0x0000000003807cdc       0x10 /Users/elliottbeeken/Library/Application Support/Code/User/globalStorage/vexrobotics.vexcode/sdk/cpp/V5/V5_20240802_15_00_00/vexv5/libv5rt.a(v5_apiuser.c.obj)
                0x0000000003807cdc                vexAbsEncPositionGet
 .text.vexAbsEncAngleGet
                0x0000000003807cec       0x10 /Users/elliottbeeken/Library/Application Support/Code/User/globalStorage/vexrobotics.vexcode/sdk/cpp/V5/V5_20240802_15_00_00/vexv5/libv5rt.a(v5_apiuser.c.obj)
                0x0000000003807cec                vexAbsEncAngleGet
 .text.vexAbsEncReverseFlagSet
                0x0000000003807cfc       0x18 /Users/elliottbeeken/Library/Application Support/Code/User/globalStorage/vexrobotics.vexcode/sdk/cpp/V5/V5_20240802_15_00_00/vexv5/libv5rt.a(v5_apiuser.c.obj)
                0x0000000003807cfc                vexAbsEncReverseFlagSet
 .text.vexOpticalHueGet
                0x0000000003807d14       0x10 /Users/elliottbeeken/Library/Application Support/Code/User/globalStorage/vexrobotics.vexcode/sdk/cpp/V5/V5_20240802_15_00_00/vexv5/libv5rt.a(v5_apiuser.c.obj)
                0x0000000003807d14                vexOpticalHueGet
 .text.vexOpticalProximityGet
                0x0000000003807d24       0x10 /Users/elliottbeeken/Library/Application Support/Code/User/globalStorage/vexrobotics.vexcode/sdk/cpp/V5/V5_20240802_15_00_00/vexv5/libv5rt.a(v5_apiuser.c.obj)
                0x0000000003807d24                vexOpticalProximityGet
 .text.vexOpticalGestureEnable
                0x0000000003807d34       0x10 /Users/elliottbeeken/Library/Application Support/Code/User/globalStorage/vexrobotics.vexcode/sdk/cpp/V5/V5_20240802_15_00_00/vexv5/libv5rt.a(v5_apiuser.c.obj)
                0x0000000003807d34                vexOpticalGestureEnable
 .text.vexOpticalGestureDisable
                0x0000000003807d44       0x10 /Users/elliottbeeken/Library/Application Support/Code/User/globalStorage/vexrobotics.vexcode/sdk/cpp/V5/V5_20240802_15_00_00/vexv5/libv5rt.a(v5_apiuser.c.obj)
                0x0000000003807d44                vexOpticalGestureDisable
 .text.vexOpticalProximityThreshold
                0x0000000003807d54       0x18 /Users/elliottbeeken/Library/Application Support/Code/User/globalStorage/vexrobotics.vexcode/sdk/cpp/V5/V5_20240802_15_00_00/vexv5/libv5rt.a(v5_apiuser.c.obj)
                0x0000000003807d54                vexOpticalProximityThreshold
 .text.vexDistanceDistanceGet
                0x0000000003807d6c       0x10 /Users/elliottbeeken/Library/Application Support/Code/User/globalStorage/vexrobotics.vexcode/sdk/cpp/V5/V5_20240802_15_00_00/vexv5/libv5rt.a(v5_apiuser.c.obj)
                0x0000000003807d6c                vexDistanceDistanceGet
 .text.vexEventMaskSet
                0x0000000003807d7c       0x28 /Users/elliottbeeken/Library/Application Support/Code/User/globalStorage/vexrobotics.vexcode/sdk/cpp/V5/V5_20240802_15_00_00/vexv5/libv5rt.a(v5_apiuser.c.obj)
                0x0000000003807d7c                vexEventMaskSet
 .text.vexEventMaskGet
                0x0000000003807da4       0x18 /Users/elliottbeeken/Library/Application Support/Code/User/globalStorage/vexrobotics.vexcode/sdk/cpp/V5/V5_20240802_15_00_00/vexv5/libv5rt.a(v5_apiuser.c.obj)
                0x0000000003807da4                vexEventMaskGet
 .text._ZN3vex6deviceD2Ev
                0x0000000003807dbc        0x4 /Users/elliottbeeken/Library/Application Support/Code/User/globalStorage/vexrobotics.vexcode/sdk/cpp/V5/V5_20240802_15_00_00/vexv5/libv5rt.a(vex_device.cpp.obj)
                0x0000000003807dbc                vex::device::~device()
                0x0000000003807dbc                vex::device::~device()
 .text._ZN3vex6device5valueEv
                0x0000000003807dc0        0x8 /Users/elliottbeeken/Library/Application Support/Code/User/globalStorage/vexrobotics.vexcode/sdk/cpp/V5/V5_20240802_15_00_00/vexv5/libv5rt.a(vex_device.cpp.obj)
                0x0000000003807dc0                vex::device::value()
 .text._ZN3vex6deviceD0Ev
                0x0000000003807dc8       0x14 /Users/elliottbeeken/Library/Application Support/Code/User/globalStorage/vexrobotics.vexcode/sdk/cpp/V5/V5_20240802_15_00_00/vexv5/libv5rt.a(vex_device.cpp.obj)
                0x0000000003807dc8                vex::device::~device()
 .text._ZN3vex6device4initEl
                0x0000000003807ddc       0x30 /Users/elliottbeeken/Library/Application Support/Code/User/globalStorage/vexrobotics.vexcode/sdk/cpp/V5/V5_20240802_15_00_00/vexv5/libv5rt.a(vex_device.cpp.obj)
                0x0000000003807ddc                vex::device::init(long)
 .text._ZN3vex6deviceC2El
                0x0000000003807e0c       0x20 /Users/elliottbeeken/Library/Application Support/Code/User/globalStorage/vexrobotics.vexcode/sdk/cpp/V5/V5_20240802_15_00_00/vexv5/libv5rt.a(vex_device.cpp.obj)
                0x0000000003807e0c                vex::device::device(long)
                0x0000000003807e0c                vex::device::device(long)
 .text._ZN3vex6device4typeEv
                0x0000000003807e2c       0x10 /Users/elliottbeeken/Library/Application Support/Code/User/globalStorage/vexrobotics.vexcode/sdk/cpp/V5/V5_20240802_15_00_00/vexv5/libv5rt.a(vex_device.cpp.obj)
                0x0000000003807e2c                vex::device::type()
 .text._ZN3vex6device9installedEv
                0x0000000003807e3c       0x14 /Users/elliottbeeken/Library/Application Support/Code/User/globalStorage/vexrobotics.vexcode/sdk/cpp/V5/V5_20240802_15_00_00/vexv5/libv5rt.a(vex_device.cpp.obj)
                0x0000000003807e3c                vex::device::installed()
 .text._ZN3vex4taskC2EPFivE
                0x0000000003807e50       0x5c /Users/elliottbeeken/Library/Application Support/Code/User/globalStorage/vexrobotics.vexcode/sdk/cpp/V5/V5_20240802_15_00_00/vexv5/libv5rt.a(vex_task.cpp.obj)
                0x0000000003807e50                vex::task::task(int (*)())
                0x0000000003807e50                vex::task::task(int (*)())
 .text._ZN3vex4taskD2Ev
                0x0000000003807eac        0x4 /Users/elliottbeeken/Library/Application Support/Code/User/globalStorage/vexrobotics.vexcode/sdk/cpp/V5/V5_20240802_15_00_00/vexv5/libv5rt.a(vex_task.cpp.obj)
                0x0000000003807eac                vex::task::~task()
                0x0000000003807eac                vex::task::~task()
 .text._ZN3vex4task4stopEPvi
                0x0000000003807eb0       0x1c /Users/elliottbeeken/Library/Application Support/Code/User/globalStorage/vexrobotics.vexcode/sdk/cpp/V5/V5_20240802_15_00_00/vexv5/libv5rt.a(vex_task.cpp.obj)
                0x0000000003807eb0                vex::task::stop(void*, int)
 .text._ZN3vex4task6_indexEPFivE
                0x0000000003807ecc       0x14 /Users/elliottbeeken/Library/Application Support/Code/User/globalStorage/vexrobotics.vexcode/sdk/cpp/V5/V5_20240802_15_00_00/vexv5/libv5rt.a(vex_task.cpp.obj)
                0x0000000003807ecc                vex::task::_index(int (*)())
 .text._ZN3vex4task8_stopAllEv
                0x0000000003807ee0       0x3c /Users/elliottbeeken/Library/Application Support/Code/User/globalStorage/vexrobotics.vexcode/sdk/cpp/V5/V5_20240802_15_00_00/vexv5/libv5rt.a(vex_task.cpp.obj)
                0x0000000003807ee0                vex::task::_stopAll()
 .text.__libc_fini_array
                0x0000000003807f1c       0x30 /Users/elliottbeeken/Library/Application Support/Code/User/globalStorage/vexrobotics.vexcode/sdk/cpp/V5/V5_20240802_15_00_00/vexv5/gcc/libs/libc.a(lib_a-fini.o)
                0x0000000003807f1c                __libc_fini_array
 .text.__libc_init_array
                0x0000000003807f4c       0x58 /Users/elliottbeeken/Library/Application Support/Code/User/globalStorage/vexrobotics.vexcode/sdk/cpp/V5/V5_20240802_15_00_00/vexv5/gcc/libs/libc.a(lib_a-init.o)
                0x0000000003807f4c                __libc_init_array
 .text.hypot    0x0000000003807fa4       0xb4 /Users/elliottbeeken/Library/Application Support/Code/User/globalStorage/vexrobotics.vexcode/sdk/cpp/V5/V5_20240802_15_00_00/vexv5/gcc/libs/libm.a(lib_a-w_hypot.o)
                0x0000000003807fa4                hypot
 .text.__ieee754_hypot
                0x0000000003808058      0x198 /Users/elliottbeeken/Library/Application Support/Code/User/globalStorage/vexrobotics.vexcode/sdk/cpp/V5/V5_20240802_15_00_00/vexv5/gcc/libs/libm.a(lib_a-e_hypot.o)
                0x0000000003808058                __ieee754_hypot
 .text.__ieee754_hypot.__stub
                0x00000000038081f0       0x18 linker stubs
 *(.gnu.linkonce.t.*)
 *(.plt)
 *(.gnu_warning)
 *(.gcc_except_table)
 *(.glue_7)
 .glue_7        0x0000000003808208        0x0 linker stubs
 *(.glue_7t)
 .glue_7t       0x0000000003808208        0x0 linker stubs
 *(.vfp11_veneer)
 .vfp11_veneer  0x0000000003808208        0x0 linker stubs
 *(.ARM.extab)
 *(.gnu.linkonce.armextab.*)

.v4_bx          0x0000000003808208        0x0
 .v4_bx         0x0000000003808208        0x0 linker stubs

.iplt           0x0000000003808208        0x0
 .iplt          0x0000000003808208        0x0 build/src/main.o

.init
 *(.init)

.fini
 *(.fini)

.rodata         0x0000000003808208      0x2a0
                0x0000000003808208                __rodata_start = .
 *(.rodata)
 *(.rodata.*)
 .rodata.str1.1
                0x0000000003808208       0x49 build/src/motor-control.o
 .rodata.str1.1
                0x0000000003808251        0x5 build/custom/src/user.o
 .rodata.str1.1
                0x0000000003808256       0x2e /Users/elliottbeeken/Library/Application Support/Code/User/globalStorage/vexrobotics.vexcode/sdk/cpp/V5/V5_20240802_15_00_00/vexv5/libv5rt.a(v5_startup.c.obj)
 .rodata._ZN3vex6PORT20E